Archive member included to satisfy reference by file (symbol)

c:/program files/st/stm32cubeide_1.9.0/stm32cubeide/plugins/com.st.stm32cube.ide.mcu.externaltools.gnu-tools-for-stm32.10.3-2021.10.win32_1.0.0.202111181127/tools/bin/../lib/gcc/arm-none-eabi/10.3.1/../../../../arm-none-eabi/lib/thumb/v7e-m+fp/hard\libc_nano.a(lib_a-errno.o)
                              ./Core/Src/syscalls.o (__errno)
c:/program files/st/stm32cubeide_1.9.0/stm32cubeide/plugins/com.st.stm32cube.ide.mcu.externaltools.gnu-tools-for-stm32.10.3-2021.10.win32_1.0.0.202111181127/tools/bin/../lib/gcc/arm-none-eabi/10.3.1/../../../../arm-none-eabi/lib/thumb/v7e-m+fp/hard\libc_nano.a(lib_a-exit.o)
                              c:/program files/st/stm32cubeide_1.9.0/stm32cubeide/plugins/com.st.stm32cube.ide.mcu.externaltools.gnu-tools-for-stm32.10.3-2021.10.win32_1.0.0.202111181127/tools/bin/../lib/gcc/arm-none-eabi/10.3.1/../../../../arm-none-eabi/lib/thumb/v7e-m+fp/hard/crt0.o (exit)
c:/program files/st/stm32cubeide_1.9.0/stm32cubeide/plugins/com.st.stm32cube.ide.mcu.externaltools.gnu-tools-for-stm32.10.3-2021.10.win32_1.0.0.202111181127/tools/bin/../lib/gcc/arm-none-eabi/10.3.1/../../../../arm-none-eabi/lib/thumb/v7e-m+fp/hard\libc_nano.a(lib_a-impure.o)
                              c:/program files/st/stm32cubeide_1.9.0/stm32cubeide/plugins/com.st.stm32cube.ide.mcu.externaltools.gnu-tools-for-stm32.10.3-2021.10.win32_1.0.0.202111181127/tools/bin/../lib/gcc/arm-none-eabi/10.3.1/../../../../arm-none-eabi/lib/thumb/v7e-m+fp/hard\libc_nano.a(lib_a-exit.o) (_global_impure_ptr)
c:/program files/st/stm32cubeide_1.9.0/stm32cubeide/plugins/com.st.stm32cube.ide.mcu.externaltools.gnu-tools-for-stm32.10.3-2021.10.win32_1.0.0.202111181127/tools/bin/../lib/gcc/arm-none-eabi/10.3.1/../../../../arm-none-eabi/lib/thumb/v7e-m+fp/hard\libc_nano.a(lib_a-init.o)
                              c:/program files/st/stm32cubeide_1.9.0/stm32cubeide/plugins/com.st.stm32cube.ide.mcu.externaltools.gnu-tools-for-stm32.10.3-2021.10.win32_1.0.0.202111181127/tools/bin/../lib/gcc/arm-none-eabi/10.3.1/../../../../arm-none-eabi/lib/thumb/v7e-m+fp/hard/crt0.o (__libc_init_array)
c:/program files/st/stm32cubeide_1.9.0/stm32cubeide/plugins/com.st.stm32cube.ide.mcu.externaltools.gnu-tools-for-stm32.10.3-2021.10.win32_1.0.0.202111181127/tools/bin/../lib/gcc/arm-none-eabi/10.3.1/../../../../arm-none-eabi/lib/thumb/v7e-m+fp/hard\libc_nano.a(lib_a-memset.o)
                              c:/program files/st/stm32cubeide_1.9.0/stm32cubeide/plugins/com.st.stm32cube.ide.mcu.externaltools.gnu-tools-for-stm32.10.3-2021.10.win32_1.0.0.202111181127/tools/bin/../lib/gcc/arm-none-eabi/10.3.1/../../../../arm-none-eabi/lib/thumb/v7e-m+fp/hard/crt0.o (memset)
c:/program files/st/stm32cubeide_1.9.0/stm32cubeide/plugins/com.st.stm32cube.ide.mcu.externaltools.gnu-tools-for-stm32.10.3-2021.10.win32_1.0.0.202111181127/tools/bin/../lib/gcc/arm-none-eabi/10.3.1/../../../../arm-none-eabi/lib/thumb/v7e-m+fp/hard\libc_nano.a(lib_a-printf.o)
                              ./Drivers/STM32_USB_Device_Library/Core/Src/usbd_core.o (printf)
c:/program files/st/stm32cubeide_1.9.0/stm32cubeide/plugins/com.st.stm32cube.ide.mcu.externaltools.gnu-tools-for-stm32.10.3-2021.10.win32_1.0.0.202111181127/tools/bin/../lib/gcc/arm-none-eabi/10.3.1/../../../../arm-none-eabi/lib/thumb/v7e-m+fp/hard\libc_nano.a(lib_a-puts.o)
                              ./Drivers/STM32_USB_Device_Library/Core/Src/usbd_core.o (puts)
c:/program files/st/stm32cubeide_1.9.0/stm32cubeide/plugins/com.st.stm32cube.ide.mcu.externaltools.gnu-tools-for-stm32.10.3-2021.10.win32_1.0.0.202111181127/tools/bin/../lib/gcc/arm-none-eabi/10.3.1/../../../../arm-none-eabi/lib/thumb/v7e-m+fp/hard\libc_nano.a(lib_a-wbuf.o)
                              c:/program files/st/stm32cubeide_1.9.0/stm32cubeide/plugins/com.st.stm32cube.ide.mcu.externaltools.gnu-tools-for-stm32.10.3-2021.10.win32_1.0.0.202111181127/tools/bin/../lib/gcc/arm-none-eabi/10.3.1/../../../../arm-none-eabi/lib/thumb/v7e-m+fp/hard\libc_nano.a(lib_a-puts.o) (__swbuf_r)
c:/program files/st/stm32cubeide_1.9.0/stm32cubeide/plugins/com.st.stm32cube.ide.mcu.externaltools.gnu-tools-for-stm32.10.3-2021.10.win32_1.0.0.202111181127/tools/bin/../lib/gcc/arm-none-eabi/10.3.1/../../../../arm-none-eabi/lib/thumb/v7e-m+fp/hard\libc_nano.a(lib_a-wsetup.o)
                              c:/program files/st/stm32cubeide_1.9.0/stm32cubeide/plugins/com.st.stm32cube.ide.mcu.externaltools.gnu-tools-for-stm32.10.3-2021.10.win32_1.0.0.202111181127/tools/bin/../lib/gcc/arm-none-eabi/10.3.1/../../../../arm-none-eabi/lib/thumb/v7e-m+fp/hard\libc_nano.a(lib_a-puts.o) (__swsetup_r)
c:/program files/st/stm32cubeide_1.9.0/stm32cubeide/plugins/com.st.stm32cube.ide.mcu.externaltools.gnu-tools-for-stm32.10.3-2021.10.win32_1.0.0.202111181127/tools/bin/../lib/gcc/arm-none-eabi/10.3.1/../../../../arm-none-eabi/lib/thumb/v7e-m+fp/hard\libc_nano.a(lib_a-fflush.o)
[...]
Memory Configuration

Name             Origin             Length             Attributes
RAM              0x0000000020000000 0x0000000000020000 xrw
FLASH            0x0000000008000000 0x0000000000080000 xr
*default*        0x0000000000000000 0xffffffffffffffff

Linker script and memory map

LOAD c:/program files/st/stm32cubeide_1.9.0/stm32cubeide/plugins/com.st.stm32cube.ide.mcu.externaltools.gnu-tools-for-stm32.10.3-2021.10.win32_1.0.0.202111181127/tools/bin/../lib/gcc/arm-none-eabi/10.3.1/thumb/v7e-m+fp/hard/crti.o
LOAD c:/program files/st/stm32cubeide_1.9.0/stm32cubeide/plugins/com.st.stm32cube.ide.mcu.externaltools.gnu-tools-for-stm32.10.3-2021.10.win32_1.0.0.202111181127/tools/bin/../lib/gcc/arm-none-eabi/10.3.1/thumb/v7e-m+fp/hard/crtbegin.o
LOAD c:/program files/st/stm32cubeide_1.9.0/stm32cubeide/plugins/com.st.stm32cube.ide.mcu.externaltools.gnu-tools-for-stm32.10.3-2021.10.win32_1.0.0.202111181127/tools/bin/../lib/gcc/arm-none-eabi/10.3.1/../../../../arm-none-eabi/lib/thumb/v7e-m+fp/hard/crt0.o
LOAD ./Core/Src/main.o
LOAD ./Core/Src/stm32f4xx_hal_msp.o
LOAD ./Core/Src/stm32f4xx_it.o
LOAD ./Core/Src/syscalls.o
LOAD ./Core/Src/sysmem.o
LOAD ./Core/Src/system_stm32f4xx.o
LOAD ./Core/Startup/startup_stm32f446retx.o
LOAD ./Core/USB_DEVICE/App/usb_device.o
LOAD ./Core/USB_DEVICE/App/usbd_audio.o
LOAD ./Core/USB_DEVICE/App/usbd_audio_if.o
LOAD ./Core/USB_DEVICE/App/usbd_desc.o
LOAD ./Core/USB_DEVICE/Target/usbd_conf.o
LOAD ./Drivers/STM32F4xx_HAL_Driver/Src/stm32f4xx_hal.o
LOAD ./Drivers/STM32F4xx_HAL_Driver/Src/stm32f4xx_hal_cortex.o
LOAD ./Drivers/STM32F4xx_HAL_Driver/Src/stm32f4xx_hal_dma.o
LOAD ./Drivers/STM32F4xx_HAL_Driver/Src/stm32f4xx_hal_dma_ex.o
LOAD ./Drivers/STM32F4xx_HAL_Driver/Src/stm32f4xx_hal_exti.o
LOAD ./Drivers/STM32F4xx_HAL_Driver/Src/stm32f4xx_hal_flash.o
LOAD ./Drivers/STM32F4xx_HAL_Driver/Src/stm32f4xx_hal_flash_ex.o
LOAD ./Drivers/STM32F4xx_HAL_Driver/Src/stm32f4xx_hal_flash_ramfunc.o
LOAD ./Drivers/STM32F4xx_HAL_Driver/Src/stm32f4xx_hal_gpio.o
LOAD ./Drivers/STM32F4xx_HAL_Driver/Src/stm32f4xx_hal_pcd.o
LOAD ./Drivers/STM32F4xx_HAL_Driver/Src/stm32f4xx_hal_pcd_ex.o
LOAD ./Drivers/STM32F4xx_HAL_Driver/Src/stm32f4xx_hal_pwr.o
LOAD ./Drivers/STM32F4xx_HAL_Driver/Src/stm32f4xx_hal_pwr_ex.o
LOAD ./Drivers/STM32F4xx_HAL_Driver/Src/stm32f4xx_hal_rcc.o
LOAD ./Drivers/STM32F4xx_HAL_Driver/Src/stm32f4xx_hal_rcc_ex.o
LOAD ./Drivers/STM32F4xx_HAL_Driver/Src/stm32f4xx_hal_tim.o
LOAD ./Drivers/STM32F4xx_HAL_Driver/Src/stm32f4xx_hal_tim_ex.o
LOAD ./Drivers/STM32F4xx_HAL_Driver/Src/stm32f4xx_ll_dma.o
LOAD ./Drivers/STM32F4xx_HAL_Driver/Src/stm32f4xx_ll_exti.o
LOAD ./Drivers/STM32F4xx_HAL_Driver/Src/stm32f4xx_ll_gpio.o
LOAD ./Drivers/STM32F4xx_HAL_Driver/Src/stm32f4xx_ll_rcc.o
LOAD ./Drivers/STM32F4xx_HAL_Driver/Src/stm32f4xx_ll_usart.o
LOAD ./Drivers/STM32F4xx_HAL_Driver/Src/stm32f4xx_ll_usb.o
LOAD ./Drivers/STM32F4xx_HAL_Driver/Src/stm32f4xx_ll_utils.o
LOAD ./Drivers/STM32_USB_Device_Library/Core/Src/usbd_core.o
LOAD ./Drivers/STM32_USB_Device_Library/Core/Src/usbd_ctlreq.o
LOAD ./Drivers/STM32_USB_Device_Library/Core/Src/usbd_ioreq.o
START GROUP
LOAD c:/program files/st/stm32cubeide_1.9.0/stm32cubeide/plugins/com.st.stm32cube.ide.mcu.externaltools.gnu-tools-for-stm32.10.3-2021.10.win32_1.0.0.202111181127/tools/bin/../lib/gcc/arm-none-eabi/10.3.1/../../../../arm-none-eabi/lib/thumb/v7e-m+fp/hard\libc_nano.a
LOAD c:/program files/st/stm32cubeide_1.9.0/stm32cubeide/plugins/com.st.stm32cube.ide.mcu.externaltools.gnu-tools-for-stm32.10.3-2021.10.win32_1.0.0.202111181127/tools/bin/../lib/gcc/arm-none-eabi/10.3.1/../../../../arm-none-eabi/lib/thumb/v7e-m+fp/hard\libm.a
END GROUP
START GROUP
LOAD c:/program files/st/stm32cubeide_1.9.0/stm32cubeide/plugins/com.st.stm32cube.ide.mcu.externaltools.gnu-tools-for-stm32.10.3-2021.10.win32_1.0.0.202111181127/tools/bin/../lib/gcc/arm-none-eabi/10.3.1/thumb/v7e-m+fp/hard\libgcc.a
LOAD c:/program files/st/stm32cubeide_1.9.0/stm32cubeide/plugins/com.st.stm32cube.ide.mcu.externaltools.gnu-tools-for-stm32.10.3-2021.10.win32_1.0.0.202111181127/tools/bin/../lib/gcc/arm-none-eabi/10.3.1/../../../../arm-none-eabi/lib/thumb/v7e-m+fp/hard\libc_nano.a
END GROUP
START GROUP
LOAD c:/program files/st/stm32cubeide_1.9.0/stm32cubeide/plugins/com.st.stm32cube.ide.mcu.externaltools.gnu-tools-for-stm32.10.3-2021.10.win32_1.0.0.202111181127/tools/bin/../lib/gcc/arm-none-eabi/10.3.1/thumb/v7e-m+fp/hard\libgcc.a
LOAD c:/program files/st/stm32cubeide_1.9.0/stm32cubeide/plugins/com.st.stm32cube.ide.mcu.externaltools.gnu-tools-for-stm32.10.3-2021.10.win32_1.0.0.202111181127/tools/bin/../lib/gcc/arm-none-eabi/10.3.1/../../../../arm-none-eabi/lib/thumb/v7e-m+fp/hard\libc_nano.a
LOAD c:/program files/st/stm32cubeide_1.9.0/stm32cubeide/plugins/com.st.stm32cube.ide.mcu.externaltools.gnu-tools-for-stm32.10.3-2021.10.win32_1.0.0.202111181127/tools/bin/../lib/gcc/arm-none-eabi/10.3.1/../../../../arm-none-eabi/lib/thumb/v7e-m+fp/hard\libnosys.a
END GROUP
START GROUP
LOAD c:/program files/st/stm32cubeide_1.9.0/stm32cubeide/plugins/com.st.stm32cube.ide.mcu.externaltools.gnu-tools-for-stm32.10.3-2021.10.win32_1.0.0.202111181127/tools/bin/../lib/gcc/arm-none-eabi/10.3.1/thumb/v7e-m+fp/hard\libgcc.a
LOAD c:/program files/st/stm32cubeide_1.9.0/stm32cubeide/plugins/com.st.stm32cube.ide.mcu.externaltools.gnu-tools-for-stm32.10.3-2021.10.win32_1.0.0.202111181127/tools/bin/../lib/gcc/arm-none-eabi/10.3.1/../../../../arm-none-eabi/lib/thumb/v7e-m+fp/hard\libc_nano.a
LOAD c:/program files/st/stm32cubeide_1.9.0/stm32cubeide/plugins/com.st.stm32cube.ide.mcu.externaltools.gnu-tools-for-stm32.10.3-2021.10.win32_1.0.0.202111181127/tools/bin/../lib/gcc/arm-none-eabi/10.3.1/../../../../arm-none-eabi/lib/thumb/v7e-m+fp/hard\libnosys.a
END GROUP
LOAD c:/program files/st/stm32cubeide_1.9.0/stm32cubeide/plugins/com.st.stm32cube.ide.mcu.externaltools.gnu-tools-for-stm32.10.3-2021.10.win32_1.0.0.202111181127/tools/bin/../lib/gcc/arm-none-eabi/10.3.1/thumb/v7e-m+fp/hard/crtend.o
LOAD c:/program files/st/stm32cubeide_1.9.0/stm32cubeide/plugins/com.st.stm32cube.ide.mcu.externaltools.gnu-tools-for-stm32.10.3-2021.10.win32_1.0.0.202111181127/tools/bin/../lib/gcc/arm-none-eabi/10.3.1/thumb/v7e-m+fp/hard/crtn.o
                0x0000000020020000                _estack = (ORIGIN (RAM) + LENGTH (RAM))
                0x0000000000000200                _Min_Heap_Size = 0x200
                0x0000000000000400                _Min_Stack_Size = 0x400

.isr_vector     0x0000000008000000      0x1c4
                0x0000000008000000                . = ALIGN (0x4)
 *(.isr_vector)
 .isr_vector    0x0000000008000000      0x1c4 ./Core/Startup/startup_stm32f446retx.o
                0x0000000008000000                g_pfnVectors
                0x00000000080001c4                . = ALIGN (0x4)

.text           0x00000000080001d0     0x85bc
                0x00000000080001d0                . = ALIGN (0x4)
 *(.text)
 .text          0x00000000080001d0       0x40 c:/program files/st/stm32cubeide_1.9.0/stm32cubeide/plugins/com.st.stm32cube.ide.mcu.externaltools.gnu-tools-for-stm32.10.3-2021.10.win32_1.0.0.202111181127/tools/bin/../lib/gcc/arm-none-eabi/10.3.1/thumb/v7e-m+fp/hard/crtbegin.o
 .text          0x0000000008000210       0xa0 c:/program files/st/stm32cubeide_1.9.0/stm32cubeide/plugins/com.st.stm32cube.ide.mcu.externaltools.gnu-tools-for-stm32.10.3-2021.10.win32_1.0.0.202111181127/tools/bin/../lib/gcc/arm-none-eabi/10.3.1/../../../../arm-none-eabi/lib/thumb/v7e-m+fp/hard\libc_nano.a(lib_a-memchr.o)
                0x0000000008000210                memchr
 .text          0x00000000080002b0       0x30 c:/program files/st/stm32cubeide_1.9.0/stm32cubeide/plugins/com.st.stm32cube.ide.mcu.externaltools.gnu-tools-for-stm32.10.3-2021.10.win32_1.0.0.202111181127/tools/bin/../lib/gcc/arm-none-eabi/10.3.1/thumb/v7e-m+fp/hard\libgcc.a(_aeabi_uldivmod.o)
                0x00000000080002b0                __aeabi_uldivmod
 .text          0x00000000080002e0      0x2d0 c:/program files/st/stm32cubeide_1.9.0/stm32cubeide/plugins/com.st.stm32cube.ide.mcu.externaltools.gnu-tools-for-stm32.10.3-2021.10.win32_1.0.0.202111181127/tools/bin/../lib/gcc/arm-none-eabi/10.3.1/thumb/v7e-m+fp/hard\libgcc.a(_udivmoddi4.o)
                0x00000000080002e0                __udivmoddi4
 .text          0x00000000080005b0        0x4 c:/program files/st/stm32cubeide_1.9.0/stm32cubeide/plugins/com.st.stm32cube.ide.mcu.externaltools.gnu-tools-for-stm32.10.3-2021.10.win32_1.0.0.202111181127/tools/bin/../lib/gcc/arm-none-eabi/10.3.1/thumb/v7e-m+fp/hard\libgcc.a(_dvmd_tls.o)
                0x00000000080005b0                __aeabi_idiv0
                0x00000000080005b0                __aeabi_ldiv0
 *(.text*)
 .text.LL_RCC_HSE_Enable
                0x00000000080005b4       0x20 ./Core/Src/main.o
 .text.LL_RCC_HSE_IsReady
                0x00000000080005d4       0x28 ./Core/Src/main.o
 .text.LL_RCC_SetSysClkSource
                0x00000000080005fc       0x28 ./Core/Src/main.o
 .text.LL_RCC_GetSysClkSource
                0x0000000008000624       0x1c ./Core/Src/main.o
 .text.LL_RCC_SetAHBPrescaler
                0x0000000008000640       0x28 ./Core/Src/main.o
 .text.LL_RCC_SetAPB1Prescaler
                0x0000000008000668       0x28 ./Core/Src/main.o
 .text.LL_RCC_SetAPB2Prescaler
                0x0000000008000690       0x28 ./Core/Src/main.o
 .text.LL_RCC_ConfigMCO
                0x00000000080006b8       0x3c ./Core/Src/main.o
 .text.LL_RCC_SetTIMPrescaler
                0x00000000080006f4       0x2c ./Core/Src/main.o
 .text.LL_RCC_PLL_Enable
                0x0000000008000720       0x20 ./Core/Src/main.o
 .text.LL_RCC_PLL_IsReady
                0x0000000008000740       0x28 ./Core/Src/main.o
 .text.LL_RCC_PLL_ConfigDomain_SYS
                0x0000000008000768       0x5c ./Core/Src/main.o
 .text.LL_AHB1_GRP1_EnableClock
                0x00000000080007c4       0x30 ./Core/Src/main.o
 .text.LL_APB1_GRP1_EnableClock
                0x00000000080007f4       0x30 ./Core/Src/main.o
 .text.LL_FLASH_SetLatency
                0x0000000008000824       0x28 ./Core/Src/main.o
 .text.LL_FLASH_GetLatency
                0x000000000800084c       0x1c ./Core/Src/main.o
 .text.LL_PWR_EnableOverDriveMode
                0x0000000008000868       0x20 ./Core/Src/main.o
 .text.LL_PWR_SetRegulVoltageScaling
                0x0000000008000888       0x28 ./Core/Src/main.o
 .text.LL_USART_Enable
                0x00000000080008b0       0x20 ./Core/Src/main.o
 .text.LL_USART_ConfigHalfDuplexMode
                0x00000000080008d0       0x38 ./Core/Src/main.o
 .text.LL_USART_IsActiveFlag_TXE
                0x0000000008000908       0x26 ./Core/Src/main.o
 .text.LL_USART_TransmitData8
                0x000000000800092e       0x1e ./Core/Src/main.o
 .text.LL_GPIO_SetOutputPin
                0x000000000800094c       0x1c ./Core/Src/main.o
 .text.LL_GPIO_ResetOutputPin
                0x0000000008000968       0x1e ./Core/Src/main.o
 .text.LL_GPIO_TogglePin
                0x0000000008000986       0x32 ./Core/Src/main.o
 .text.main     0x00000000080009b8       0x40 ./Core/Src/main.o
                0x00000000080009b8                main
 .text.SystemClock_Config
                0x00000000080009f8       0xac ./Core/Src/main.o
                0x00000000080009f8                SystemClock_Config
 .text.MX_UART4_Init
                0x0000000008000aa4       0x9c ./Core/Src/main.o
 .text.MX_USB_OTG_HS_PCD_Init
                0x0000000008000b40       0x64 ./Core/Src/main.o
 .text.MX_GPIO_Init
                0x0000000008000ba4       0x8c ./Core/Src/main.o
 .text.__io_putchar
                0x0000000008000c30       0x30 ./Core/Src/main.o
                0x0000000008000c30                __io_putchar
 .text.Error_Handler
                0x0000000008000c60       0x18 ./Core/Src/main.o
                0x0000000008000c60                Error_Handler
 .text.HAL_MspInit
                0x0000000008000c78       0x50 ./Core/Src/stm32f4xx_hal_msp.o
                0x0000000008000c78                HAL_MspInit
 .text.HAL_PCD_MspInit
                0x0000000008000cc8      0x13c ./Core/Src/stm32f4xx_hal_msp.o
                0x0000000008000cc8                HAL_PCD_MspInit
 .text.NMI_Handler
                0x0000000008000e04        0x6 ./Core/Src/stm32f4xx_it.o
                0x0000000008000e04                NMI_Handler
 .text.HardFault_Handler
                0x0000000008000e0a        0x6 ./Core/Src/stm32f4xx_it.o
                0x0000000008000e0a                HardFault_Handler
 .text.MemManage_Handler
                0x0000000008000e10        0x6 ./Core/Src/stm32f4xx_it.o
                0x0000000008000e10                MemManage_Handler
 .text.BusFault_Handler
                0x0000000008000e16        0x6 ./Core/Src/stm32f4xx_it.o
                0x0000000008000e16                BusFault_Handler
 .text.UsageFault_Handler
                0x0000000008000e1c        0x6 ./Core/Src/stm32f4xx_it.o
                0x0000000008000e1c                UsageFault_Handler
 .text.SVC_Handler
                0x0000000008000e22        0xe ./Core/Src/stm32f4xx_it.o
                0x0000000008000e22                SVC_Handler
 .text.DebugMon_Handler
                0x0000000008000e30        0xe ./Core/Src/stm32f4xx_it.o
                0x0000000008000e30                DebugMon_Handler
 .text.PendSV_Handler
                0x0000000008000e3e        0xe ./Core/Src/stm32f4xx_it.o
                0x0000000008000e3e                PendSV_Handler
 .text.SysTick_Handler
                0x0000000008000e4c        0xc ./Core/Src/stm32f4xx_it.o
                0x0000000008000e4c                SysTick_Handler
 .text.OTG_HS_IRQHandler
                0x0000000008000e58       0x14 ./Core/Src/stm32f4xx_it.o
                0x0000000008000e58                OTG_HS_IRQHandler
 .text._read    0x0000000008000e6c       0x3a ./Core/Src/syscalls.o
                0x0000000008000e6c                _read
 .text._write   0x0000000008000ea6       0x38 ./Core/Src/syscalls.o
                0x0000000008000ea6                _write
 .text._close   0x0000000008000ede       0x18 ./Core/Src/syscalls.o
                0x0000000008000ede                _close
 .text._fstat   0x0000000008000ef6       0x20 ./Core/Src/syscalls.o
                0x0000000008000ef6                _fstat
 .text._isatty  0x0000000008000f16       0x16 ./Core/Src/syscalls.o
                0x0000000008000f16                _isatty
 .text._lseek   0x0000000008000f2c       0x1a ./Core/Src/syscalls.o
                0x0000000008000f2c                _lseek
 *fill*         0x0000000008000f46        0x2 
 .text._sbrk    0x0000000008000f48       0x6c ./Core/Src/sysmem.o
                0x0000000008000f48                _sbrk
 .text.SystemInit
                0x0000000008000fb4       0x24 ./Core/Src/system_stm32f4xx.o
                0x0000000008000fb4                SystemInit
 .text.Reset_Handler
                0x0000000008000fd8       0x50 ./Core/Startup/startup_stm32f446retx.o
                0x0000000008000fd8                Reset_Handler
 .text.Default_Handler
                0x0000000008001028        0x2 ./Core/Startup/startup_stm32f446retx.o
                0x0000000008001028                RTC_Alarm_IRQHandler
                0x0000000008001028                EXTI2_IRQHandler
                0x0000000008001028                TIM8_CC_IRQHandler
                0x0000000008001028                FMPI2C1_EV_IRQHandler
                0x0000000008001028                SPI4_IRQHandler
                0x0000000008001028                TIM1_CC_IRQHandler
                0x0000000008001028                DMA2_Stream5_IRQHandler
                0x0000000008001028                DMA1_Stream5_IRQHandler
                0x0000000008001028                PVD_IRQHandler
                0x0000000008001028                SDIO_IRQHandler
                0x0000000008001028                TAMP_STAMP_IRQHandler
                0x0000000008001028                CAN2_RX1_IRQHandler
                0x0000000008001028                EXTI3_IRQHandler
                0x0000000008001028                TIM8_TRG_COM_TIM14_IRQHandler
                0x0000000008001028                TIM1_UP_TIM10_IRQHandler
                0x0000000008001028                TIM8_UP_TIM13_IRQHandler
                0x0000000008001028                I2C3_ER_IRQHandler
                0x0000000008001028                EXTI0_IRQHandler
                0x0000000008001028                I2C2_EV_IRQHandler
                0x0000000008001028                DMA1_Stream2_IRQHandler
                0x0000000008001028                CAN1_RX0_IRQHandler
                0x0000000008001028                FPU_IRQHandler
                0x0000000008001028                OTG_HS_WKUP_IRQHandler
                0x0000000008001028                CAN2_SCE_IRQHandler
                0x0000000008001028                DMA2_Stream2_IRQHandler
                0x0000000008001028                SPI1_IRQHandler
                0x0000000008001028                TIM6_DAC_IRQHandler
                0x0000000008001028                TIM1_BRK_TIM9_IRQHandler
                0x0000000008001028                DCMI_IRQHandler
                0x0000000008001028                CAN2_RX0_IRQHandler
                0x0000000008001028                DMA2_Stream3_IRQHandler
                0x0000000008001028                SAI2_IRQHandler
                0x0000000008001028                USART6_IRQHandler
                0x0000000008001028                USART3_IRQHandler
                0x0000000008001028                CAN1_RX1_IRQHandler
                0x0000000008001028                UART5_IRQHandler
                0x0000000008001028                DMA2_Stream0_IRQHandler
                0x0000000008001028                TIM4_IRQHandler
                0x0000000008001028                QUADSPI_IRQHandler
                0x0000000008001028                I2C1_EV_IRQHandler
                0x0000000008001028                DMA1_Stream6_IRQHandler
                0x0000000008001028                DMA1_Stream1_IRQHandler
                0x0000000008001028                UART4_IRQHandler
                0x0000000008001028                TIM3_IRQHandler
                0x0000000008001028                RCC_IRQHandler
                0x0000000008001028                TIM8_BRK_TIM12_IRQHandler
                0x0000000008001028                Default_Handler
                0x0000000008001028                CEC_IRQHandler
                0x0000000008001028                EXTI15_10_IRQHandler
                0x0000000008001028                ADC_IRQHandler
                0x0000000008001028                DMA1_Stream7_IRQHandler
                0x0000000008001028                TIM7_IRQHandler
                0x0000000008001028                CAN2_TX_IRQHandler
                0x0000000008001028                TIM5_IRQHandler
                0x0000000008001028                DMA2_Stream7_IRQHandler
                0x0000000008001028                I2C3_EV_IRQHandler
                0x0000000008001028                EXTI9_5_IRQHandler
                0x0000000008001028                RTC_WKUP_IRQHandler
                0x0000000008001028                SPDIF_RX_IRQHandler
                0x0000000008001028                SPI2_IRQHandler
                0x0000000008001028                OTG_HS_EP1_IN_IRQHandler
                0x0000000008001028                DMA1_Stream0_IRQHandler
                0x0000000008001028                CAN1_TX_IRQHandler
                0x0000000008001028                FMPI2C1_ER_IRQHandler
                0x0000000008001028                EXTI4_IRQHandler
                0x0000000008001028                OTG_HS_EP1_OUT_IRQHandler
                0x0000000008001028                WWDG_IRQHandler
                0x0000000008001028                TIM2_IRQHandler
                0x0000000008001028                OTG_FS_WKUP_IRQHandler
                0x0000000008001028                TIM1_TRG_COM_TIM11_IRQHandler
                0x0000000008001028                EXTI1_IRQHandler
                0x0000000008001028                USART2_IRQHandler
                0x0000000008001028                I2C2_ER_IRQHandler
                0x0000000008001028                DMA2_Stream1_IRQHandler
                0x0000000008001028                CAN1_SCE_IRQHandler
                0x0000000008001028                FLASH_IRQHandler
                0x0000000008001028                DMA2_Stream4_IRQHandler
                0x0000000008001028                USART1_IRQHandler
                0x0000000008001028                OTG_FS_IRQHandler
                0x0000000008001028                SPI3_IRQHandler
                0x0000000008001028                DMA1_Stream4_IRQHandler
                0x0000000008001028                I2C1_ER_IRQHandler
                0x0000000008001028                FMC_IRQHandler
                0x0000000008001028                DMA2_Stream6_IRQHandler
                0x0000000008001028                SAI1_IRQHandler
                0x0000000008001028                DMA1_Stream3_IRQHandler
 *fill*         0x000000000800102a        0x2 
 .text.MX_USB_DEVICE_Init
                0x000000000800102c       0x60 ./Core/USB_DEVICE/App/usb_device.o
                0x000000000800102c                MX_USB_DEVICE_Init
 .text.USBD_AUDIO_Init
                0x000000000800108c      0x13c ./Core/USB_DEVICE/App/usbd_audio.o
 .text.USBD_AUDIO_DeInit
                0x00000000080011c8       0xb4 ./Core/USB_DEVICE/App/usbd_audio.o
 .text.USBD_AUDIO_Setup
                0x000000000800127c      0x1b8 ./Core/USB_DEVICE/App/usbd_audio.o
 .text.USBD_AUDIO_GetCfgDesc
                0x0000000008001434       0x20 ./Core/USB_DEVICE/App/usbd_audio.o
 .text.USBD_AUDIO_DataIn
                0x0000000008001454       0x1a ./Core/USB_DEVICE/App/usbd_audio.o
 .text.USBD_AUDIO_EP0_RxReady
                0x000000000800146e       0x80 ./Core/USB_DEVICE/App/usbd_audio.o
 .text.USBD_AUDIO_EP0_TxReady
                0x00000000080014ee       0x16 ./Core/USB_DEVICE/App/usbd_audio.o
 .text.USBD_AUDIO_SOF
                0x0000000008001504       0x16 ./Core/USB_DEVICE/App/usbd_audio.o
 .text.USBD_AUDIO_IsoINIncomplete
                0x000000000800151a       0x1a ./Core/USB_DEVICE/App/usbd_audio.o
 .text.USBD_AUDIO_IsoOutIncomplete
                0x0000000008001534       0x1a ./Core/USB_DEVICE/App/usbd_audio.o
 *fill*         0x000000000800154e        0x2 
 .text.USBD_AUDIO_DataOut
                0x0000000008001550      0x12c ./Core/USB_DEVICE/App/usbd_audio.o
 .text.AUDIO_REQ_GetCurrent
                0x000000000800167c       0x58 ./Core/USB_DEVICE/App/usbd_audio.o
 .text.AUDIO_REQ_SetCurrent
                0x00000000080016d4       0x88 ./Core/USB_DEVICE/App/usbd_audio.o
 .text.USBD_AUDIO_GetDeviceQualifierDesc
                0x000000000800175c       0x20 ./Core/USB_DEVICE/App/usbd_audio.o
 .text.USBD_AUDIO_RegisterInterface
                0x000000000800177c       0x34 ./Core/USB_DEVICE/App/usbd_audio.o
                0x000000000800177c                USBD_AUDIO_RegisterInterface
 .text.USBD_AUDIO_GetAudioHeaderDesc
                0x00000000080017b0       0x68 ./Core/USB_DEVICE/App/usbd_audio.o
 .text.AUDIO_Init_HS
                0x0000000008001818       0x1a ./Core/USB_DEVICE/App/usbd_audio_if.o
 .text.AUDIO_DeInit_HS
                0x0000000008001832       0x16 ./Core/USB_DEVICE/App/usbd_audio_if.o
 .text.AUDIO_AudioCmd_HS
                0x0000000008001848       0x28 ./Core/USB_DEVICE/App/usbd_audio_if.o
 .text.AUDIO_VolumeCtl_HS
                0x0000000008001870       0x18 ./Core/USB_DEVICE/App/usbd_audio_if.o
 .text.AUDIO_MuteCtl_HS
                0x0000000008001888       0x18 ./Core/USB_DEVICE/App/usbd_audio_if.o
 .text.AUDIO_PeriodicTC_HS
                0x00000000080018a0       0x1c ./Core/USB_DEVICE/App/usbd_audio_if.o
 .text.AUDIO_GetState_HS
                0x00000000080018bc       0x10 ./Core/USB_DEVICE/App/usbd_audio_if.o
 .text.USBD_HS_DeviceDescriptor
                0x00000000080018cc       0x24 ./Core/USB_DEVICE/App/usbd_desc.o
                0x00000000080018cc                USBD_HS_DeviceDescriptor
 .text.USBD_HS_LangIDStrDescriptor
                0x00000000080018f0       0x24 ./Core/USB_DEVICE/App/usbd_desc.o
                0x00000000080018f0                USBD_HS_LangIDStrDescriptor
 .text.USBD_HS_ProductStrDescriptor
                0x0000000008001914       0x3c ./Core/USB_DEVICE/App/usbd_desc.o
                0x0000000008001914                USBD_HS_ProductStrDescriptor
 .text.USBD_HS_ManufacturerStrDescriptor
                0x0000000008001950       0x28 ./Core/USB_DEVICE/App/usbd_desc.o
                0x0000000008001950                USBD_HS_ManufacturerStrDescriptor
 .text.USBD_HS_SerialStrDescriptor
                0x0000000008001978       0x24 ./Core/USB_DEVICE/App/usbd_desc.o
                0x0000000008001978                USBD_HS_SerialStrDescriptor
 .text.USBD_HS_ConfigStrDescriptor
                0x000000000800199c       0x3c ./Core/USB_DEVICE/App/usbd_desc.o
                0x000000000800199c                USBD_HS_ConfigStrDescriptor
 .text.USBD_HS_InterfaceStrDescriptor
                0x00000000080019d8       0x3c ./Core/USB_DEVICE/App/usbd_desc.o
                0x00000000080019d8                USBD_HS_InterfaceStrDescriptor
 .text.Get_SerialNum
                0x0000000008001a14       0x58 ./Core/USB_DEVICE/App/usbd_desc.o
 .text.IntToUnicode
                0x0000000008001a6c       0x7e ./Core/USB_DEVICE/App/usbd_desc.o
 .text.HAL_PCD_SetupStageCallback
                0x0000000008001aea       0x24 ./Core/USB_DEVICE/Target/usbd_conf.o
                0x0000000008001aea                HAL_PCD_SetupStageCallback
 .text.HAL_PCD_DataOutStageCallback
                0x0000000008001b0e       0x36 ./Core/USB_DEVICE/Target/usbd_conf.o
                0x0000000008001b0e                HAL_PCD_DataOutStageCallback
 .text.HAL_PCD_DataInStageCallback
                0x0000000008001b44       0x34 ./Core/USB_DEVICE/Target/usbd_conf.o
                0x0000000008001b44                HAL_PCD_DataInStageCallback
 .text.HAL_PCD_SOFCallback
                0x0000000008001b78       0x1c ./Core/USB_DEVICE/Target/usbd_conf.o
                0x0000000008001b78                HAL_PCD_SOFCallback
 .text.HAL_PCD_ResetCallback
                0x0000000008001b94       0x50 ./Core/USB_DEVICE/Target/usbd_conf.o
                0x0000000008001b94                HAL_PCD_ResetCallback
 .text.HAL_PCD_SuspendCallback
                0x0000000008001be4       0x4c ./Core/USB_DEVICE/Target/usbd_conf.o
                0x0000000008001be4                HAL_PCD_SuspendCallback
 .text.HAL_PCD_ResumeCallback
                0x0000000008001c30       0x1c ./Core/USB_DEVICE/Target/usbd_conf.o
                0x0000000008001c30                HAL_PCD_ResumeCallback
 .text.HAL_PCD_ISOOUTIncompleteCallback
                0x0000000008001c4c       0x24 ./Core/USB_DEVICE/Target/usbd_conf.o
                0x0000000008001c4c                HAL_PCD_ISOOUTIncompleteCallback
 .text.HAL_PCD_ISOINIncompleteCallback
                0x0000000008001c70       0x24 ./Core/USB_DEVICE/Target/usbd_conf.o
                0x0000000008001c70                HAL_PCD_ISOINIncompleteCallback
 .text.HAL_PCD_ConnectCallback
                0x0000000008001c94       0x1c ./Core/USB_DEVICE/Target/usbd_conf.o
                0x0000000008001c94                HAL_PCD_ConnectCallback
 .text.HAL_PCD_DisconnectCallback
                0x0000000008001cb0       0x1c ./Core/USB_DEVICE/Target/usbd_conf.o
                0x0000000008001cb0                HAL_PCD_DisconnectCallback
 .text.USBD_LL_Init
                0x0000000008001ccc       0xa4 ./Core/USB_DEVICE/Target/usbd_conf.o
                0x0000000008001ccc                USBD_LL_Init
 .text.USBD_LL_Start
                0x0000000008001d70       0x36 ./Core/USB_DEVICE/Target/usbd_conf.o
                0x0000000008001d70                USBD_LL_Start
 .text.USBD_LL_OpenEP
                0x0000000008001da6       0x4c ./Core/USB_DEVICE/Target/usbd_conf.o
                0x0000000008001da6                USBD_LL_OpenEP
 .text.USBD_LL_CloseEP
                0x0000000008001df2       0x3e ./Core/USB_DEVICE/Target/usbd_conf.o
                0x0000000008001df2                USBD_LL_CloseEP
 .text.USBD_LL_StallEP
                0x0000000008001e30       0x3e ./Core/USB_DEVICE/Target/usbd_conf.o
                0x0000000008001e30                USBD_LL_StallEP
 .text.USBD_LL_ClearStallEP
                0x0000000008001e6e       0x3e ./Core/USB_DEVICE/Target/usbd_conf.o
                0x0000000008001e6e                USBD_LL_ClearStallEP
 .text.USBD_LL_IsStallEP
                0x0000000008001eac       0x58 ./Core/USB_DEVICE/Target/usbd_conf.o
                0x0000000008001eac                USBD_LL_IsStallEP
 .text.USBD_LL_SetUSBAddress
                0x0000000008001f04       0x3e ./Core/USB_DEVICE/Target/usbd_conf.o
                0x0000000008001f04                USBD_LL_SetUSBAddress
 .text.USBD_LL_Transmit
                0x0000000008001f42       0x42 ./Core/USB_DEVICE/Target/usbd_conf.o
                0x0000000008001f42                USBD_LL_Transmit
 .text.USBD_LL_PrepareReceive
                0x0000000008001f84       0x42 ./Core/USB_DEVICE/Target/usbd_conf.o
                0x0000000008001f84                USBD_LL_PrepareReceive
 .text.USBD_LL_GetRxDataSize
                0x0000000008001fc6       0x26 ./Core/USB_DEVICE/Target/usbd_conf.o
                0x0000000008001fc6                USBD_LL_GetRxDataSize
 .text.USBD_static_malloc
                0x0000000008001fec       0x1c ./Core/USB_DEVICE/Target/usbd_conf.o
                0x0000000008001fec                USBD_static_malloc
 .text.USBD_static_free
                0x0000000008002008       0x14 ./Core/USB_DEVICE/Target/usbd_conf.o
                0x0000000008002008                USBD_static_free
 .text.USBD_Get_USB_Status
                0x000000000800201c       0x58 ./Core/USB_DEVICE/Target/usbd_conf.o
                0x000000000800201c                USBD_Get_USB_Status
 .text.HAL_Init
                0x0000000008002074       0x44 ./Drivers/STM32F4xx_HAL_Driver/Src/stm32f4xx_hal.o
                0x0000000008002074                HAL_Init
 .text.HAL_InitTick
                0x00000000080020b8       0x60 ./Drivers/STM32F4xx_HAL_Driver/Src/stm32f4xx_hal.o
                0x00000000080020b8                HAL_InitTick
 .text.HAL_IncTick
                0x0000000008002118       0x28 ./Drivers/STM32F4xx_HAL_Driver/Src/stm32f4xx_hal.o
                0x0000000008002118                HAL_IncTick
 .text.HAL_GetTick
                0x0000000008002140       0x18 ./Drivers/STM32F4xx_HAL_Driver/Src/stm32f4xx_hal.o
                0x0000000008002140                HAL_GetTick
 .text.HAL_Delay
                0x0000000008002158       0x48 ./Drivers/STM32F4xx_HAL_Driver/Src/stm32f4xx_hal.o
                0x0000000008002158                HAL_Delay
 .text.__NVIC_SetPriorityGrouping
                0x00000000080021a0       0x48 ./Drivers/STM32F4xx_HAL_Driver/Src/stm32f4xx_hal_cortex.o
 .text.__NVIC_GetPriorityGrouping
                0x00000000080021e8       0x1c ./Drivers/STM32F4xx_HAL_Driver/Src/stm32f4xx_hal_cortex.o
 .text.__NVIC_EnableIRQ
                0x0000000008002204       0x3c ./Drivers/STM32F4xx_HAL_Driver/Src/stm32f4xx_hal_cortex.o
 .text.__NVIC_SetPriority
                0x0000000008002240       0x54 ./Drivers/STM32F4xx_HAL_Driver/Src/stm32f4xx_hal_cortex.o
 .text.NVIC_EncodePriority
                0x0000000008002294       0x66 ./Drivers/STM32F4xx_HAL_Driver/Src/stm32f4xx_hal_cortex.o
 *fill*         0x00000000080022fa        0x2 
 .text.SysTick_Config
                0x00000000080022fc       0x44 ./Drivers/STM32F4xx_HAL_Driver/Src/stm32f4xx_hal_cortex.o
 .text.HAL_NVIC_SetPriorityGrouping
                0x0000000008002340       0x16 ./Drivers/STM32F4xx_HAL_Driver/Src/stm32f4xx_hal_cortex.o
                0x0000000008002340                HAL_NVIC_SetPriorityGrouping
 .text.HAL_NVIC_SetPriority
                0x0000000008002356       0x38 ./Drivers/STM32F4xx_HAL_Driver/Src/stm32f4xx_hal_cortex.o
                0x0000000008002356                HAL_NVIC_SetPriority
 .text.HAL_NVIC_EnableIRQ
                0x000000000800238e       0x1c ./Drivers/STM32F4xx_HAL_Driver/Src/stm32f4xx_hal_cortex.o
                0x000000000800238e                HAL_NVIC_EnableIRQ
 .text.HAL_SYSTICK_Config
                0x00000000080023aa       0x18 ./Drivers/STM32F4xx_HAL_Driver/Src/stm32f4xx_hal_cortex.o
                0x00000000080023aa                HAL_SYSTICK_Config
 *fill*         0x00000000080023c2        0x2 
 .text.HAL_GPIO_Init
                0x00000000080023c4      0x328 ./Drivers/STM32F4xx_HAL_Driver/Src/stm32f4xx_hal_gpio.o
                0x00000000080023c4                HAL_GPIO_Init
 .text.HAL_PCD_Init
                0x00000000080026ec      0x248 ./Drivers/STM32F4xx_HAL_Driver/Src/stm32f4xx_hal_pcd.o
                0x00000000080026ec                HAL_PCD_Init
 .text.HAL_PCD_Start
                0x0000000008002934       0x66 ./Drivers/STM32F4xx_HAL_Driver/Src/stm32f4xx_hal_pcd.o
                0x0000000008002934                HAL_PCD_Start
 .text.HAL_PCD_IRQHandler
                0x000000000800299a      0x998 ./Drivers/STM32F4xx_HAL_Driver/Src/stm32f4xx_hal_pcd.o
                0x000000000800299a                HAL_PCD_IRQHandler
 .text.HAL_PCD_SetAddress
                0x0000000008003332       0x4a ./Drivers/STM32F4xx_HAL_Driver/Src/stm32f4xx_hal_pcd.o
                0x0000000008003332                HAL_PCD_SetAddress
 .text.HAL_PCD_EP_Open
                0x000000000800337c       0xd0 ./Drivers/STM32F4xx_HAL_Driver/Src/stm32f4xx_hal_pcd.o
                0x000000000800337c                HAL_PCD_EP_Open
 .text.HAL_PCD_EP_Close
                0x000000000800344c       0x94 ./Drivers/STM32F4xx_HAL_Driver/Src/stm32f4xx_hal_pcd.o
                0x000000000800344c                HAL_PCD_EP_Close
 .text.HAL_PCD_EP_Receive
                0x00000000080034e0       0x96 ./Drivers/STM32F4xx_HAL_Driver/Src/stm32f4xx_hal_pcd.o
                0x00000000080034e0                HAL_PCD_EP_Receive
 .text.HAL_PCD_EP_GetRxCount
                0x0000000008003576       0x30 ./Drivers/STM32F4xx_HAL_Driver/Src/stm32f4xx_hal_pcd.o
                0x0000000008003576                HAL_PCD_EP_GetRxCount
 .text.HAL_PCD_EP_Transmit
                0x00000000080035a6       0x94 ./Drivers/STM32F4xx_HAL_Driver/Src/stm32f4xx_hal_pcd.o
                0x00000000080035a6                HAL_PCD_EP_Transmit
 .text.HAL_PCD_EP_SetStall
                0x000000000800363a       0xc8 ./Drivers/STM32F4xx_HAL_Driver/Src/stm32f4xx_hal_pcd.o
                0x000000000800363a                HAL_PCD_EP_SetStall
 .text.HAL_PCD_EP_ClrStall
                0x0000000008003702       0xac ./Drivers/STM32F4xx_HAL_Driver/Src/stm32f4xx_hal_pcd.o
                0x0000000008003702                HAL_PCD_EP_ClrStall
 .text.HAL_PCD_EP_Abort
                0x00000000080037ae       0x62 ./Drivers/STM32F4xx_HAL_Driver/Src/stm32f4xx_hal_pcd.o
                0x00000000080037ae                HAL_PCD_EP_Abort
 .text.PCD_WriteEmptyTxFifo
                0x0000000008003810      0x11a ./Drivers/STM32F4xx_HAL_Driver/Src/stm32f4xx_hal_pcd.o
 *fill*         0x000000000800392a        0x2 
 .text.PCD_EP_OutXfrComplete_int
                0x000000000800392c      0x1d0 ./Drivers/STM32F4xx_HAL_Driver/Src/stm32f4xx_hal_pcd.o
 .text.PCD_EP_OutSetupPacket_int
                0x0000000008003afc       0x8c ./Drivers/STM32F4xx_HAL_Driver/Src/stm32f4xx_hal_pcd.o
 .text.HAL_PCDEx_SetTxFiFo
                0x0000000008003b88       0x8e ./Drivers/STM32F4xx_HAL_Driver/Src/stm32f4xx_hal_pcd_ex.o
                0x0000000008003b88                HAL_PCDEx_SetTxFiFo
 .text.HAL_PCDEx_SetRxFiFo
                0x0000000008003c16       0x22 ./Drivers/STM32F4xx_HAL_Driver/Src/stm32f4xx_hal_pcd_ex.o
                0x0000000008003c16                HAL_PCDEx_SetRxFiFo
 .text.HAL_PCDEx_ActivateLPM
                0x0000000008003c38       0x48 ./Drivers/STM32F4xx_HAL_Driver/Src/stm32f4xx_hal_pcd_ex.o
                0x0000000008003c38                HAL_PCDEx_ActivateLPM
 .text.HAL_PCDEx_LPM_Callback
                0x0000000008003c80       0x18 ./Drivers/STM32F4xx_HAL_Driver/Src/stm32f4xx_hal_pcd_ex.o
                0x0000000008003c80                HAL_PCDEx_LPM_Callback
 .text.HAL_RCC_GetHCLKFreq
                0x0000000008003c98       0x18 ./Drivers/STM32F4xx_HAL_Driver/Src/stm32f4xx_hal_rcc.o
                0x0000000008003c98                HAL_RCC_GetHCLKFreq
 .text.LL_GPIO_SetPinMode
                0x0000000008003cb0       0x5e ./Drivers/STM32F4xx_HAL_Driver/Src/stm32f4xx_ll_gpio.o
 .text.LL_GPIO_SetPinOutputType
                0x0000000008003d0e       0x30 ./Drivers/STM32F4xx_HAL_Driver/Src/stm32f4xx_ll_gpio.o
 .text.LL_GPIO_SetPinSpeed
                0x0000000008003d3e       0x5e ./Drivers/STM32F4xx_HAL_Driver/Src/stm32f4xx_ll_gpio.o
 .text.LL_GPIO_SetPinPull
                0x0000000008003d9c       0x5e ./Drivers/STM32F4xx_HAL_Driver/Src/stm32f4xx_ll_gpio.o
 .text.LL_GPIO_SetAFPin_0_7
                0x0000000008003dfa       0x5e ./Drivers/STM32F4xx_HAL_Driver/Src/stm32f4xx_ll_gpio.o
 .text.LL_GPIO_SetAFPin_8_15
                0x0000000008003e58       0x62 ./Drivers/STM32F4xx_HAL_Driver/Src/stm32f4xx_ll_gpio.o
 .text.LL_GPIO_Init
                0x0000000008003eba       0xe6 ./Drivers/STM32F4xx_HAL_Driver/Src/stm32f4xx_ll_gpio.o
                0x0000000008003eba                LL_GPIO_Init
 .text.LL_RCC_GetSysClkSource
                0x0000000008003fa0       0x1c ./Drivers/STM32F4xx_HAL_Driver/Src/stm32f4xx_ll_rcc.o
 .text.LL_RCC_GetAHBPrescaler
                0x0000000008003fbc       0x1c ./Drivers/STM32F4xx_HAL_Driver/Src/stm32f4xx_ll_rcc.o
 .text.LL_RCC_GetAPB1Prescaler
                0x0000000008003fd8       0x1c ./Drivers/STM32F4xx_HAL_Driver/Src/stm32f4xx_ll_rcc.o
 .text.LL_RCC_GetAPB2Prescaler
                0x0000000008003ff4       0x1c ./Drivers/STM32F4xx_HAL_Driver/Src/stm32f4xx_ll_rcc.o
 .text.LL_RCC_PLL_GetMainSource
                0x0000000008004010       0x1c ./Drivers/STM32F4xx_HAL_Driver/Src/stm32f4xx_ll_rcc.o
 .text.LL_RCC_PLL_GetN
                0x000000000800402c       0x1c ./Drivers/STM32F4xx_HAL_Driver/Src/stm32f4xx_ll_rcc.o
 .text.LL_RCC_PLL_GetP
                0x0000000008004048       0x1c ./Drivers/STM32F4xx_HAL_Driver/Src/stm32f4xx_ll_rcc.o
 .text.LL_RCC_PLL_GetR
                0x0000000008004064       0x1c ./Drivers/STM32F4xx_HAL_Driver/Src/stm32f4xx_ll_rcc.o
 .text.LL_RCC_PLL_GetDivider
                0x0000000008004080       0x1c ./Drivers/STM32F4xx_HAL_Driver/Src/stm32f4xx_ll_rcc.o
 .text.LL_RCC_GetSystemClocksFreq
                0x000000000800409c       0x4a ./Drivers/STM32F4xx_HAL_Driver/Src/stm32f4xx_ll_rcc.o
                0x000000000800409c                LL_RCC_GetSystemClocksFreq
 *fill*         0x00000000080040e6        0x2 
 .text.RCC_GetSystemClockFreq
                0x00000000080040e8       0x88 ./Drivers/STM32F4xx_HAL_Driver/Src/stm32f4xx_ll_rcc.o
                0x00000000080040e8                RCC_GetSystemClockFreq
 .text.RCC_GetHCLKClockFreq
                0x0000000008004170       0x2c ./Drivers/STM32F4xx_HAL_Driver/Src/stm32f4xx_ll_rcc.o
                0x0000000008004170                RCC_GetHCLKClockFreq
 .text.RCC_GetPCLK1ClockFreq
                0x000000000800419c       0x28 ./Drivers/STM32F4xx_HAL_Driver/Src/stm32f4xx_ll_rcc.o
                0x000000000800419c                RCC_GetPCLK1ClockFreq
 .text.RCC_GetPCLK2ClockFreq
                0x00000000080041c4       0x28 ./Drivers/STM32F4xx_HAL_Driver/Src/stm32f4xx_ll_rcc.o
                0x00000000080041c4                RCC_GetPCLK2ClockFreq
 .text.RCC_PLL_GetFreqDomain_SYS
                0x00000000080041ec       0xa4 ./Drivers/STM32F4xx_HAL_Driver/Src/stm32f4xx_ll_rcc.o
                0x00000000080041ec                RCC_PLL_GetFreqDomain_SYS
 .text.LL_USART_IsEnabled
                0x0000000008004290       0x28 ./Drivers/STM32F4xx_HAL_Driver/Src/stm32f4xx_ll_usart.o
 .text.LL_USART_SetStopBitsLength
                0x00000000080042b8       0x26 ./Drivers/STM32F4xx_HAL_Driver/Src/stm32f4xx_ll_usart.o
 .text.LL_USART_SetHWFlowCtrl
                0x00000000080042de       0x26 ./Drivers/STM32F4xx_HAL_Driver/Src/stm32f4xx_ll_usart.o
 .text.LL_USART_SetBaudRate
                0x0000000008004304      0x458 ./Drivers/STM32F4xx_HAL_Driver/Src/stm32f4xx_ll_usart.o
 .text.LL_USART_Init
                0x000000000800475c      0x100 ./Drivers/STM32F4xx_HAL_Driver/Src/stm32f4xx_ll_usart.o
                0x000000000800475c                LL_USART_Init
 .text.USB_CoreInit
                0x000000000800485c       0xc2 ./Drivers/STM32F4xx_HAL_Driver/Src/stm32f4xx_ll_usb.o
                0x000000000800485c                USB_CoreInit
 *fill*         0x000000000800491e        0x2 
 .text.USB_SetTurnaroundTime
                0x0000000008004920      0x144 ./Drivers/STM32F4xx_HAL_Driver/Src/stm32f4xx_ll_usb.o
                0x0000000008004920                USB_SetTurnaroundTime
 .text.USB_EnableGlobalInt
                0x0000000008004a64       0x22 ./Drivers/STM32F4xx_HAL_Driver/Src/stm32f4xx_ll_usb.o
                0x0000000008004a64                USB_EnableGlobalInt
 .text.USB_DisableGlobalInt
                0x0000000008004a86       0x22 ./Drivers/STM32F4xx_HAL_Driver/Src/stm32f4xx_ll_usb.o
                0x0000000008004a86                USB_DisableGlobalInt
 .text.USB_SetCurrentMode
                0x0000000008004aa8       0x98 ./Drivers/STM32F4xx_HAL_Driver/Src/stm32f4xx_ll_usb.o
                0x0000000008004aa8                USB_SetCurrentMode
 .text.USB_DevInit
                0x0000000008004b40      0x2bc ./Drivers/STM32F4xx_HAL_Driver/Src/stm32f4xx_ll_usb.o
                0x0000000008004b40                USB_DevInit
 .text.USB_FlushTxFifo
                0x0000000008004dfc       0x68 ./Drivers/STM32F4xx_HAL_Driver/Src/stm32f4xx_ll_usb.o
                0x0000000008004dfc                USB_FlushTxFifo
 .text.USB_FlushRxFifo
                0x0000000008004e64       0x60 ./Drivers/STM32F4xx_HAL_Driver/Src/stm32f4xx_ll_usb.o
                0x0000000008004e64                USB_FlushRxFifo
 .text.USB_SetDevSpeed
                0x0000000008004ec4       0x32 ./Drivers/STM32F4xx_HAL_Driver/Src/stm32f4xx_ll_usb.o
                0x0000000008004ec4                USB_SetDevSpeed
 .text.USB_GetDevSpeed
                0x0000000008004ef6       0x4a ./Drivers/STM32F4xx_HAL_Driver/Src/stm32f4xx_ll_usb.o
                0x0000000008004ef6                USB_GetDevSpeed
 .text.USB_ActivateEndpoint
                0x0000000008004f40      0x10e ./Drivers/STM32F4xx_HAL_Driver/Src/stm32f4xx_ll_usb.o
                0x0000000008004f40                USB_ActivateEndpoint
 *fill*         0x000000000800504e        0x2 
 .text.USB_DeactivateEndpoint
                0x0000000008005050      0x1b8 ./Drivers/STM32F4xx_HAL_Driver/Src/stm32f4xx_ll_usb.o
                0x0000000008005050                USB_DeactivateEndpoint
 .text.USB_EPStartXfer
                0x0000000008005208      0x490 ./Drivers/STM32F4xx_HAL_Driver/Src/stm32f4xx_ll_usb.o
                0x0000000008005208                USB_EPStartXfer
 .text.USB_EP0StartXfer
                0x0000000008005698      0x2b0 ./Drivers/STM32F4xx_HAL_Driver/Src/stm32f4xx_ll_usb.o
                0x0000000008005698                USB_EP0StartXfer
 .text.USB_EPStopXfer
                0x0000000008005948      0x154 ./Drivers/STM32F4xx_HAL_Driver/Src/stm32f4xx_ll_usb.o
                0x0000000008005948                USB_EPStopXfer
 .text.USB_WritePacket
                0x0000000008005a9c       0x7c ./Drivers/STM32F4xx_HAL_Driver/Src/stm32f4xx_ll_usb.o
                0x0000000008005a9c                USB_WritePacket
 .text.USB_ReadPacket
                0x0000000008005b18       0xb0 ./Drivers/STM32F4xx_HAL_Driver/Src/stm32f4xx_ll_usb.o
                0x0000000008005b18                USB_ReadPacket
 .text.USB_EPSetStall
                0x0000000008005bc8       0xdc ./Drivers/STM32F4xx_HAL_Driver/Src/stm32f4xx_ll_usb.o
                0x0000000008005bc8                USB_EPSetStall
 .text.USB_EPClearStall
                0x0000000008005ca4       0xcc ./Drivers/STM32F4xx_HAL_Driver/Src/stm32f4xx_ll_usb.o
                0x0000000008005ca4                USB_EPClearStall
 .text.USB_SetDevAddress
                0x0000000008005d70       0x4c ./Drivers/STM32F4xx_HAL_Driver/Src/stm32f4xx_ll_usb.o
                0x0000000008005d70                USB_SetDevAddress
 .text.USB_DevConnect
                0x0000000008005dbc       0x42 ./Drivers/STM32F4xx_HAL_Driver/Src/stm32f4xx_ll_usb.o
                0x0000000008005dbc                USB_DevConnect
 .text.USB_DevDisconnect
                0x0000000008005dfe       0x42 ./Drivers/STM32F4xx_HAL_Driver/Src/stm32f4xx_ll_usb.o
                0x0000000008005dfe                USB_DevDisconnect
 .text.USB_ReadInterrupts
                0x0000000008005e40       0x26 ./Drivers/STM32F4xx_HAL_Driver/Src/stm32f4xx_ll_usb.o
                0x0000000008005e40                USB_ReadInterrupts
 .text.USB_ReadDevAllOutEpInterrupt
                0x0000000008005e66       0x34 ./Drivers/STM32F4xx_HAL_Driver/Src/stm32f4xx_ll_usb.o
                0x0000000008005e66                USB_ReadDevAllOutEpInterrupt
 .text.USB_ReadDevAllInEpInterrupt
                0x0000000008005e9a       0x34 ./Drivers/STM32F4xx_HAL_Driver/Src/stm32f4xx_ll_usb.o
                0x0000000008005e9a                USB_ReadDevAllInEpInterrupt
 .text.USB_ReadDevOutEPInterrupt
                0x0000000008005ece       0x3c ./Drivers/STM32F4xx_HAL_Driver/Src/stm32f4xx_ll_usb.o
                0x0000000008005ece                USB_ReadDevOutEPInterrupt
 .text.USB_ReadDevInEPInterrupt
                0x0000000008005f0a       0x5c ./Drivers/STM32F4xx_HAL_Driver/Src/stm32f4xx_ll_usb.o
                0x0000000008005f0a                USB_ReadDevInEPInterrupt
 .text.USB_GetMode
                0x0000000008005f66       0x1c ./Drivers/STM32F4xx_HAL_Driver/Src/stm32f4xx_ll_usb.o
                0x0000000008005f66                USB_GetMode
 .text.USB_ActivateSetup
                0x0000000008005f82       0x46 ./Drivers/STM32F4xx_HAL_Driver/Src/stm32f4xx_ll_usb.o
                0x0000000008005f82                USB_ActivateSetup
 .text.USB_EP0_OutStart
                0x0000000008005fc8       0xbc ./Drivers/STM32F4xx_HAL_Driver/Src/stm32f4xx_ll_usb.o
                0x0000000008005fc8                USB_EP0_OutStart
 .text.USB_CoreReset
                0x0000000008006084       0x68 ./Drivers/STM32F4xx_HAL_Driver/Src/stm32f4xx_ll_usb.o
 .text.LL_mDelay
                0x00000000080060ec       0x4c ./Drivers/STM32F4xx_HAL_Driver/Src/stm32f4xx_ll_utils.o
                0x00000000080060ec                LL_mDelay
 .text.LL_SetSystemCoreClock
                0x0000000008006138       0x20 ./Drivers/STM32F4xx_HAL_Driver/Src/stm32f4xx_ll_utils.o
                0x0000000008006138                LL_SetSystemCoreClock
 .text.USBD_Init
                0x0000000008006158       0x80 ./Drivers/STM32_USB_Device_Library/Core/Src/usbd_core.o
                0x0000000008006158                USBD_Init
 .text.USBD_RegisterClass
                0x00000000080061d8       0x8c ./Drivers/STM32_USB_Device_Library/Core/Src/usbd_core.o
                0x00000000080061d8                USBD_RegisterClass
 .text.USBD_Start
                0x0000000008006264       0x18 ./Drivers/STM32_USB_Device_Library/Core/Src/usbd_core.o
                0x0000000008006264                USBD_Start
 .text.USBD_RunTestMode
                0x000000000800627c       0x16 ./Drivers/STM32_USB_Device_Library/Core/Src/usbd_core.o
                0x000000000800627c                USBD_RunTestMode
 .text.USBD_SetClassConfig
                0x0000000008006292       0x38 ./Drivers/STM32_USB_Device_Library/Core/Src/usbd_core.o
                0x0000000008006292                USBD_SetClassConfig
 .text.USBD_ClrClassConfig
                0x00000000080062ca       0x34 ./Drivers/STM32_USB_Device_Library/Core/Src/usbd_core.o
                0x00000000080062ca                USBD_ClrClassConfig
 .text.USBD_LL_SetupStage
                0x00000000080062fe       0xaa ./Drivers/STM32_USB_Device_Library/Core/Src/usbd_core.o
                0x00000000080062fe                USBD_LL_SetupStage
 .text.USBD_LL_DataOutStage
                0x00000000080063a8      0x166 ./Drivers/STM32_USB_Device_Library/Core/Src/usbd_core.o
                0x00000000080063a8                USBD_LL_DataOutStage
 .text.USBD_LL_DataInStage
                0x000000000800650e      0x164 ./Drivers/STM32_USB_Device_Library/Core/Src/usbd_core.o
                0x000000000800650e                USBD_LL_DataInStage
 .text.USBD_LL_Reset
                0x0000000008006672       0xa4 ./Drivers/STM32_USB_Device_Library/Core/Src/usbd_core.o
                0x0000000008006672                USBD_LL_Reset
 .text.USBD_LL_SetSpeed
                0x0000000008006716       0x20 ./Drivers/STM32_USB_Device_Library/Core/Src/usbd_core.o
                0x0000000008006716                USBD_LL_SetSpeed
 .text.USBD_LL_Suspend
                0x0000000008006736       0x2c ./Drivers/STM32_USB_Device_Library/Core/Src/usbd_core.o
                0x0000000008006736                USBD_LL_Suspend
 .text.USBD_LL_Resume
                0x0000000008006762       0x30 ./Drivers/STM32_USB_Device_Library/Core/Src/usbd_core.o
                0x0000000008006762                USBD_LL_Resume
 .text.USBD_LL_SOF
                0x0000000008006792       0x40 ./Drivers/STM32_USB_Device_Library/Core/Src/usbd_core.o
                0x0000000008006792                USBD_LL_SOF
 .text.USBD_LL_IsoINIncomplete
                0x00000000080067d2       0x64 ./Drivers/STM32_USB_Device_Library/Core/Src/usbd_core.o
                0x00000000080067d2                USBD_LL_IsoINIncomplete
 .text.USBD_LL_IsoOUTIncomplete
                0x0000000008006836       0x64 ./Drivers/STM32_USB_Device_Library/Core/Src/usbd_core.o
                0x0000000008006836                USBD_LL_IsoOUTIncomplete
 .text.USBD_LL_DevConnected
                0x000000000800689a       0x16 ./Drivers/STM32_USB_Device_Library/Core/Src/usbd_core.o
                0x000000000800689a                USBD_LL_DevConnected
 .text.USBD_LL_DevDisconnected
                0x00000000080068b0       0x46 ./Drivers/STM32_USB_Device_Library/Core/Src/usbd_core.o
                0x00000000080068b0                USBD_LL_DevDisconnected
 .text.USBD_CoreFindIF
                0x00000000080068f6       0x1a ./Drivers/STM32_USB_Device_Library/Core/Src/usbd_core.o
                0x00000000080068f6                USBD_CoreFindIF
 .text.USBD_CoreFindEP
                0x0000000008006910       0x1a ./Drivers/STM32_USB_Device_Library/Core/Src/usbd_core.o
                0x0000000008006910                USBD_CoreFindEP
 .text.USBD_GetNextDesc
                0x000000000800692a       0x3a ./Drivers/STM32_USB_Device_Library/Core/Src/usbd_core.o
                0x000000000800692a                USBD_GetNextDesc
 .text.SWAPBYTE
                0x0000000008006964       0x3c ./Drivers/STM32_USB_Device_Library/Core/Src/usbd_ctlreq.o
 .text.USBD_StdDevReq
                0x00000000080069a0       0xe4 ./Drivers/STM32_USB_Device_Library/Core/Src/usbd_ctlreq.o
                0x00000000080069a0                USBD_StdDevReq
 .text.USBD_StdItfReq
                0x0000000008006a84       0xd8 ./Drivers/STM32_USB_Device_Library/Core/Src/usbd_ctlreq.o
                0x0000000008006a84                USBD_StdItfReq
 .text.USBD_StdEPReq
                0x0000000008006b5c      0x33a ./Drivers/STM32_USB_Device_Library/Core/Src/usbd_ctlreq.o
                0x0000000008006b5c                USBD_StdEPReq
 *fill*         0x0000000008006e96        0x2 
 .text.USBD_GetDescriptor
                0x0000000008006e98      0x2d4 ./Drivers/STM32_USB_Device_Library/Core/Src/usbd_ctlreq.o
 .text.USBD_SetAddress
                0x000000000800716c       0x88 ./Drivers/STM32_USB_Device_Library/Core/Src/usbd_ctlreq.o
 .text.USBD_SetConfig
                0x00000000080071f4      0x154 ./Drivers/STM32_USB_Device_Library/Core/Src/usbd_ctlreq.o
 .text.USBD_GetConfig
                0x0000000008007348       0x6c ./Drivers/STM32_USB_Device_Library/Core/Src/usbd_ctlreq.o
 .text.USBD_GetStatus
                0x00000000080073b4       0x68 ./Drivers/STM32_USB_Device_Library/Core/Src/usbd_ctlreq.o
 .text.USBD_SetFeature
                0x000000000800741c       0x52 ./Drivers/STM32_USB_Device_Library/Core/Src/usbd_ctlreq.o
 .text.USBD_ClrFeature
                0x000000000800746e       0x44 ./Drivers/STM32_USB_Device_Library/Core/Src/usbd_ctlreq.o
 .text.USBD_ParseSetupRequest
                0x00000000080074b2       0x74 ./Drivers/STM32_USB_Device_Library/Core/Src/usbd_ctlreq.o
                0x00000000080074b2                USBD_ParseSetupRequest
 .text.USBD_CtlError
                0x0000000008007526       0x22 ./Drivers/STM32_USB_Device_Library/Core/Src/usbd_ctlreq.o
                0x0000000008007526                USBD_CtlError
 .text.USBD_GetString
                0x0000000008007548       0x8c ./Drivers/STM32_USB_Device_Library/Core/Src/usbd_ctlreq.o
                0x0000000008007548                USBD_GetString
 .text.USBD_GetLen
                0x00000000080075d4       0x34 ./Drivers/STM32_USB_Device_Library/Core/Src/usbd_ctlreq.o
 .text.USBD_CtlSendData
                0x0000000008007608       0x36 ./Drivers/STM32_USB_Device_Library/Core/Src/usbd_ioreq.o
                0x0000000008007608                USBD_CtlSendData
 .text.USBD_CtlContinueSendData
                0x000000000800763e       0x22 ./Drivers/STM32_USB_Device_Library/Core/Src/usbd_ioreq.o
                0x000000000800763e                USBD_CtlContinueSendData
 .text.USBD_CtlPrepareRx
                0x0000000008007660       0x3a ./Drivers/STM32_USB_Device_Library/Core/Src/usbd_ioreq.o
                0x0000000008007660                USBD_CtlPrepareRx
 .text.USBD_CtlContinueRx
                0x000000000800769a       0x22 ./Drivers/STM32_USB_Device_Library/Core/Src/usbd_ioreq.o
                0x000000000800769a                USBD_CtlContinueRx
 .text.USBD_CtlSendStatus
                0x00000000080076bc       0x26 ./Drivers/STM32_USB_Device_Library/Core/Src/usbd_ioreq.o
                0x00000000080076bc                USBD_CtlSendStatus
 .text.USBD_CtlReceiveStatus
                0x00000000080076e2       0x26 ./Drivers/STM32_USB_Device_Library/Core/Src/usbd_ioreq.o
                0x00000000080076e2                USBD_CtlReceiveStatus
 .text.__errno  0x0000000008007708        0xc c:/program files/st/stm32cubeide_1.9.0/stm32cubeide/plugins/com.st.stm32cube.ide.mcu.externaltools.gnu-tools-for-stm32.10.3-2021.10.win32_1.0.0.202111181127/tools/bin/../lib/gcc/arm-none-eabi/10.3.1/../../../../arm-none-eabi/lib/thumb/v7e-m+fp/hard\libc_nano.a(lib_a-errno.o)
                0x0000000008007708                __errno
 .text.__libc_init_array
                0x0000000008007714       0x48 c:/program files/st/stm32cubeide_1.9.0/stm32cubeide/plugins/com.st.stm32cube.ide.mcu.externaltools.gnu-tools-for-stm32.10.3-2021.10.win32_1.0.0.202111181127/tools/bin/../lib/gcc/arm-none-eabi/10.3.1/../../../../arm-none-eabi/lib/thumb/v7e-m+fp/hard\libc_nano.a(lib_a-init.o)
                0x0000000008007714                __libc_init_array
 .text.memset   0x000000000800775c       0x10 c:/program files/st/stm32cubeide_1.9.0/stm32cubeide/plugins/com.st.stm32cube.ide.mcu.externaltools.gnu-tools-for-stm32.10.3-2021.10.win32_1.0.0.202111181127/tools/bin/../lib/gcc/arm-none-eabi/10.3.1/../../../../arm-none-eabi/lib/thumb/v7e-m+fp/hard\libc_nano.a(lib_a-memset.o)
                0x000000000800775c                memset
 .text.printf   0x000000000800776c       0x30 c:/program files/st/stm32cubeide_1.9.0/stm32cubeide/plugins/com.st.stm32cube.ide.mcu.externaltools.gnu-tools-for-stm32.10.3-2021.10.win32_1.0.0.202111181127/tools/bin/../lib/gcc/arm-none-eabi/10.3.1/../../../../arm-none-eabi/lib/thumb/v7e-m+fp/hard\libc_nano.a(lib_a-printf.o)
                0x000000000800776c                iprintf
                0x000000000800776c                printf
 .text._puts_r  0x000000000800779c       0xdc c:/program files/st/stm32cubeide_1.9.0/stm32cubeide/plugins/com.st.stm32cube.ide.mcu.externaltools.gnu-tools-for-stm32.10.3-2021.10.win32_1.0.0.202111181127/tools/bin/../lib/gcc/arm-none-eabi/10.3.1/../../../../arm-none-eabi/lib/thumb/v7e-m+fp/hard\libc_nano.a(lib_a-puts.o)
                0x000000000800779c                _puts_r
 .text.puts     0x0000000008007878       0x10 c:/program files/st/stm32cubeide_1.9.0/stm32cubeide/plugins/com.st.stm32cube.ide.mcu.externaltools.gnu-tools-for-stm32.10.3-2021.10.win32_1.0.0.202111181127/tools/bin/../lib/gcc/arm-none-eabi/10.3.1/../../../../arm-none-eabi/lib/thumb/v7e-m+fp/hard\libc_nano.a(lib_a-puts.o)
                0x0000000008007878                puts
 .text.__swbuf_r
                0x0000000008007888       0xa4 c:/program files/st/stm32cubeide_1.9.0/stm32cubeide/plugins/com.st.stm32cube.ide.mcu.externaltools.gnu-tools-for-stm32.10.3-2021.10.win32_1.0.0.202111181127/tools/bin/../lib/gcc/arm-none-eabi/10.3.1/../../../../arm-none-eabi/lib/thumb/v7e-m+fp/hard\libc_nano.a(lib_a-wbuf.o)
                0x0000000008007888                __swbuf_r
 .text.__swsetup_r
                0x000000000800792c       0xdc c:/program files/st/stm32cubeide_1.9.0/stm32cubeide/plugins/com.st.stm32cube.ide.mcu.externaltools.gnu-tools-for-stm32.10.3-2021.10.win32_1.0.0.202111181127/tools/bin/../lib/gcc/arm-none-eabi/10.3.1/../../../../arm-none-eabi/lib/thumb/v7e-m+fp/hard\libc_nano.a(lib_a-wsetup.o)
                0x000000000800792c                __swsetup_r
 .text.__sflush_r
                0x0000000008007a08      0x10c c:/program files/st/stm32cubeide_1.9.0/stm32cubeide/plugins/com.st.stm32cube.ide.mcu.externaltools.gnu-tools-for-stm32.10.3-2021.10.win32_1.0.0.202111181127/tools/bin/../lib/gcc/arm-none-eabi/10.3.1/../../../../arm-none-eabi/lib/thumb/v7e-m+fp/hard\libc_nano.a(lib_a-fflush.o)
                0x0000000008007a08                __sflush_r
 .text._fflush_r
                0x0000000008007b14       0x78 c:/program files/st/stm32cubeide_1.9.0/stm32cubeide/plugins/com.st.stm32cube.ide.mcu.externaltools.gnu-tools-for-stm32.10.3-2021.10.win32_1.0.0.202111181127/tools/bin/../lib/gcc/arm-none-eabi/10.3.1/../../../../arm-none-eabi/lib/thumb/v7e-m+fp/hard\libc_nano.a(lib_a-fflush.o)
                0x0000000008007b14                _fflush_r
 .text.std      0x0000000008007b8c       0x48 c:/program files/st/stm32cubeide_1.9.0/stm32cubeide/plugins/com.st.stm32cube.ide.mcu.externaltools.gnu-tools-for-stm32.10.3-2021.10.win32_1.0.0.202111181127/tools/bin/../lib/gcc/arm-none-eabi/10.3.1/../../../../arm-none-eabi/lib/thumb/v7e-m+fp/hard\libc_nano.a(lib_a-findfp.o)
 .text._cleanup_r
                0x0000000008007bd4        0xc c:/program files/st/stm32cubeide_1.9.0/stm32cubeide/plugins/com.st.stm32cube.ide.mcu.externaltools.gnu-tools-for-stm32.10.3-2021.10.win32_1.0.0.202111181127/tools/bin/../lib/gcc/arm-none-eabi/10.3.1/../../../../arm-none-eabi/lib/thumb/v7e-m+fp/hard\libc_nano.a(lib_a-findfp.o)
                0x0000000008007bd4                _cleanup_r
 .text.__sfmoreglue
                0x0000000008007be0       0x2c c:/program files/st/stm32cubeide_1.9.0/stm32cubeide/plugins/com.st.stm32cube.ide.mcu.externaltools.gnu-tools-for-stm32.10.3-2021.10.win32_1.0.0.202111181127/tools/bin/../lib/gcc/arm-none-eabi/10.3.1/../../../../arm-none-eabi/lib/thumb/v7e-m+fp/hard\libc_nano.a(lib_a-findfp.o)
                0x0000000008007be0                __sfmoreglue
 .text.__sfp_lock_acquire
                0x0000000008007c0c        0xc c:/program files/st/stm32cubeide_1.9.0/stm32cubeide/plugins/com.st.stm32cube.ide.mcu.externaltools.gnu-tools-for-stm32.10.3-2021.10.win32_1.0.0.202111181127/tools/bin/../lib/gcc/arm-none-eabi/10.3.1/../../../../arm-none-eabi/lib/thumb/v7e-m+fp/hard\libc_nano.a(lib_a-findfp.o)
                0x0000000008007c0c                __sfp_lock_acquire
 .text.__sfp_lock_release
                0x0000000008007c18        0xc c:/program files/st/stm32cubeide_1.9.0/stm32cubeide/plugins/com.st.stm32cube.ide.mcu.externaltools.gnu-tools-for-stm32.10.3-2021.10.win32_1.0.0.202111181127/tools/bin/../lib/gcc/arm-none-eabi/10.3.1/../../../../arm-none-eabi/lib/thumb/v7e-m+fp/hard\libc_nano.a(lib_a-findfp.o)
                0x0000000008007c18                __sfp_lock_release
 .text.__sinit_lock_acquire
                0x0000000008007c24        0xc c:/program files/st/stm32cubeide_1.9.0/stm32cubeide/plugins/com.st.stm32cube.ide.mcu.externaltools.gnu-tools-for-stm32.10.3-2021.10.win32_1.0.0.202111181127/tools/bin/../lib/gcc/arm-none-eabi/10.3.1/../../../../arm-none-eabi/lib/thumb/v7e-m+fp/hard\libc_nano.a(lib_a-findfp.o)
                0x0000000008007c24                __sinit_lock_acquire
 .text.__sinit_lock_release
                0x0000000008007c30        0xc c:/program files/st/stm32cubeide_1.9.0/stm32cubeide/plugins/com.st.stm32cube.ide.mcu.externaltools.gnu-tools-for-stm32.10.3-2021.10.win32_1.0.0.202111181127/tools/bin/../lib/gcc/arm-none-eabi/10.3.1/../../../../arm-none-eabi/lib/thumb/v7e-m+fp/hard\libc_nano.a(lib_a-findfp.o)
                0x0000000008007c30                __sinit_lock_release
 .text.__sinit  0x0000000008007c3c       0x70 c:/program files/st/stm32cubeide_1.9.0/stm32cubeide/plugins/com.st.stm32cube.ide.mcu.externaltools.gnu-tools-for-stm32.10.3-2021.10.win32_1.0.0.202111181127/tools/bin/../lib/gcc/arm-none-eabi/10.3.1/../../../../arm-none-eabi/lib/thumb/v7e-m+fp/hard\libc_nano.a(lib_a-findfp.o)
                0x0000000008007c3c                __sinit
 .text.__sfp    0x0000000008007cac       0x8c c:/program files/st/stm32cubeide_1.9.0/stm32cubeide/plugins/com.st.stm32cube.ide.mcu.externaltools.gnu-tools-for-stm32.10.3-2021.10.win32_1.0.0.202111181127/tools/bin/../lib/gcc/arm-none-eabi/10.3.1/../../../../arm-none-eabi/lib/thumb/v7e-m+fp/hard\libc_nano.a(lib_a-findfp.o)
                0x0000000008007cac                __sfp
 .text._fwalk_reent
                0x0000000008007d38       0x3e c:/program files/st/stm32cubeide_1.9.0/stm32cubeide/plugins/com.st.stm32cube.ide.mcu.externaltools.gnu-tools-for-stm32.10.3-2021.10.win32_1.0.0.202111181127/tools/bin/../lib/gcc/arm-none-eabi/10.3.1/../../../../arm-none-eabi/lib/thumb/v7e-m+fp/hard\libc_nano.a(lib_a-fwalk.o)
                0x0000000008007d38                _fwalk_reent
 .text.__retarget_lock_init_recursive
                0x0000000008007d76        0x2 c:/program files/st/stm32cubeide_1.9.0/stm32cubeide/plugins/com.st.stm32cube.ide.mcu.externaltools.gnu-tools-for-stm32.10.3-2021.10.win32_1.0.0.202111181127/tools/bin/../lib/gcc/arm-none-eabi/10.3.1/../../../../arm-none-eabi/lib/thumb/v7e-m+fp/hard\libc_nano.a(lib_a-lock.o)
                0x0000000008007d76                __retarget_lock_init_recursive
 .text.__retarget_lock_acquire_recursive
                0x0000000008007d78        0x2 c:/program files/st/stm32cubeide_1.9.0/stm32cubeide/plugins/com.st.stm32cube.ide.mcu.externaltools.gnu-tools-for-stm32.10.3-2021.10.win32_1.0.0.202111181127/tools/bin/../lib/gcc/arm-none-eabi/10.3.1/../../../../arm-none-eabi/lib/thumb/v7e-m+fp/hard\libc_nano.a(lib_a-lock.o)
                0x0000000008007d78                __retarget_lock_acquire_recursive
 .text.__retarget_lock_release_recursive
                0x0000000008007d7a        0x2 c:/program files/st/stm32cubeide_1.9.0/stm32cubeide/plugins/com.st.stm32cube.ide.mcu.externaltools.gnu-tools-for-stm32.10.3-2021.10.win32_1.0.0.202111181127/tools/bin/../lib/gcc/arm-none-eabi/10.3.1/../../../../arm-none-eabi/lib/thumb/v7e-m+fp/hard\libc_nano.a(lib_a-lock.o)
                0x0000000008007d7a                __retarget_lock_release_recursive
 .text.__swhatbuf_r
                0x0000000008007d7c       0x4a c:/program files/st/stm32cubeide_1.9.0/stm32cubeide/plugins/com.st.stm32cube.ide.mcu.externaltools.gnu-tools-for-stm32.10.3-2021.10.win32_1.0.0.202111181127/tools/bin/../lib/gcc/arm-none-eabi/10.3.1/../../../../arm-none-eabi/lib/thumb/v7e-m+fp/hard\libc_nano.a(lib_a-makebuf.o)
                0x0000000008007d7c                __swhatbuf_r
 *fill*         0x0000000008007dc6        0x2 
 .text.__smakebuf_r
                0x0000000008007dc8       0x80 c:/program files/st/stm32cubeide_1.9.0/stm32cubeide/plugins/com.st.stm32cube.ide.mcu.externaltools.gnu-tools-for-stm32.10.3-2021.10.win32_1.0.0.202111181127/tools/bin/../lib/gcc/arm-none-eabi/10.3.1/../../../../arm-none-eabi/lib/thumb/v7e-m+fp/hard\libc_nano.a(lib_a-makebuf.o)
                0x0000000008007dc8                __smakebuf_r
 .text._free_r  0x0000000008007e48       0x98 c:/program files/st/stm32cubeide_1.9.0/stm32cubeide/plugins/com.st.stm32cube.ide.mcu.externaltools.gnu-tools-for-stm32.10.3-2021.10.win32_1.0.0.202111181127/tools/bin/../lib/gcc/arm-none-eabi/10.3.1/../../../../arm-none-eabi/lib/thumb/v7e-m+fp/hard\libc_nano.a(lib_a-nano-freer.o)
                0x0000000008007e48                _free_r
 .text.sbrk_aligned
                0x0000000008007ee0       0x40 c:/program files/st/stm32cubeide_1.9.0/stm32cubeide/plugins/com.st.stm32cube.ide.mcu.externaltools.gnu-tools-for-stm32.10.3-2021.10.win32_1.0.0.202111181127/tools/bin/../lib/gcc/arm-none-eabi/10.3.1/../../../../arm-none-eabi/lib/thumb/v7e-m+fp/hard\libc_nano.a(lib_a-nano-mallocr.o)
 .text._malloc_r
                0x0000000008007f20       0xe8 c:/program files/st/stm32cubeide_1.9.0/stm32cubeide/plugins/com.st.stm32cube.ide.mcu.externaltools.gnu-tools-for-stm32.10.3-2021.10.win32_1.0.0.202111181127/tools/bin/../lib/gcc/arm-none-eabi/10.3.1/../../../../arm-none-eabi/lib/thumb/v7e-m+fp/hard\libc_nano.a(lib_a-nano-mallocr.o)
                0x0000000008007f20                _malloc_r
 .text.__sfputc_r
                0x0000000008008008       0x2e c:/program files/st/stm32cubeide_1.9.0/stm32cubeide/plugins/com.st.stm32cube.ide.mcu.externaltools.gnu-tools-for-stm32.10.3-2021.10.win32_1.0.0.202111181127/tools/bin/../lib/gcc/arm-none-eabi/10.3.1/../../../../arm-none-eabi/lib/thumb/v7e-m+fp/hard\libc_nano.a(lib_a-nano-vfprintf.o)
 .text.__sfputs_r
                0x0000000008008036       0x24 c:/program files/st/stm32cubeide_1.9.0/stm32cubeide/plugins/com.st.stm32cube.ide.mcu.externaltools.gnu-tools-for-stm32.10.3-2021.10.win32_1.0.0.202111181127/tools/bin/../lib/gcc/arm-none-eabi/10.3.1/../../../../arm-none-eabi/lib/thumb/v7e-m+fp/hard\libc_nano.a(lib_a-nano-vfprintf.o)
                0x0000000008008036                __sfputs_r
 *fill*         0x000000000800805a        0x2 
 .text._vfprintf_r
                0x000000000800805c      0x260 c:/program files/st/stm32cubeide_1.9.0/stm32cubeide/plugins/com.st.stm32cube.ide.mcu.externaltools.gnu-tools-for-stm32.10.3-2021.10.win32_1.0.0.202111181127/tools/bin/../lib/gcc/arm-none-eabi/10.3.1/../../../../arm-none-eabi/lib/thumb/v7e-m+fp/hard\libc_nano.a(lib_a-nano-vfprintf.o)
                0x000000000800805c                _vfprintf_r
                0x000000000800805c                _vfiprintf_r
 .text._printf_common
                0x00000000080082bc       0xda c:/program files/st/stm32cubeide_1.9.0/stm32cubeide/plugins/com.st.stm32cube.ide.mcu.externaltools.gnu-tools-for-stm32.10.3-2021.10.win32_1.0.0.202111181127/tools/bin/../lib/gcc/arm-none-eabi/10.3.1/../../../../arm-none-eabi/lib/thumb/v7e-m+fp/hard\libc_nano.a(lib_a-nano-vfprintf_i.o)
                0x00000000080082bc                _printf_common
 *fill*         0x0000000008008396        0x2 
 .text._printf_i
                0x0000000008008398      0x24c c:/program files/st/stm32cubeide_1.9.0/stm32cubeide/plugins/com.st.stm32cube.ide.mcu.externaltools.gnu-tools-for-stm32.10.3-2021.10.win32_1.0.0.202111181127/tools/bin/../lib/gcc/arm-none-eabi/10.3.1/../../../../arm-none-eabi/lib/thumb/v7e-m+fp/hard\libc_nano.a(lib_a-nano-vfprintf_i.o)
                0x0000000008008398                _printf_i
 .text._sbrk_r  0x00000000080085e4       0x20 c:/program files/st/stm32cubeide_1.9.0/stm32cubeide/plugins/com.st.stm32cube.ide.mcu.externaltools.gnu-tools-for-stm32.10.3-2021.10.win32_1.0.0.202111181127/tools/bin/../lib/gcc/arm-none-eabi/10.3.1/../../../../arm-none-eabi/lib/thumb/v7e-m+fp/hard\libc_nano.a(lib_a-sbrkr.o)
                0x00000000080085e4                _sbrk_r
 .text.__sread  0x0000000008008604       0x22 c:/program files/st/stm32cubeide_1.9.0/stm32cubeide/plugins/com.st.stm32cube.ide.mcu.externaltools.gnu-tools-for-stm32.10.3-2021.10.win32_1.0.0.202111181127/tools/bin/../lib/gcc/arm-none-eabi/10.3.1/../../../../arm-none-eabi/lib/thumb/v7e-m+fp/hard\libc_nano.a(lib_a-stdio.o)
                0x0000000008008604                __sread
 .text.__swrite
                0x0000000008008626       0x38 c:/program files/st/stm32cubeide_1.9.0/stm32cubeide/plugins/com.st.stm32cube.ide.mcu.externaltools.gnu-tools-for-stm32.10.3-2021.10.win32_1.0.0.202111181127/tools/bin/../lib/gcc/arm-none-eabi/10.3.1/../../../../arm-none-eabi/lib/thumb/v7e-m+fp/hard\libc_nano.a(lib_a-stdio.o)
                0x0000000008008626                __swrite
 .text.__sseek  0x000000000800865e       0x24 c:/program files/st/stm32cubeide_1.9.0/stm32cubeide/plugins/com.st.stm32cube.ide.mcu.externaltools.gnu-tools-for-stm32.10.3-2021.10.win32_1.0.0.202111181127/tools/bin/../lib/gcc/arm-none-eabi/10.3.1/../../../../arm-none-eabi/lib/thumb/v7e-m+fp/hard\libc_nano.a(lib_a-stdio.o)
                0x000000000800865e                __sseek
 .text.__sclose
                0x0000000008008682        0x8 c:/program files/st/stm32cubeide_1.9.0/stm32cubeide/plugins/com.st.stm32cube.ide.mcu.externaltools.gnu-tools-for-stm32.10.3-2021.10.win32_1.0.0.202111181127/tools/bin/../lib/gcc/arm-none-eabi/10.3.1/../../../../arm-none-eabi/lib/thumb/v7e-m+fp/hard\libc_nano.a(lib_a-stdio.o)
                0x0000000008008682                __sclose
 *fill*         0x000000000800868a        0x2 
 .text._write_r
                0x000000000800868c       0x24 c:/program files/st/stm32cubeide_1.9.0/stm32cubeide/plugins/com.st.stm32cube.ide.mcu.externaltools.gnu-tools-for-stm32.10.3-2021.10.win32_1.0.0.202111181127/tools/bin/../lib/gcc/arm-none-eabi/10.3.1/../../../../arm-none-eabi/lib/thumb/v7e-m+fp/hard\libc_nano.a(lib_a-writer.o)
                0x000000000800868c                _write_r
 .text._close_r
                0x00000000080086b0       0x20 c:/program files/st/stm32cubeide_1.9.0/stm32cubeide/plugins/com.st.stm32cube.ide.mcu.externaltools.gnu-tools-for-stm32.10.3-2021.10.win32_1.0.0.202111181127/tools/bin/../lib/gcc/arm-none-eabi/10.3.1/../../../../arm-none-eabi/lib/thumb/v7e-m+fp/hard\libc_nano.a(lib_a-closer.o)
                0x00000000080086b0                _close_r
 .text._fstat_r
                0x00000000080086d0       0x24 c:/program files/st/stm32cubeide_1.9.0/stm32cubeide/plugins/com.st.stm32cube.ide.mcu.externaltools.gnu-tools-for-stm32.10.3-2021.10.win32_1.0.0.202111181127/tools/bin/../lib/gcc/arm-none-eabi/10.3.1/../../../../arm-none-eabi/lib/thumb/v7e-m+fp/hard\libc_nano.a(lib_a-fstatr.o)
                0x00000000080086d0                _fstat_r
 .text._isatty_r
                0x00000000080086f4       0x20 c:/program files/st/stm32cubeide_1.9.0/stm32cubeide/plugins/com.st.stm32cube.ide.mcu.externaltools.gnu-tools-for-stm32.10.3-2021.10.win32_1.0.0.202111181127/tools/bin/../lib/gcc/arm-none-eabi/10.3.1/../../../../arm-none-eabi/lib/thumb/v7e-m+fp/hard\libc_nano.a(lib_a-isattyr.o)
                0x00000000080086f4                _isatty_r
 .text._lseek_r
                0x0000000008008714       0x24 c:/program files/st/stm32cubeide_1.9.0/stm32cubeide/plugins/com.st.stm32cube.ide.mcu.externaltools.gnu-tools-for-stm32.10.3-2021.10.win32_1.0.0.202111181127/tools/bin/../lib/gcc/arm-none-eabi/10.3.1/../../../../arm-none-eabi/lib/thumb/v7e-m+fp/hard\libc_nano.a(lib_a-lseekr.o)
                0x0000000008008714                _lseek_r
 .text.__malloc_lock
                0x0000000008008738        0xc c:/program files/st/stm32cubeide_1.9.0/stm32cubeide/plugins/com.st.stm32cube.ide.mcu.externaltools.gnu-tools-for-stm32.10.3-2021.10.win32_1.0.0.202111181127/tools/bin/../lib/gcc/arm-none-eabi/10.3.1/../../../../arm-none-eabi/lib/thumb/v7e-m+fp/hard\libc_nano.a(lib_a-mlock.o)
                0x0000000008008738                __malloc_lock
 .text.__malloc_unlock
                0x0000000008008744        0xc c:/program files/st/stm32cubeide_1.9.0/stm32cubeide/plugins/com.st.stm32cube.ide.mcu.externaltools.gnu-tools-for-stm32.10.3-2021.10.win32_1.0.0.202111181127/tools/bin/../lib/gcc/arm-none-eabi/10.3.1/../../../../arm-none-eabi/lib/thumb/v7e-m+fp/hard\libc_nano.a(lib_a-mlock.o)
                0x0000000008008744                __malloc_unlock
 .text._read_r  0x0000000008008750       0x24 c:/program files/st/stm32cubeide_1.9.0/stm32cubeide/plugins/com.st.stm32cube.ide.mcu.externaltools.gnu-tools-for-stm32.10.3-2021.10.win32_1.0.0.202111181127/tools/bin/../lib/gcc/arm-none-eabi/10.3.1/../../../../arm-none-eabi/lib/thumb/v7e-m+fp/hard\libc_nano.a(lib_a-readr.o)
                0x0000000008008750                _read_r
 *(.glue_7)
 .glue_7        0x0000000008008774        0x0 linker stubs
 *(.glue_7t)
 .glue_7t       0x0000000008008774        0x0 linker stubs
 *(.eh_frame)
 .eh_frame      0x0000000008008774        0x0 c:/program files/st/stm32cubeide_1.9.0/stm32cubeide/plugins/com.st.stm32cube.ide.mcu.externaltools.gnu-tools-for-stm32.10.3-2021.10.win32_1.0.0.202111181127/tools/bin/../lib/gcc/arm-none-eabi/10.3.1/thumb/v7e-m+fp/hard/crtbegin.o
 *(.init)
 .init          0x0000000008008774        0x4 c:/program files/st/stm32cubeide_1.9.0/stm32cubeide/plugins/com.st.stm32cube.ide.mcu.externaltools.gnu-tools-for-stm32.10.3-2021.10.win32_1.0.0.202111181127/tools/bin/../lib/gcc/arm-none-eabi/10.3.1/thumb/v7e-m+fp/hard/crti.o
                0x0000000008008774                _init
 .init          0x0000000008008778        0x8 c:/program files/st/stm32cubeide_1.9.0/stm32cubeide/plugins/com.st.stm32cube.ide.mcu.externaltools.gnu-tools-for-stm32.10.3-2021.10.win32_1.0.0.202111181127/tools/bin/../lib/gcc/arm-none-eabi/10.3.1/thumb/v7e-m+fp/hard/crtn.o
 *(.fini)
 .fini          0x0000000008008780        0x4 c:/program files/st/stm32cubeide_1.9.0/stm32cubeide/plugins/com.st.stm32cube.ide.mcu.externaltools.gnu-tools-for-stm32.10.3-2021.10.win32_1.0.0.202111181127/tools/bin/../lib/gcc/arm-none-eabi/10.3.1/thumb/v7e-m+fp/hard/crti.o
                0x0000000008008780                _fini
 .fini          0x0000000008008784        0x8 c:/program files/st/stm32cubeide_1.9.0/stm32cubeide/plugins/com.st.stm32cube.ide.mcu.externaltools.gnu-tools-for-stm32.10.3-2021.10.win32_1.0.0.202111181127/tools/bin/../lib/gcc/arm-none-eabi/10.3.1/thumb/v7e-m+fp/hard/crtn.o
                0x000000000800878c                . = ALIGN (0x4)
                0x000000000800878c                _etext = .

.vfp11_veneer   0x000000000800878c        0x0
 .vfp11_veneer  0x000000000800878c        0x0 linker stubs

.v4_bx          0x000000000800878c        0x0
 .v4_bx         0x000000000800878c        0x0 linker stubs

.iplt           0x000000000800878c        0x0
 .iplt          0x000000000800878c        0x0 c:/program files/st/stm32cubeide_1.9.0/stm32cubeide/plugins/com.st.stm32cube.ide.mcu.externaltools.gnu-tools-for-stm32.10.3-2021.10.win32_1.0.0.202111181127/tools/bin/../lib/gcc/arm-none-eabi/10.3.1/thumb/v7e-m+fp/hard/crtbegin.o

.rodata         0x000000000800878c      0x138
                0x000000000800878c                . = ALIGN (0x4)
 *(.rodata)
 .rodata        0x000000000800878c       0x48 ./Core/USB_DEVICE/App/usbd_desc.o
 .rodata        0x00000000080087d4       0x3d ./Drivers/STM32_USB_Device_Library/Core/Src/usbd_core.o
 *(.rodata*)
 *fill*         0x0000000008008811        0x3 
 .rodata.AHBPrescTable
                0x0000000008008814       0x10 ./Core/Src/system_stm32f4xx.o
                0x0000000008008814                AHBPrescTable
 .rodata.APBPrescTable
                0x0000000008008824        0x8 ./Core/Src/system_stm32f4xx.o
                0x0000000008008824                APBPrescTable
 .rodata._global_impure_ptr
                0x000000000800882c        0x4 c:/program files/st/stm32cubeide_1.9.0/stm32cubeide/plugins/com.st.stm32cube.ide.mcu.externaltools.gnu-tools-for-stm32.10.3-2021.10.win32_1.0.0.202111181127/tools/bin/../lib/gcc/arm-none-eabi/10.3.1/../../../../arm-none-eabi/lib/thumb/v7e-m+fp/hard\libc_nano.a(lib_a-impure.o)
                0x000000000800882c                _global_impure_ptr
 .rodata.__sf_fake_stderr
                0x0000000008008830       0x20 c:/program files/st/stm32cubeide_1.9.0/stm32cubeide/plugins/com.st.stm32cube.ide.mcu.externaltools.gnu-tools-for-stm32.10.3-2021.10.win32_1.0.0.202111181127/tools/bin/../lib/gcc/arm-none-eabi/10.3.1/../../../../arm-none-eabi/lib/thumb/v7e-m+fp/hard\libc_nano.a(lib_a-findfp.o)
                0x0000000008008830                __sf_fake_stderr
 .rodata.__sf_fake_stdin
                0x0000000008008850       0x20 c:/program files/st/stm32cubeide_1.9.0/stm32cubeide/plugins/com.st.stm32cube.ide.mcu.externaltools.gnu-tools-for-stm32.10.3-2021.10.win32_1.0.0.202111181127/tools/bin/../lib/gcc/arm-none-eabi/10.3.1/../../../../arm-none-eabi/lib/thumb/v7e-m+fp/hard\libc_nano.a(lib_a-findfp.o)
                0x0000000008008850                __sf_fake_stdin
 .rodata.__sf_fake_stdout
                0x0000000008008870       0x20 c:/program files/st/stm32cubeide_1.9.0/stm32cubeide/plugins/com.st.stm32cube.ide.mcu.externaltools.gnu-tools-for-stm32.10.3-2021.10.win32_1.0.0.202111181127/tools/bin/../lib/gcc/arm-none-eabi/10.3.1/../../../../arm-none-eabi/lib/thumb/v7e-m+fp/hard\libc_nano.a(lib_a-findfp.o)
                0x0000000008008870                __sf_fake_stdout
 .rodata._vfprintf_r.str1.1
                0x0000000008008890       0x11 c:/program files/st/stm32cubeide_1.9.0/stm32cubeide/plugins/com.st.stm32cube.ide.mcu.externaltools.gnu-tools-for-stm32.10.3-2021.10.win32_1.0.0.202111181127/tools/bin/../lib/gcc/arm-none-eabi/10.3.1/../../../../arm-none-eabi/lib/thumb/v7e-m+fp/hard\libc_nano.a(lib_a-nano-vfprintf.o)
 .rodata._printf_i.str1.1
                0x00000000080088a1       0x22 c:/program files/st/stm32cubeide_1.9.0/stm32cubeide/plugins/com.st.stm32cube.ide.mcu.externaltools.gnu-tools-for-stm32.10.3-2021.10.win32_1.0.0.202111181127/tools/bin/../lib/gcc/arm-none-eabi/10.3.1/../../../../arm-none-eabi/lib/thumb/v7e-m+fp/hard\libc_nano.a(lib_a-nano-vfprintf_i.o)
                0x00000000080088c4                . = ALIGN (0x4)
 *fill*         0x00000000080088c3        0x1 

.ARM.extab      0x00000000080088c4        0x0
                0x00000000080088c4                . = ALIGN (0x4)
 *(.ARM.extab* .gnu.linkonce.armextab.*)
                0x00000000080088c4                . = ALIGN (0x4)

.ARM            0x00000000080088c4        0x8
                0x00000000080088c4                . = ALIGN (0x4)
                0x00000000080088c4                __exidx_start = .
 *(.ARM.exidx*)
 .ARM.exidx     0x00000000080088c4        0x8 c:/program files/st/stm32cubeide_1.9.0/stm32cubeide/plugins/com.st.stm32cube.ide.mcu.externaltools.gnu-tools-for-stm32.10.3-2021.10.win32_1.0.0.202111181127/tools/bin/../lib/gcc/arm-none-eabi/10.3.1/thumb/v7e-m+fp/hard\libgcc.a(_udivmoddi4.o)
                0x00000000080088cc                __exidx_end = .
                0x00000000080088cc                . = ALIGN (0x4)

.rel.dyn        0x00000000080088cc        0x0
 .rel.iplt      0x00000000080088cc        0x0 c:/program files/st/stm32cubeide_1.9.0/stm32cubeide/plugins/com.st.stm32cube.ide.mcu.externaltools.gnu-tools-for-stm32.10.3-2021.10.win32_1.0.0.202111181127/tools/bin/../lib/gcc/arm-none-eabi/10.3.1/thumb/v7e-m+fp/hard/crtbegin.o

.preinit_array  0x00000000080088cc        0x0
                0x00000000080088cc                . = ALIGN (0x4)
                0x00000000080088cc                PROVIDE (__preinit_array_start = .)
 *(.preinit_array*)
                0x00000000080088cc                PROVIDE (__preinit_array_end = .)
                0x00000000080088cc                . = ALIGN (0x4)

.init_array     0x00000000080088cc        0x4
                0x00000000080088cc                . = ALIGN (0x4)
                0x00000000080088cc                PROVIDE (__init_array_start = .)
 *(SORT_BY_NAME(.init_array.*))
 *(.init_array*)
 .init_array    0x00000000080088cc        0x4 c:/program files/st/stm32cubeide_1.9.0/stm32cubeide/plugins/com.st.stm32cube.ide.mcu.externaltools.gnu-tools-for-stm32.10.3-2021.10.win32_1.0.0.202111181127/tools/bin/../lib/gcc/arm-none-eabi/10.3.1/thumb/v7e-m+fp/hard/crtbegin.o
                0x00000000080088d0                PROVIDE (__init_array_end = .)
                0x00000000080088d0                . = ALIGN (0x4)

.fini_array     0x00000000080088d0        0x4
                0x00000000080088d0                . = ALIGN (0x4)
                [!provide]                        PROVIDE (__fini_array_start = .)
 *(SORT_BY_NAME(.fini_array.*))
 *(.fini_array*)
 .fini_array    0x00000000080088d0        0x4 c:/program files/st/stm32cubeide_1.9.0/stm32cubeide/plugins/com.st.stm32cube.ide.mcu.externaltools.gnu-tools-for-stm32.10.3-2021.10.win32_1.0.0.202111181127/tools/bin/../lib/gcc/arm-none-eabi/10.3.1/thumb/v7e-m+fp/hard/crtbegin.o
                [!provide]                        PROVIDE (__fini_array_end = .)
                0x00000000080088d4                . = ALIGN (0x4)
                0x00000000080088d4                _sidata = LOADADDR (.data)

.data           0x0000000020000000      0x1a8 load address 0x00000000080088d4
                0x0000000020000000                . = ALIGN (0x4)
                0x0000000020000000                _sdata = .
 *(.data)
 *(.data*)
 .data.SystemCoreClock
                0x0000000020000000        0x4 ./Core/Src/system_stm32f4xx.o
                0x0000000020000000                SystemCoreClock
 .data.USBD_AUDIO
                0x0000000020000004       0x38 ./Core/USB_DEVICE/App/usbd_audio.o
                0x0000000020000004                USBD_AUDIO
 .data.USBD_AUDIO_CfgDesc
                0x000000002000003c       0x86 ./Core/USB_DEVICE/App/usbd_audio.o
 *fill*         0x00000000200000c2        0x2 
 .data.USBD_AUDIO_DeviceQualifierDesc
                0x00000000200000c4        0xa ./Core/USB_DEVICE/App/usbd_audio.o
 .data.AUDIOOutEpAdd
                0x00000000200000ce        0x1 ./Core/USB_DEVICE/App/usbd_audio.o
 *fill*         0x00000000200000cf        0x1 
 .data.USBD_AUDIO_fops_HS
                0x00000000200000d0       0x1c ./Core/USB_DEVICE/App/usbd_audio_if.o
                0x00000000200000d0                USBD_AUDIO_fops_HS
 .data.HS_Desc  0x00000000200000ec       0x1c ./Core/USB_DEVICE/App/usbd_desc.o
                0x00000000200000ec                HS_Desc
 .data.USBD_HS_DeviceDesc
                0x0000000020000108       0x12 ./Core/USB_DEVICE/App/usbd_desc.o
                0x0000000020000108                USBD_HS_DeviceDesc
 *fill*         0x000000002000011a        0x2 
 .data.USBD_LangIDDesc
                0x000000002000011c        0x4 ./Core/USB_DEVICE/App/usbd_desc.o
                0x000000002000011c                USBD_LangIDDesc
 .data.USBD_StringSerial
                0x0000000020000120       0x1a ./Core/USB_DEVICE/App/usbd_desc.o
                0x0000000020000120                USBD_StringSerial
 *fill*         0x000000002000013a        0x2 
 .data.uwTickPrio
                0x000000002000013c        0x4 ./Drivers/STM32F4xx_HAL_Driver/Src/stm32f4xx_hal.o
                0x000000002000013c                uwTickPrio
 .data.uwTickFreq
                0x0000000020000140        0x1 ./Drivers/STM32F4xx_HAL_Driver/Src/stm32f4xx_hal.o
                0x0000000020000140                uwTickFreq
 *fill*         0x0000000020000141        0x3 
 .data._impure_ptr
                0x0000000020000144        0x4 c:/program files/st/stm32cubeide_1.9.0/stm32cubeide/plugins/com.st.stm32cube.ide.mcu.externaltools.gnu-tools-for-stm32.10.3-2021.10.win32_1.0.0.202111181127/tools/bin/../lib/gcc/arm-none-eabi/10.3.1/../../../../arm-none-eabi/lib/thumb/v7e-m+fp/hard\libc_nano.a(lib_a-impure.o)
                0x0000000020000144                _impure_ptr
 .data.impure_data
                0x0000000020000148       0x60 c:/program files/st/stm32cubeide_1.9.0/stm32cubeide/plugins/com.st.stm32cube.ide.mcu.externaltools.gnu-tools-for-stm32.10.3-2021.10.win32_1.0.0.202111181127/tools/bin/../lib/gcc/arm-none-eabi/10.3.1/../../../../arm-none-eabi/lib/thumb/v7e-m+fp/hard\libc_nano.a(lib_a-impure.o)
 *(.RamFunc)
 *(.RamFunc*)
                0x00000000200001a8                . = ALIGN (0x4)
                0x00000000200001a8                _edata = .

.igot.plt       0x00000000200001a8        0x0 load address 0x0000000008008a7c
 .igot.plt      0x00000000200001a8        0x0 c:/program files/st/stm32cubeide_1.9.0/stm32cubeide/plugins/com.st.stm32cube.ide.mcu.externaltools.gnu-tools-for-stm32.10.3-2021.10.win32_1.0.0.202111181127/tools/bin/../lib/gcc/arm-none-eabi/10.3.1/thumb/v7e-m+fp/hard/crtbegin.o
                0x00000000200001a8                . = ALIGN (0x4)

.bss            0x00000000200001a8     0x25f0 load address 0x0000000008008a7c
                0x00000000200001a8                _sbss = .
                0x00000000200001a8                __bss_start__ = _sbss
 *(.bss)
 .bss           0x00000000200001a8       0x1c c:/program files/st/stm32cubeide_1.9.0/stm32cubeide/plugins/com.st.stm32cube.ide.mcu.externaltools.gnu-tools-for-stm32.10.3-2021.10.win32_1.0.0.202111181127/tools/bin/../lib/gcc/arm-none-eabi/10.3.1/thumb/v7e-m+fp/hard/crtbegin.o
 *(.bss*)
 .bss.hpcd_USB_OTG_HS
                0x00000000200001c4      0x50c ./Core/Src/main.o
                0x00000000200001c4                hpcd_USB_OTG_HS
 .bss.__sbrk_heap_end
                0x00000000200006d0        0x4 ./Core/Src/sysmem.o
 .bss.hUsbDeviceHS
                0x00000000200006d4      0x2dc ./Core/USB_DEVICE/App/usb_device.o
                0x00000000200006d4                hUsbDeviceHS
 .bss.USBD_StrDesc
                0x00000000200009b0      0x200 ./Core/USB_DEVICE/App/usbd_desc.o
                0x00000000200009b0                USBD_StrDesc
 .bss.mem.0     0x0000000020000bb0     0x1bd4 ./Core/USB_DEVICE/Target/usbd_conf.o
 .bss.uwTick    0x0000000020002784        0x4 ./Drivers/STM32F4xx_HAL_Driver/Src/stm32f4xx_hal.o
                0x0000000020002784                uwTick
 .bss.cfgidx.0  0x0000000020002788        0x1 ./Drivers/STM32_USB_Device_Library/Core/Src/usbd_ctlreq.o
 .bss.__lock___malloc_recursive_mutex
                0x0000000020002789        0x1 c:/program files/st/stm32cubeide_1.9.0/stm32cubeide/plugins/com.st.stm32cube.ide.mcu.externaltools.gnu-tools-for-stm32.10.3-2021.10.win32_1.0.0.202111181127/tools/bin/../lib/gcc/arm-none-eabi/10.3.1/../../../../arm-none-eabi/lib/thumb/v7e-m+fp/hard\libc_nano.a(lib_a-lock.o)
                0x0000000020002789                __lock___malloc_recursive_mutex
 .bss.__lock___sfp_recursive_mutex
                0x000000002000278a        0x1 c:/program files/st/stm32cubeide_1.9.0/stm32cubeide/plugins/com.st.stm32cube.ide.mcu.externaltools.gnu-tools-for-stm32.10.3-2021.10.win32_1.0.0.202111181127/tools/bin/../lib/gcc/arm-none-eabi/10.3.1/../../../../arm-none-eabi/lib/thumb/v7e-m+fp/hard\libc_nano.a(lib_a-lock.o)
                0x000000002000278a                __lock___sfp_recursive_mutex
 .bss.__lock___sinit_recursive_mutex
                0x000000002000278b        0x1 c:/program files/st/stm32cubeide_1.9.0/stm32cubeide/plugins/com.st.stm32cube.ide.mcu.externaltools.gnu-tools-for-stm32.10.3-2021.10.win32_1.0.0.202111181127/tools/bin/../lib/gcc/arm-none-eabi/10.3.1/../../../../arm-none-eabi/lib/thumb/v7e-m+fp/hard\libc_nano.a(lib_a-lock.o)
                0x000000002000278b                __lock___sinit_recursive_mutex
 .bss.__malloc_free_list
                0x000000002000278c        0x4 c:/program files/st/stm32cubeide_1.9.0/stm32cubeide/plugins/com.st.stm32cube.ide.mcu.externaltools.gnu-tools-for-stm32.10.3-2021.10.win32_1.0.0.202111181127/tools/bin/../lib/gcc/arm-none-eabi/10.3.1/../../../../arm-none-eabi/lib/thumb/v7e-m+fp/hard\libc_nano.a(lib_a-nano-mallocr.o)
                0x000000002000278c                __malloc_free_list
 .bss.__malloc_sbrk_start
                0x0000000020002790        0x4 c:/program files/st/stm32cubeide_1.9.0/stm32cubeide/plugins/com.st.stm32cube.ide.mcu.externaltools.gnu-tools-for-stm32.10.3-2021.10.win32_1.0.0.202111181127/tools/bin/../lib/gcc/arm-none-eabi/10.3.1/../../../../arm-none-eabi/lib/thumb/v7e-m+fp/hard\libc_nano.a(lib_a-nano-mallocr.o)
                0x0000000020002790                __malloc_sbrk_start
 .bss.errno     0x0000000020002794        0x4 c:/program files/st/stm32cubeide_1.9.0/stm32cubeide/plugins/com.st.stm32cube.ide.mcu.externaltools.gnu-tools-for-stm32.10.3-2021.10.win32_1.0.0.202111181127/tools/bin/../lib/gcc/arm-none-eabi/10.3.1/../../../../arm-none-eabi/lib/thumb/v7e-m+fp/hard\libc_nano.a(lib_a-reent.o)
                0x0000000020002794                errno
 *(COMMON)
                0x0000000020002798                . = ALIGN (0x4)
                0x0000000020002798                _ebss = .
                0x0000000020002798                __bss_end__ = _ebss

._user_heap_stack
                0x0000000020002798      0x600 load address 0x0000000008008a7c
                0x0000000020002798                . = ALIGN (0x8)
                [!provide]                        PROVIDE (end = .)
                0x0000000020002798                PROVIDE (_end = .)
                0x0000000020002998                . = (. + _Min_Heap_Size)
 *fill*         0x0000000020002798      0x200 
                0x0000000020002d98                . = (. + _Min_Stack_Size)
 *fill*         0x0000000020002998      0x400 
                0x0000000020002d98                . = ALIGN (0x8)

/DISCARD/
 libc.a(*)
 libm.a(*)
 libgcc.a(*)

.ARM.attributes
                0x0000000000000000       0x30
 *(.ARM.attributes)
 .ARM.attributes
                0x0000000000000000       0x1e c:/program files/st/stm32cubeide_1.9.0/stm32cubeide/plugins/com.st.stm32cube.ide.mcu.externaltools.gnu-tools-for-stm32.10.3-2021.10.win32_1.0.0.202111181127/tools/bin/../lib/gcc/arm-none-eabi/10.3.1/thumb/v7e-m+fp/hard/crti.o
 .ARM.attributes
                0x000000000000001e       0x34 c:/program files/st/stm32cubeide_1.9.0/stm32cubeide/plugins/com.st.stm32cube.ide.mcu.externaltools.gnu-tools-for-stm32.10.3-2021.10.win32_1.0.0.202111181127/tools/bin/../lib/gcc/arm-none-eabi/10.3.1/thumb/v7e-m+fp/hard/crtbegin.o
 .ARM.attributes
                0x0000000000000052       0x34 ./Core/Src/main.o
 .ARM.attributes
                0x0000000000000086       0x34 ./Core/Src/stm32f4xx_hal_msp.o
 .ARM.attributes
                0x00000000000000ba       0x34 ./Core/Src/stm32f4xx_it.o
 .ARM.attributes
                0x00000000000000ee       0x34 ./Core/Src/syscalls.o
 .ARM.attributes
                0x0000000000000122       0x34 ./Core/Src/sysmem.o
 .ARM.attributes
                0x0000000000000156       0x34 ./Core/Src/system_stm32f4xx.o
 .ARM.attributes
                0x000000000000018a       0x21 ./Core/Startup/startup_stm32f446retx.o
 .ARM.attributes
                0x00000000000001ab       0x34 ./Core/USB_DEVICE/App/usb_device.o
 .ARM.attributes
                0x00000000000001df       0x34 ./Core/USB_DEVICE/App/usbd_audio.o
 .ARM.attributes
                0x0000000000000213       0x34 ./Core/USB_DEVICE/App/usbd_audio_if.o
 .ARM.attributes
                0x0000000000000247       0x34 ./Core/USB_DEVICE/App/usbd_desc.o
 .ARM.attributes
                0x000000000000027b       0x34 ./Core/USB_DEVICE/Target/usbd_conf.o
 .ARM.attributes
                0x00000000000002af       0x34 ./Drivers/STM32F4xx_HAL_Driver/Src/stm32f4xx_hal.o
 .ARM.attributes
                0x00000000000002e3       0x34 ./Drivers/STM32F4xx_HAL_Driver/Src/stm32f4xx_hal_cortex.o
 .ARM.attributes
                0x0000000000000317       0x34 ./Drivers/STM32F4xx_HAL_Driver/Src/stm32f4xx_hal_gpio.o
 .ARM.attributes
                0x000000000000034b       0x34 ./Drivers/STM32F4xx_HAL_Driver/Src/stm32f4xx_hal_pcd.o
 .ARM.attributes
                0x000000000000037f       0x34 ./Drivers/STM32F4xx_HAL_Driver/Src/stm32f4xx_hal_pcd_ex.o
 .ARM.attributes
                0x00000000000003b3       0x34 ./Drivers/STM32F4xx_HAL_Driver/Src/stm32f4xx_hal_rcc.o
 .ARM.attributes
                0x00000000000003e7       0x34 ./Drivers/STM32F4xx_HAL_Driver/Src/stm32f4xx_ll_gpio.o
 .ARM.attributes
                0x000000000000041b       0x34 ./Drivers/STM32F4xx_HAL_Driver/Src/stm32f4xx_ll_rcc.o
 .ARM.attributes
                0x000000000000044f       0x34 ./Drivers/STM32F4xx_HAL_Driver/Src/stm32f4xx_ll_usart.o
 .ARM.attributes
                0x0000000000000483       0x34 ./Drivers/STM32F4xx_HAL_Driver/Src/stm32f4xx_ll_usb.o
 .ARM.attributes
                0x00000000000004b7       0x34 ./Drivers/STM32F4xx_HAL_Driver/Src/stm32f4xx_ll_utils.o
 .ARM.attributes
                0x00000000000004eb       0x34 ./Drivers/STM32_USB_Device_Library/Core/Src/usbd_core.o
 .ARM.attributes
                0x000000000000051f       0x34 ./Drivers/STM32_USB_Device_Library/Core/Src/usbd_ctlreq.o
 .ARM.attributes
                0x0000000000000553       0x34 ./Drivers/STM32_USB_Device_Library/Core/Src/usbd_ioreq.o
 .ARM.attributes
                0x0000000000000587       0x34 c:/program files/st/stm32cubeide_1.9.0/stm32cubeide/plugins/com.st.stm32cube.ide.mcu.externaltools.gnu-tools-for-stm32.10.3-2021.10.win32_1.0.0.202111181127/tools/bin/../lib/gcc/arm-none-eabi/10.3.1/../../../../arm-none-eabi/lib/thumb/v7e-m+fp/hard\libc_nano.a(lib_a-errno.o)
 .ARM.attributes
                0x00000000000005bb       0x34 c:/program files/st/stm32cubeide_1.9.0/stm32cubeide/plugins/com.st.stm32cube.ide.mcu.externaltools.gnu-tools-for-stm32.10.3-2021.10.win32_1.0.0.202111181127/tools/bin/../lib/gcc/arm-none-eabi/10.3.1/../../../../arm-none-eabi/lib/thumb/v7e-m+fp/hard\libc_nano.a(lib_a-impure.o)
 .ARM.attributes
                0x00000000000005ef       0x34 c:/program files/st/stm32cubeide_1.9.0/stm32cubeide/plugins/com.st.stm32cube.ide.mcu.externaltools.gnu-tools-for-stm32.10.3-2021.10.win32_1.0.0.202111181127/tools/bin/../lib/gcc/arm-none-eabi/10.3.1/../../../../arm-none-eabi/lib/thumb/v7e-m+fp/hard\libc_nano.a(lib_a-init.o)
 .ARM.attributes