Archive member included to satisfy reference by file (symbol)

c:/program files/st/stm32cubeide_1.9.0/stm32cubeide/plugins/com.st.stm32cube.ide.mcu.externaltools.gnu-tools-for-stm32.10.3-2021.10.win32_1.0.0.202111181127/tools/bin/../lib/gcc/arm-none-eabi/10.3.1/../../../../arm-none-eabi/lib/thumb/v7e-m+fp/hard\libc_nano.a(lib_a-errno.o)
                              ./Core/Src/syscalls.o (__errno)
c:/program files/st/stm32cubeide_1.9.0/stm32cubeide/plugins/com.st.stm32cube.ide.mcu.externaltools.gnu-tools-for-stm32.10.3-2021.10.win32_1.0.0.202111181127/tools/bin/../lib/gcc/arm-none-eabi/10.3.1/../../../../arm-none-eabi/lib/thumb/v7e-m+fp/hard\libc_nano.a(lib_a-exit.o)
                              c:/program files/st/stm32cubeide_1.9.0/stm32cubeide/plugins/com.st.stm32cube.ide.mcu.externaltools.gnu-tools-for-stm32.10.3-2021.10.win32_1.0.0.202111181127/tools/bin/../lib/gcc/arm-none-eabi/10.3.1/../../../../arm-none-eabi/lib/thumb/v7e-m+fp/hard/crt0.o (exit)
c:/program files/st/stm32cubeide_1.9.0/stm32cubeide/plugins/com.st.stm32cube.ide.mcu.externaltools.gnu-tools-for-stm32.10.3-2021.10.win32_1.0.0.202111181127/tools/bin/../lib/gcc/arm-none-eabi/10.3.1/../../../../arm-none-eabi/lib/thumb/v7e-m+fp/hard\libc_nano.a(lib_a-impure.o)
                              c:/program files/st/stm32cubeide_1.9.0/stm32cubeide/plugins/com.st.stm32cube.ide.mcu.externaltools.gnu-tools-for-stm32.10.3-2021.10.win32_1.0.0.202111181127/tools/bin/../lib/gcc/arm-none-eabi/10.3.1/../../../../arm-none-eabi/lib/thumb/v7e-m+fp/hard\libc_nano.a(lib_a-exit.o) (_global_impure_ptr)
c:/program files/st/stm32cubeide_1.9.0/stm32cubeide/plugins/com.st.stm32cube.ide.mcu.externaltools.gnu-tools-for-stm32.10.3-2021.10.win32_1.0.0.202111181127/tools/bin/../lib/gcc/arm-none-eabi/10.3.1/../../../../arm-none-eabi/lib/thumb/v7e-m+fp/hard\libc_nano.a(lib_a-init.o)
                              c:/program files/st/stm32cubeide_1.9.0/stm32cubeide/plugins/com.st.stm32cube.ide.mcu.externaltools.gnu-tools-for-stm32.10.3-2021.10.win32_1.0.0.202111181127/tools/bin/../lib/gcc/arm-none-eabi/10.3.1/../../../../arm-none-eabi/lib/thumb/v7e-m+fp/hard/crt0.o (__libc_init_array)
c:/program files/st/stm32cubeide_1.9.0/stm32cubeide/plugins/com.st.stm32cube.ide.mcu.externaltools.gnu-tools-for-stm32.10.3-2021.10.win32_1.0.0.202111181127/tools/bin/../lib/gcc/arm-none-eabi/10.3.1/../../../../arm-none-eabi/lib/thumb/v7e-m+fp/hard\libc_nano.a(lib_a-memset.o)
                              c:/program files/st/stm32cubeide_1.9.0/stm32cubeide/plugins/com.st.stm32cube.ide.mcu.externaltools.gnu-tools-for-stm32.10.3-2021.10.win32_1.0.0.202111181127/tools/bin/../lib/gcc/arm-none-eabi/10.3.1/../../../../arm-none-eabi/lib/thumb/v7e-m+fp/hard/crt0.o (memset)
c:/program files/st/stm32cubeide_1.9.0/stm32cubeide/plugins/com.st.stm32cube.ide.mcu.externaltools.gnu-tools-for-stm32.10.3-2021.10.win32_1.0.0.202111181127/tools/bin/../lib/gcc/arm-none-eabi/10.3.1/../../../../arm-none-eabi/lib/thumb/v7e-m+fp/hard\libc_nano.a(lib_a-printf.o)
                              ./Core/USB_DEVICE/App/usbd_audio.o (printf)
c:/program files/st/stm32cubeide_1.9.0/stm32cubeide/plugins/com.st.stm32cube.ide.mcu.externaltools.gnu-tools-for-stm32.10.3-2021.10.win32_1.0.0.202111181127/tools/bin/../lib/gcc/arm-none-eabi/10.3.1/../../../../arm-none-eabi/lib/thumb/v7e-m+fp/hard\libc_nano.a(lib_a-puts.o)
                              ./Core/USB_DEVICE/App/usbd_audio.o (puts)
c:/program files/st/stm32cubeide_1.9.0/stm32cubeide/plugins/com.st.stm32cube.ide.mcu.externaltools.gnu-tools-for-stm32.10.3-2021.10.win32_1.0.0.202111181127/tools/bin/../lib/gcc/arm-none-eabi/10.3.1/../../../../arm-none-eabi/lib/thumb/v7e-m+fp/hard\libc_nano.a(lib_a-wbuf.o)
                              c:/program files/st/stm32cubeide_1.9.0/stm32cubeide/plugins/com.st.stm32cube.ide.mcu.externaltools.gnu-tools-for-stm32.10.3-2021.10.win32_1.0.0.202111181127/tools/bin/../lib/gcc/arm-none-eabi/10.3.1/../../../../arm-none-eabi/lib/thumb/v7e-m+fp/hard\libc_nano.a(lib_a-puts.o) (__swbuf_r)
c:/program files/st/stm32cubeide_1.9.0/stm32cubeide/plugins/com.st.stm32cube.ide.mcu.externaltools.gnu-tools-for-stm32.10.3-2021.10.win32_1.0.0.202111181127/tools/bin/../lib/gcc/arm-none-eabi/10.3.1/../../../../arm-none-eabi/lib/thumb/v7e-m+fp/hard\libc_nano.a(lib_a-wsetup.o)
                              c:/program files/st/stm32cubeide_1.9.0/stm32cubeide/plugins/com.st.stm32cube.ide.mcu.externaltools.gnu-tools-for-stm32.10.3-2021.10.win32_1.0.0.202111181127/tools/bin/../lib/gcc/arm-none-eabi/10.3.1/../../../../arm-none-eabi/lib/thumb/v7e-m+fp/hard\libc_nano.a(lib_a-puts.o) (__swsetup_r)
c:/program files/st/stm32cubeide_1.9.0/stm32cubeide/plugins/com.st.stm32cube.ide.mcu.externaltools.gnu-tools-for-stm32.10.3-2021.10.win32_1.0.0.202111181127/tools/bin/../lib/gcc/arm-none-eabi/10.3.1/../../../../arm-none-eabi/lib/thumb/v7e-m+fp/hard\libc_nano.a(lib_a-fflush.o)
[...]
Memory Configuration

Name             Origin             Length             Attributes
RAM              0x0000000020000000 0x0000000000020000 xrw
FLASH            0x0000000008000000 0x0000000000080000 xr
*default*        0x0000000000000000 0xffffffffffffffff

Linker script and memory map

LOAD c:/program files/st/stm32cubeide_1.9.0/stm32cubeide/plugins/com.st.stm32cube.ide.mcu.externaltools.gnu-tools-for-stm32.10.3-2021.10.win32_1.0.0.202111181127/tools/bin/../lib/gcc/arm-none-eabi/10.3.1/thumb/v7e-m+fp/hard/crti.o
LOAD c:/program files/st/stm32cubeide_1.9.0/stm32cubeide/plugins/com.st.stm32cube.ide.mcu.externaltools.gnu-tools-for-stm32.10.3-2021.10.win32_1.0.0.202111181127/tools/bin/../lib/gcc/arm-none-eabi/10.3.1/thumb/v7e-m+fp/hard/crtbegin.o
LOAD c:/program files/st/stm32cubeide_1.9.0/stm32cubeide/plugins/com.st.stm32cube.ide.mcu.externaltools.gnu-tools-for-stm32.10.3-2021.10.win32_1.0.0.202111181127/tools/bin/../lib/gcc/arm-none-eabi/10.3.1/../../../../arm-none-eabi/lib/thumb/v7e-m+fp/hard/crt0.o
LOAD ./Core/Src/main.o
LOAD ./Core/Src/stm32f4xx_hal_msp.o
LOAD ./Core/Src/stm32f4xx_it.o
LOAD ./Core/Src/syscalls.o
LOAD ./Core/Src/sysmem.o
LOAD ./Core/Src/system_stm32f4xx.o
LOAD ./Core/Startup/startup_stm32f446retx.o
LOAD ./Core/USB_DEVICE/App/usb_device.o
LOAD ./Core/USB_DEVICE/App/usbd_audio.o
LOAD ./Core/USB_DEVICE/App/usbd_audio_if.o
LOAD ./Core/USB_DEVICE/App/usbd_desc.o
LOAD ./Core/USB_DEVICE/Target/usbd_conf.o
LOAD ./Drivers/STM32F4xx_HAL_Driver/Src/stm32f4xx_hal.o
LOAD ./Drivers/STM32F4xx_HAL_Driver/Src/stm32f4xx_hal_cortex.o
LOAD ./Drivers/STM32F4xx_HAL_Driver/Src/stm32f4xx_hal_dma.o
LOAD ./Drivers/STM32F4xx_HAL_Driver/Src/stm32f4xx_hal_dma_ex.o
LOAD ./Drivers/STM32F4xx_HAL_Driver/Src/stm32f4xx_hal_exti.o
LOAD ./Drivers/STM32F4xx_HAL_Driver/Src/stm32f4xx_hal_flash.o
LOAD ./Drivers/STM32F4xx_HAL_Driver/Src/stm32f4xx_hal_flash_ex.o
LOAD ./Drivers/STM32F4xx_HAL_Driver/Src/stm32f4xx_hal_flash_ramfunc.o
LOAD ./Drivers/STM32F4xx_HAL_Driver/Src/stm32f4xx_hal_gpio.o
LOAD ./Drivers/STM32F4xx_HAL_Driver/Src/stm32f4xx_hal_pcd.o
LOAD ./Drivers/STM32F4xx_HAL_Driver/Src/stm32f4xx_hal_pcd_ex.o
LOAD ./Drivers/STM32F4xx_HAL_Driver/Src/stm32f4xx_hal_pwr.o
LOAD ./Drivers/STM32F4xx_HAL_Driver/Src/stm32f4xx_hal_pwr_ex.o
LOAD ./Drivers/STM32F4xx_HAL_Driver/Src/stm32f4xx_hal_rcc.o
LOAD ./Drivers/STM32F4xx_HAL_Driver/Src/stm32f4xx_hal_rcc_ex.o
LOAD ./Drivers/STM32F4xx_HAL_Driver/Src/stm32f4xx_hal_tim.o
LOAD ./Drivers/STM32F4xx_HAL_Driver/Src/stm32f4xx_hal_tim_ex.o
LOAD ./Drivers/STM32F4xx_HAL_Driver/Src/stm32f4xx_ll_dma.o
LOAD ./Drivers/STM32F4xx_HAL_Driver/Src/stm32f4xx_ll_exti.o
LOAD ./Drivers/STM32F4xx_HAL_Driver/Src/stm32f4xx_ll_gpio.o
LOAD ./Drivers/STM32F4xx_HAL_Driver/Src/stm32f4xx_ll_rcc.o
LOAD ./Drivers/STM32F4xx_HAL_Driver/Src/stm32f4xx_ll_usart.o
LOAD ./Drivers/STM32F4xx_HAL_Driver/Src/stm32f4xx_ll_usb.o
LOAD ./Drivers/STM32F4xx_HAL_Driver/Src/stm32f4xx_ll_utils.o
LOAD ./Drivers/STM32_USB_Device_Library/Core/Src/usbd_core.o
LOAD ./Drivers/STM32_USB_Device_Library/Core/Src/usbd_ctlreq.o
LOAD ./Drivers/STM32_USB_Device_Library/Core/Src/usbd_ioreq.o
START GROUP
LOAD c:/program files/st/stm32cubeide_1.9.0/stm32cubeide/plugins/com.st.stm32cube.ide.mcu.externaltools.gnu-tools-for-stm32.10.3-2021.10.win32_1.0.0.202111181127/tools/bin/../lib/gcc/arm-none-eabi/10.3.1/../../../../arm-none-eabi/lib/thumb/v7e-m+fp/hard\libc_nano.a
LOAD c:/program files/st/stm32cubeide_1.9.0/stm32cubeide/plugins/com.st.stm32cube.ide.mcu.externaltools.gnu-tools-for-stm32.10.3-2021.10.win32_1.0.0.202111181127/tools/bin/../lib/gcc/arm-none-eabi/10.3.1/../../../../arm-none-eabi/lib/thumb/v7e-m+fp/hard\libm.a
END GROUP
START GROUP
LOAD c:/program files/st/stm32cubeide_1.9.0/stm32cubeide/plugins/com.st.stm32cube.ide.mcu.externaltools.gnu-tools-for-stm32.10.3-2021.10.win32_1.0.0.202111181127/tools/bin/../lib/gcc/arm-none-eabi/10.3.1/thumb/v7e-m+fp/hard\libgcc.a
LOAD c:/program files/st/stm32cubeide_1.9.0/stm32cubeide/plugins/com.st.stm32cube.ide.mcu.externaltools.gnu-tools-for-stm32.10.3-2021.10.win32_1.0.0.202111181127/tools/bin/../lib/gcc/arm-none-eabi/10.3.1/../../../../arm-none-eabi/lib/thumb/v7e-m+fp/hard\libc_nano.a
END GROUP
START GROUP
LOAD c:/program files/st/stm32cubeide_1.9.0/stm32cubeide/plugins/com.st.stm32cube.ide.mcu.externaltools.gnu-tools-for-stm32.10.3-2021.10.win32_1.0.0.202111181127/tools/bin/../lib/gcc/arm-none-eabi/10.3.1/thumb/v7e-m+fp/hard\libgcc.a
LOAD c:/program files/st/stm32cubeide_1.9.0/stm32cubeide/plugins/com.st.stm32cube.ide.mcu.externaltools.gnu-tools-for-stm32.10.3-2021.10.win32_1.0.0.202111181127/tools/bin/../lib/gcc/arm-none-eabi/10.3.1/../../../../arm-none-eabi/lib/thumb/v7e-m+fp/hard\libc_nano.a
LOAD c:/program files/st/stm32cubeide_1.9.0/stm32cubeide/plugins/com.st.stm32cube.ide.mcu.externaltools.gnu-tools-for-stm32.10.3-2021.10.win32_1.0.0.202111181127/tools/bin/../lib/gcc/arm-none-eabi/10.3.1/../../../../arm-none-eabi/lib/thumb/v7e-m+fp/hard\libnosys.a
END GROUP
START GROUP
LOAD c:/program files/st/stm32cubeide_1.9.0/stm32cubeide/plugins/com.st.stm32cube.ide.mcu.externaltools.gnu-tools-for-stm32.10.3-2021.10.win32_1.0.0.202111181127/tools/bin/../lib/gcc/arm-none-eabi/10.3.1/thumb/v7e-m+fp/hard\libgcc.a
LOAD c:/program files/st/stm32cubeide_1.9.0/stm32cubeide/plugins/com.st.stm32cube.ide.mcu.externaltools.gnu-tools-for-stm32.10.3-2021.10.win32_1.0.0.202111181127/tools/bin/../lib/gcc/arm-none-eabi/10.3.1/../../../../arm-none-eabi/lib/thumb/v7e-m+fp/hard\libc_nano.a
LOAD c:/program files/st/stm32cubeide_1.9.0/stm32cubeide/plugins/com.st.stm32cube.ide.mcu.externaltools.gnu-tools-for-stm32.10.3-2021.10.win32_1.0.0.202111181127/tools/bin/../lib/gcc/arm-none-eabi/10.3.1/../../../../arm-none-eabi/lib/thumb/v7e-m+fp/hard\libnosys.a
END GROUP
LOAD c:/program files/st/stm32cubeide_1.9.0/stm32cubeide/plugins/com.st.stm32cube.ide.mcu.externaltools.gnu-tools-for-stm32.10.3-2021.10.win32_1.0.0.202111181127/tools/bin/../lib/gcc/arm-none-eabi/10.3.1/thumb/v7e-m+fp/hard/crtend.o
LOAD c:/program files/st/stm32cubeide_1.9.0/stm32cubeide/plugins/com.st.stm32cube.ide.mcu.externaltools.gnu-tools-for-stm32.10.3-2021.10.win32_1.0.0.202111181127/tools/bin/../lib/gcc/arm-none-eabi/10.3.1/thumb/v7e-m+fp/hard/crtn.o
                0x0000000020020000                _estack = (ORIGIN (RAM) + LENGTH (RAM))
                0x0000000000000200                _Min_Heap_Size = 0x200
                0x0000000000000400                _Min_Stack_Size = 0x400

.isr_vector     0x0000000008000000      0x1c4
                0x0000000008000000                . = ALIGN (0x4)
 *(.isr_vector)
 .isr_vector    0x0000000008000000      0x1c4 ./Core/Startup/startup_stm32f446retx.o
                0x0000000008000000                g_pfnVectors
                0x00000000080001c4                . = ALIGN (0x4)

.text           0x00000000080001d0     0x8700
                0x00000000080001d0                . = ALIGN (0x4)
 *(.text)
 .text          0x00000000080001d0       0x40 c:/program files/st/stm32cubeide_1.9.0/stm32cubeide/plugins/com.st.stm32cube.ide.mcu.externaltools.gnu-tools-for-stm32.10.3-2021.10.win32_1.0.0.202111181127/tools/bin/../lib/gcc/arm-none-eabi/10.3.1/thumb/v7e-m+fp/hard/crtbegin.o
 .text          0x0000000008000210       0xa0 c:/program files/st/stm32cubeide_1.9.0/stm32cubeide/plugins/com.st.stm32cube.ide.mcu.externaltools.gnu-tools-for-stm32.10.3-2021.10.win32_1.0.0.202111181127/tools/bin/../lib/gcc/arm-none-eabi/10.3.1/../../../../arm-none-eabi/lib/thumb/v7e-m+fp/hard\libc_nano.a(lib_a-memchr.o)
                0x0000000008000210                memchr
 .text          0x00000000080002b0       0x30 c:/program files/st/stm32cubeide_1.9.0/stm32cubeide/plugins/com.st.stm32cube.ide.mcu.externaltools.gnu-tools-for-stm32.10.3-2021.10.win32_1.0.0.202111181127/tools/bin/../lib/gcc/arm-none-eabi/10.3.1/thumb/v7e-m+fp/hard\libgcc.a(_aeabi_uldivmod.o)
                0x00000000080002b0                __aeabi_uldivmod
 .text          0x00000000080002e0      0x2d0 c:/program files/st/stm32cubeide_1.9.0/stm32cubeide/plugins/com.st.stm32cube.ide.mcu.externaltools.gnu-tools-for-stm32.10.3-2021.10.win32_1.0.0.202111181127/tools/bin/../lib/gcc/arm-none-eabi/10.3.1/thumb/v7e-m+fp/hard\libgcc.a(_udivmoddi4.o)
                0x00000000080002e0                __udivmoddi4
 .text          0x00000000080005b0        0x4 c:/program files/st/stm32cubeide_1.9.0/stm32cubeide/plugins/com.st.stm32cube.ide.mcu.externaltools.gnu-tools-for-stm32.10.3-2021.10.win32_1.0.0.202111181127/tools/bin/../lib/gcc/arm-none-eabi/10.3.1/thumb/v7e-m+fp/hard\libgcc.a(_dvmd_tls.o)
                0x00000000080005b0                __aeabi_idiv0
                0x00000000080005b0                __aeabi_ldiv0
 *(.text*)
 .text.LL_RCC_HSE_Enable
                0x00000000080005b4       0x20 ./Core/Src/main.o
 .text.LL_RCC_HSE_IsReady
                0x00000000080005d4       0x28 ./Core/Src/main.o
 .text.LL_RCC_SetSysClkSource
                0x00000000080005fc       0x28 ./Core/Src/main.o
 .text.LL_RCC_GetSysClkSource
                0x0000000008000624       0x1c ./Core/Src/main.o
 .text.LL_RCC_SetAHBPrescaler
                0x0000000008000640       0x28 ./Core/Src/main.o
 .text.LL_RCC_SetAPB1Prescaler
                0x0000000008000668       0x28 ./Core/Src/main.o
 .text.LL_RCC_SetAPB2Prescaler
                0x0000000008000690       0x28 ./Core/Src/main.o
 .text.LL_RCC_ConfigMCO
                0x00000000080006b8       0x3c ./Core/Src/main.o
 .text.LL_RCC_SetTIMPrescaler
                0x00000000080006f4       0x2c ./Core/Src/main.o
 .text.LL_RCC_PLL_Enable
                0x0000000008000720       0x20 ./Core/Src/main.o
 .text.LL_RCC_PLL_IsReady
                0x0000000008000740       0x28 ./Core/Src/main.o
 .text.LL_RCC_PLL_ConfigDomain_SYS
                0x0000000008000768       0x5c ./Core/Src/main.o
 .text.LL_AHB1_GRP1_EnableClock
                0x00000000080007c4       0x30 ./Core/Src/main.o
 .text.LL_APB1_GRP1_EnableClock
                0x00000000080007f4       0x30 ./Core/Src/main.o
 .text.LL_FLASH_SetLatency
                0x0000000008000824       0x28 ./Core/Src/main.o
 .text.LL_FLASH_GetLatency
                0x000000000800084c       0x1c ./Core/Src/main.o
 .text.LL_PWR_EnableOverDriveMode
                0x0000000008000868       0x20 ./Core/Src/main.o
 .text.LL_PWR_SetRegulVoltageScaling
                0x0000000008000888       0x28 ./Core/Src/main.o
 .text.LL_USART_Enable
                0x00000000080008b0       0x20 ./Core/Src/main.o
 .text.LL_USART_ConfigHalfDuplexMode
                0x00000000080008d0       0x38 ./Core/Src/main.o
 .text.LL_USART_IsActiveFlag_TXE
                0x0000000008000908       0x26 ./Core/Src/main.o
 .text.LL_USART_TransmitData8
                0x000000000800092e       0x1e ./Core/Src/main.o
 .text.LL_GPIO_SetOutputPin
                0x000000000800094c       0x1c ./Core/Src/main.o
 .text.LL_GPIO_ResetOutputPin
                0x0000000008000968       0x1e ./Core/Src/main.o
 .text.LL_GPIO_TogglePin
                0x0000000008000986       0x32 ./Core/Src/main.o
 .text.main     0x00000000080009b8       0x40 ./Core/Src/main.o
                0x00000000080009b8                main
 .text.SystemClock_Config
                0x00000000080009f8       0xac ./Core/Src/main.o
                0x00000000080009f8                SystemClock_Config
 .text.MX_UART4_Init
                0x0000000008000aa4       0x9c ./Core/Src/main.o
 .text.MX_USB_OTG_HS_PCD_Init
                0x0000000008000b40       0x64 ./Core/Src/main.o
 .text.MX_GPIO_Init
                0x0000000008000ba4       0x8c ./Core/Src/main.o
 .text.__io_putchar
                0x0000000008000c30       0x30 ./Core/Src/main.o
                0x0000000008000c30                __io_putchar
 .text.Error_Handler
                0x0000000008000c60       0x18 ./Core/Src/main.o
                0x0000000008000c60                Error_Handler
 .text.HAL_MspInit
                0x0000000008000c78       0x50 ./Core/Src/stm32f4xx_hal_msp.o
                0x0000000008000c78                HAL_MspInit
 .text.HAL_PCD_MspInit
                0x0000000008000cc8      0x13c ./Core/Src/stm32f4xx_hal_msp.o
                0x0000000008000cc8                HAL_PCD_MspInit
 .text.NMI_Handler
                0x0000000008000e04        0x6 ./Core/Src/stm32f4xx_it.o
                0x0000000008000e04                NMI_Handler
 .text.HardFault_Handler
                0x0000000008000e0a        0x6 ./Core/Src/stm32f4xx_it.o
                0x0000000008000e0a                HardFault_Handler
 .text.MemManage_Handler
                0x0000000008000e10        0x6 ./Core/Src/stm32f4xx_it.o
                0x0000000008000e10                MemManage_Handler
 .text.BusFault_Handler
                0x0000000008000e16        0x6 ./Core/Src/stm32f4xx_it.o
                0x0000000008000e16                BusFault_Handler
 .text.UsageFault_Handler
                0x0000000008000e1c        0x6 ./Core/Src/stm32f4xx_it.o
                0x0000000008000e1c                UsageFault_Handler
 .text.SVC_Handler
                0x0000000008000e22        0xe ./Core/Src/stm32f4xx_it.o
                0x0000000008000e22                SVC_Handler
 .text.DebugMon_Handler
                0x0000000008000e30        0xe ./Core/Src/stm32f4xx_it.o
                0x0000000008000e30                DebugMon_Handler
 .text.PendSV_Handler
                0x0000000008000e3e        0xe ./Core/Src/stm32f4xx_it.o
                0x0000000008000e3e                PendSV_Handler
 .text.SysTick_Handler
                0x0000000008000e4c        0xc ./Core/Src/stm32f4xx_it.o
                0x0000000008000e4c                SysTick_Handler
 .text.OTG_HS_IRQHandler
                0x0000000008000e58       0x14 ./Core/Src/stm32f4xx_it.o
                0x0000000008000e58                OTG_HS_IRQHandler
 .text._read    0x0000000008000e6c       0x3a ./Core/Src/syscalls.o
                0x0000000008000e6c                _read
 .text._write   0x0000000008000ea6       0x38 ./Core/Src/syscalls.o
                0x0000000008000ea6                _write
 .text._close   0x0000000008000ede       0x18 ./Core/Src/syscalls.o
                0x0000000008000ede                _close
 .text._fstat   0x0000000008000ef6       0x20 ./Core/Src/syscalls.o
                0x0000000008000ef6                _fstat
 .text._isatty  0x0000000008000f16       0x16 ./Core/Src/syscalls.o
                0x0000000008000f16                _isatty
 .text._lseek   0x0000000008000f2c       0x1a ./Core/Src/syscalls.o
                0x0000000008000f2c                _lseek
 *fill*         0x0000000008000f46        0x2 
 .text._sbrk    0x0000000008000f48       0x6c ./Core/Src/sysmem.o
                0x0000000008000f48                _sbrk
 .text.SystemInit
                0x0000000008000fb4       0x24 ./Core/Src/system_stm32f4xx.o
                0x0000000008000fb4                SystemInit
 .text.Reset_Handler
                0x0000000008000fd8       0x50 ./Core/Startup/startup_stm32f446retx.o
                0x0000000008000fd8                Reset_Handler
 .text.Default_Handler
                0x0000000008001028        0x2 ./Core/Startup/startup_stm32f446retx.o
                0x0000000008001028                RTC_Alarm_IRQHandler
                0x0000000008001028                EXTI2_IRQHandler
                0x0000000008001028                TIM8_CC_IRQHandler
                0x0000000008001028                FMPI2C1_EV_IRQHandler
                0x0000000008001028                SPI4_IRQHandler
                0x0000000008001028                TIM1_CC_IRQHandler
                0x0000000008001028                DMA2_Stream5_IRQHandler
                0x0000000008001028                DMA1_Stream5_IRQHandler
                0x0000000008001028                PVD_IRQHandler
                0x0000000008001028                SDIO_IRQHandler
                0x0000000008001028                TAMP_STAMP_IRQHandler
                0x0000000008001028                CAN2_RX1_IRQHandler
                0x0000000008001028                EXTI3_IRQHandler
                0x0000000008001028                TIM8_TRG_COM_TIM14_IRQHandler
                0x0000000008001028                TIM1_UP_TIM10_IRQHandler
                0x0000000008001028                TIM8_UP_TIM13_IRQHandler
                0x0000000008001028                I2C3_ER_IRQHandler
                0x0000000008001028                EXTI0_IRQHandler
                0x0000000008001028                I2C2_EV_IRQHandler
                0x0000000008001028                DMA1_Stream2_IRQHandler
                0x0000000008001028                CAN1_RX0_IRQHandler
                0x0000000008001028                FPU_IRQHandler
                0x0000000008001028                OTG_HS_WKUP_IRQHandler
                0x0000000008001028                CAN2_SCE_IRQHandler
                0x0000000008001028                DMA2_Stream2_IRQHandler
                0x0000000008001028                SPI1_IRQHandler
                0x0000000008001028                TIM6_DAC_IRQHandler
                0x0000000008001028                TIM1_BRK_TIM9_IRQHandler
                0x0000000008001028                DCMI_IRQHandler
                0x0000000008001028                CAN2_RX0_IRQHandler
                0x0000000008001028                DMA2_Stream3_IRQHandler
                0x0000000008001028                SAI2_IRQHandler
                0x0000000008001028                USART6_IRQHandler
                0x0000000008001028                USART3_IRQHandler
                0x0000000008001028                CAN1_RX1_IRQHandler
                0x0000000008001028                UART5_IRQHandler
                0x0000000008001028                DMA2_Stream0_IRQHandler
                0x0000000008001028                TIM4_IRQHandler
                0x0000000008001028                QUADSPI_IRQHandler
                0x0000000008001028                I2C1_EV_IRQHandler
                0x0000000008001028                DMA1_Stream6_IRQHandler
                0x0000000008001028                DMA1_Stream1_IRQHandler
                0x0000000008001028                UART4_IRQHandler
                0x0000000008001028                TIM3_IRQHandler
                0x0000000008001028                RCC_IRQHandler
                0x0000000008001028                TIM8_BRK_TIM12_IRQHandler
                0x0000000008001028                Default_Handler
                0x0000000008001028                CEC_IRQHandler
                0x0000000008001028                EXTI15_10_IRQHandler
                0x0000000008001028                ADC_IRQHandler
                0x0000000008001028                DMA1_Stream7_IRQHandler
                0x0000000008001028                TIM7_IRQHandler
                0x0000000008001028                CAN2_TX_IRQHandler
                0x0000000008001028                TIM5_IRQHandler
                0x0000000008001028                DMA2_Stream7_IRQHandler
                0x0000000008001028                I2C3_EV_IRQHandler
                0x0000000008001028                EXTI9_5_IRQHandler
                0x0000000008001028                RTC_WKUP_IRQHandler
                0x0000000008001028                SPDIF_RX_IRQHandler
                0x0000000008001028                SPI2_IRQHandler
                0x0000000008001028                OTG_HS_EP1_IN_IRQHandler
                0x0000000008001028                DMA1_Stream0_IRQHandler
                0x0000000008001028                CAN1_TX_IRQHandler
                0x0000000008001028                FMPI2C1_ER_IRQHandler
                0x0000000008001028                EXTI4_IRQHandler
                0x0000000008001028                OTG_HS_EP1_OUT_IRQHandler
                0x0000000008001028                WWDG_IRQHandler
                0x0000000008001028                TIM2_IRQHandler
                0x0000000008001028                OTG_FS_WKUP_IRQHandler
                0x0000000008001028                TIM1_TRG_COM_TIM11_IRQHandler
                0x0000000008001028                EXTI1_IRQHandler
                0x0000000008001028                USART2_IRQHandler
                0x0000000008001028                I2C2_ER_IRQHandler
                0x0000000008001028                DMA2_Stream1_IRQHandler
                0x0000000008001028                CAN1_SCE_IRQHandler
                0x0000000008001028                FLASH_IRQHandler
                0x0000000008001028                DMA2_Stream4_IRQHandler
                0x0000000008001028                USART1_IRQHandler
                0x0000000008001028                OTG_FS_IRQHandler
                0x0000000008001028                SPI3_IRQHandler
                0x0000000008001028                DMA1_Stream4_IRQHandler
                0x0000000008001028                I2C1_ER_IRQHandler
                0x0000000008001028                FMC_IRQHandler
                0x0000000008001028                DMA2_Stream6_IRQHandler
                0x0000000008001028                SAI1_IRQHandler
                0x0000000008001028                DMA1_Stream3_IRQHandler
 *fill*         0x000000000800102a        0x2 
 .text.MX_USB_DEVICE_Init
                0x000000000800102c       0x60 ./Core/USB_DEVICE/App/usb_device.o
                0x000000000800102c                MX_USB_DEVICE_Init
 .text.USBD_AUDIO_Init
                0x000000000800108c      0x13c ./Core/USB_DEVICE/App/usbd_audio.o
 .text.USBD_AUDIO_DeInit
                0x00000000080011c8       0xb4 ./Core/USB_DEVICE/App/usbd_audio.o
 .text.USBD_AUDIO_Setup
                0x000000000800127c      0x1f8 ./Core/USB_DEVICE/App/usbd_audio.o
 .text.USBD_AUDIO_GetCfgDesc
                0x0000000008001474       0x20 ./Core/USB_DEVICE/App/usbd_audio.o
 .text.USBD_AUDIO_DataIn
                0x0000000008001494       0x1a ./Core/USB_DEVICE/App/usbd_audio.o
 .text.USBD_AUDIO_EP0_RxReady
                0x00000000080014ae       0x80 ./Core/USB_DEVICE/App/usbd_audio.o
 .text.USBD_AUDIO_EP0_TxReady
                0x000000000800152e       0x16 ./Core/USB_DEVICE/App/usbd_audio.o
 .text.USBD_AUDIO_SOF
                0x0000000008001544       0x16 ./Core/USB_DEVICE/App/usbd_audio.o
 .text.USBD_AUDIO_IsoINIncomplete
                0x000000000800155a       0x1a ./Core/USB_DEVICE/App/usbd_audio.o
 .text.USBD_AUDIO_IsoOutIncomplete
                0x0000000008001574       0x1a ./Core/USB_DEVICE/App/usbd_audio.o
 *fill*         0x000000000800158e        0x2 
 .text.USBD_AUDIO_DataOut
                0x0000000008001590      0x12c ./Core/USB_DEVICE/App/usbd_audio.o
 .text.AUDIO_REQ_GetCurrent
                0x00000000080016bc       0x58 ./Core/USB_DEVICE/App/usbd_audio.o
 .text.AUDIO_REQ_SetCurrent
                0x0000000008001714       0x88 ./Core/USB_DEVICE/App/usbd_audio.o
 .text.AUDIO_REQ_GetRange
                0x000000000800179c      0x104 ./Core/USB_DEVICE/App/usbd_audio.o
 .text.USBD_AUDIO_GetDeviceQualifierDesc
                0x00000000080018a0       0x20 ./Core/USB_DEVICE/App/usbd_audio.o
 .text.USBD_AUDIO_RegisterInterface
                0x00000000080018c0       0x34 ./Core/USB_DEVICE/App/usbd_audio.o
                0x00000000080018c0                USBD_AUDIO_RegisterInterface
 .text.USBD_AUDIO_GetAudioHeaderDesc
                0x00000000080018f4       0x68 ./Core/USB_DEVICE/App/usbd_audio.o
 .text.AUDIO_Init_HS
                0x000000000800195c       0x1a ./Core/USB_DEVICE/App/usbd_audio_if.o
 .text.AUDIO_DeInit_HS
                0x0000000008001976       0x16 ./Core/USB_DEVICE/App/usbd_audio_if.o
 .text.AUDIO_AudioCmd_HS
                0x000000000800198c       0x28 ./Core/USB_DEVICE/App/usbd_audio_if.o
 .text.AUDIO_VolumeCtl_HS
                0x00000000080019b4       0x18 ./Core/USB_DEVICE/App/usbd_audio_if.o
 .text.AUDIO_MuteCtl_HS
                0x00000000080019cc       0x18 ./Core/USB_DEVICE/App/usbd_audio_if.o
 .text.AUDIO_PeriodicTC_HS
                0x00000000080019e4       0x1c ./Core/USB_DEVICE/App/usbd_audio_if.o
 .text.AUDIO_GetState_HS
                0x0000000008001a00       0x10 ./Core/USB_DEVICE/App/usbd_audio_if.o
 .text.USBD_HS_DeviceDescriptor
                0x0000000008001a10       0x24 ./Core/USB_DEVICE/App/usbd_desc.o
                0x0000000008001a10                USBD_HS_DeviceDescriptor
 .text.USBD_HS_LangIDStrDescriptor
                0x0000000008001a34       0x24 ./Core/USB_DEVICE/App/usbd_desc.o
                0x0000000008001a34                USBD_HS_LangIDStrDescriptor
 .text.USBD_HS_ProductStrDescriptor
                0x0000000008001a58       0x3c ./Core/USB_DEVICE/App/usbd_desc.o
                0x0000000008001a58                USBD_HS_ProductStrDescriptor
 .text.USBD_HS_ManufacturerStrDescriptor
                0x0000000008001a94       0x28 ./Core/USB_DEVICE/App/usbd_desc.o
                0x0000000008001a94                USBD_HS_ManufacturerStrDescriptor
 .text.USBD_HS_SerialStrDescriptor
                0x0000000008001abc       0x24 ./Core/USB_DEVICE/App/usbd_desc.o
                0x0000000008001abc                USBD_HS_SerialStrDescriptor
 .text.USBD_HS_ConfigStrDescriptor
                0x0000000008001ae0       0x3c ./Core/USB_DEVICE/App/usbd_desc.o
                0x0000000008001ae0                USBD_HS_ConfigStrDescriptor
 .text.USBD_HS_InterfaceStrDescriptor
                0x0000000008001b1c       0x3c ./Core/USB_DEVICE/App/usbd_desc.o
                0x0000000008001b1c                USBD_HS_InterfaceStrDescriptor
 .text.Get_SerialNum
                0x0000000008001b58       0x58 ./Core/USB_DEVICE/App/usbd_desc.o
 .text.IntToUnicode
                0x0000000008001bb0       0x7e ./Core/USB_DEVICE/App/usbd_desc.o
 .text.HAL_PCD_SetupStageCallback
                0x0000000008001c2e       0x24 ./Core/USB_DEVICE/Target/usbd_conf.o
                0x0000000008001c2e                HAL_PCD_SetupStageCallback
 .text.HAL_PCD_DataOutStageCallback
                0x0000000008001c52       0x36 ./Core/USB_DEVICE/Target/usbd_conf.o
                0x0000000008001c52                HAL_PCD_DataOutStageCallback
 .text.HAL_PCD_DataInStageCallback
                0x0000000008001c88       0x34 ./Core/USB_DEVICE/Target/usbd_conf.o
                0x0000000008001c88                HAL_PCD_DataInStageCallback
 .text.HAL_PCD_SOFCallback
                0x0000000008001cbc       0x1c ./Core/USB_DEVICE/Target/usbd_conf.o
                0x0000000008001cbc                HAL_PCD_SOFCallback
 .text.HAL_PCD_ResetCallback
                0x0000000008001cd8       0x50 ./Core/USB_DEVICE/Target/usbd_conf.o
                0x0000000008001cd8                HAL_PCD_ResetCallback
 .text.HAL_PCD_SuspendCallback
                0x0000000008001d28       0x4c ./Core/USB_DEVICE/Target/usbd_conf.o
                0x0000000008001d28                HAL_PCD_SuspendCallback
 .text.HAL_PCD_ResumeCallback
                0x0000000008001d74       0x1c ./Core/USB_DEVICE/Target/usbd_conf.o
                0x0000000008001d74                HAL_PCD_ResumeCallback
 .text.HAL_PCD_ISOOUTIncompleteCallback
                0x0000000008001d90       0x24 ./Core/USB_DEVICE/Target/usbd_conf.o
                0x0000000008001d90                HAL_PCD_ISOOUTIncompleteCallback
 .text.HAL_PCD_ISOINIncompleteCallback
                0x0000000008001db4       0x24 ./Core/USB_DEVICE/Target/usbd_conf.o
                0x0000000008001db4                HAL_PCD_ISOINIncompleteCallback
 .text.HAL_PCD_ConnectCallback
                0x0000000008001dd8       0x1c ./Core/USB_DEVICE/Target/usbd_conf.o
                0x0000000008001dd8                HAL_PCD_ConnectCallback
 .text.HAL_PCD_DisconnectCallback
                0x0000000008001df4       0x1c ./Core/USB_DEVICE/Target/usbd_conf.o
                0x0000000008001df4                HAL_PCD_DisconnectCallback
 .text.USBD_LL_Init
                0x0000000008001e10       0xa4 ./Core/USB_DEVICE/Target/usbd_conf.o
                0x0000000008001e10                USBD_LL_Init
 .text.USBD_LL_Start
                0x0000000008001eb4       0x36 ./Core/USB_DEVICE/Target/usbd_conf.o
                0x0000000008001eb4                USBD_LL_Start
 .text.USBD_LL_OpenEP
                0x0000000008001eea       0x4c ./Core/USB_DEVICE/Target/usbd_conf.o
                0x0000000008001eea                USBD_LL_OpenEP
 .text.USBD_LL_CloseEP
                0x0000000008001f36       0x3e ./Core/USB_DEVICE/Target/usbd_conf.o
                0x0000000008001f36                USBD_LL_CloseEP
 .text.USBD_LL_StallEP
                0x0000000008001f74       0x3e ./Core/USB_DEVICE/Target/usbd_conf.o
                0x0000000008001f74                USBD_LL_StallEP
 .text.USBD_LL_ClearStallEP
                0x0000000008001fb2       0x3e ./Core/USB_DEVICE/Target/usbd_conf.o
                0x0000000008001fb2                USBD_LL_ClearStallEP
 .text.USBD_LL_IsStallEP
                0x0000000008001ff0       0x58 ./Core/USB_DEVICE/Target/usbd_conf.o
                0x0000000008001ff0                USBD_LL_IsStallEP
 .text.USBD_LL_SetUSBAddress
                0x0000000008002048       0x3e ./Core/USB_DEVICE/Target/usbd_conf.o
                0x0000000008002048                USBD_LL_SetUSBAddress
 .text.USBD_LL_Transmit
                0x0000000008002086       0x42 ./Core/USB_DEVICE/Target/usbd_conf.o
                0x0000000008002086                USBD_LL_Transmit
 .text.USBD_LL_PrepareReceive
                0x00000000080020c8       0x42 ./Core/USB_DEVICE/Target/usbd_conf.o
                0x00000000080020c8                USBD_LL_PrepareReceive
 .text.USBD_LL_GetRxDataSize
                0x000000000800210a       0x26 ./Core/USB_DEVICE/Target/usbd_conf.o
                0x000000000800210a                USBD_LL_GetRxDataSize
 .text.USBD_static_malloc
                0x0000000008002130       0x1c ./Core/USB_DEVICE/Target/usbd_conf.o
                0x0000000008002130                USBD_static_malloc
 .text.USBD_static_free
                0x000000000800214c       0x14 ./Core/USB_DEVICE/Target/usbd_conf.o
                0x000000000800214c                USBD_static_free
 .text.USBD_Get_USB_Status
                0x0000000008002160       0x58 ./Core/USB_DEVICE/Target/usbd_conf.o
                0x0000000008002160                USBD_Get_USB_Status
 .text.HAL_Init
                0x00000000080021b8       0x44 ./Drivers/STM32F4xx_HAL_Driver/Src/stm32f4xx_hal.o
                0x00000000080021b8                HAL_Init
 .text.HAL_InitTick
                0x00000000080021fc       0x60 ./Drivers/STM32F4xx_HAL_Driver/Src/stm32f4xx_hal.o
                0x00000000080021fc                HAL_InitTick
 .text.HAL_IncTick
                0x000000000800225c       0x28 ./Drivers/STM32F4xx_HAL_Driver/Src/stm32f4xx_hal.o
                0x000000000800225c                HAL_IncTick
 .text.HAL_GetTick
                0x0000000008002284       0x18 ./Drivers/STM32F4xx_HAL_Driver/Src/stm32f4xx_hal.o
                0x0000000008002284                HAL_GetTick
 .text.HAL_Delay
                0x000000000800229c       0x48 ./Drivers/STM32F4xx_HAL_Driver/Src/stm32f4xx_hal.o
                0x000000000800229c                HAL_Delay
 .text.__NVIC_SetPriorityGrouping
                0x00000000080022e4       0x48 ./Drivers/STM32F4xx_HAL_Driver/Src/stm32f4xx_hal_cortex.o
 .text.__NVIC_GetPriorityGrouping
                0x000000000800232c       0x1c ./Drivers/STM32F4xx_HAL_Driver/Src/stm32f4xx_hal_cortex.o
 .text.__NVIC_EnableIRQ
                0x0000000008002348       0x3c ./Drivers/STM32F4xx_HAL_Driver/Src/stm32f4xx_hal_cortex.o
 .text.__NVIC_SetPriority
                0x0000000008002384       0x54 ./Drivers/STM32F4xx_HAL_Driver/Src/stm32f4xx_hal_cortex.o
 .text.NVIC_EncodePriority
                0x00000000080023d8       0x66 ./Drivers/STM32F4xx_HAL_Driver/Src/stm32f4xx_hal_cortex.o
 *fill*         0x000000000800243e        0x2 
 .text.SysTick_Config
                0x0000000008002440       0x44 ./Drivers/STM32F4xx_HAL_Driver/Src/stm32f4xx_hal_cortex.o
 .text.HAL_NVIC_SetPriorityGrouping
                0x0000000008002484       0x16 ./Drivers/STM32F4xx_HAL_Driver/Src/stm32f4xx_hal_cortex.o
                0x0000000008002484                HAL_NVIC_SetPriorityGrouping
 .text.HAL_NVIC_SetPriority
                0x000000000800249a       0x38 ./Drivers/STM32F4xx_HAL_Driver/Src/stm32f4xx_hal_cortex.o
                0x000000000800249a                HAL_NVIC_SetPriority
 .text.HAL_NVIC_EnableIRQ
                0x00000000080024d2       0x1c ./Drivers/STM32F4xx_HAL_Driver/Src/stm32f4xx_hal_cortex.o
                0x00000000080024d2                HAL_NVIC_EnableIRQ
 .text.HAL_SYSTICK_Config
                0x00000000080024ee       0x18 ./Drivers/STM32F4xx_HAL_Driver/Src/stm32f4xx_hal_cortex.o
                0x00000000080024ee                HAL_SYSTICK_Config
 *fill*         0x0000000008002506        0x2 
 .text.HAL_GPIO_Init
                0x0000000008002508      0x328 ./Drivers/STM32F4xx_HAL_Driver/Src/stm32f4xx_hal_gpio.o
                0x0000000008002508                HAL_GPIO_Init
 .text.HAL_PCD_Init
                0x0000000008002830      0x248 ./Drivers/STM32F4xx_HAL_Driver/Src/stm32f4xx_hal_pcd.o
                0x0000000008002830                HAL_PCD_Init
 .text.HAL_PCD_Start
                0x0000000008002a78       0x66 ./Drivers/STM32F4xx_HAL_Driver/Src/stm32f4xx_hal_pcd.o
                0x0000000008002a78                HAL_PCD_Start
 .text.HAL_PCD_IRQHandler
                0x0000000008002ade      0x998 ./Drivers/STM32F4xx_HAL_Driver/Src/stm32f4xx_hal_pcd.o
                0x0000000008002ade                HAL_PCD_IRQHandler
 .text.HAL_PCD_SetAddress
                0x0000000008003476       0x4a ./Drivers/STM32F4xx_HAL_Driver/Src/stm32f4xx_hal_pcd.o
                0x0000000008003476                HAL_PCD_SetAddress
 .text.HAL_PCD_EP_Open
                0x00000000080034c0       0xd0 ./Drivers/STM32F4xx_HAL_Driver/Src/stm32f4xx_hal_pcd.o
                0x00000000080034c0                HAL_PCD_EP_Open
 .text.HAL_PCD_EP_Close
                0x0000000008003590       0x94 ./Drivers/STM32F4xx_HAL_Driver/Src/stm32f4xx_hal_pcd.o
                0x0000000008003590                HAL_PCD_EP_Close
 .text.HAL_PCD_EP_Receive
                0x0000000008003624       0x96 ./Drivers/STM32F4xx_HAL_Driver/Src/stm32f4xx_hal_pcd.o
                0x0000000008003624                HAL_PCD_EP_Receive
 .text.HAL_PCD_EP_GetRxCount
                0x00000000080036ba       0x30 ./Drivers/STM32F4xx_HAL_Driver/Src/stm32f4xx_hal_pcd.o
                0x00000000080036ba                HAL_PCD_EP_GetRxCount
 .text.HAL_PCD_EP_Transmit
                0x00000000080036ea       0x94 ./Drivers/STM32F4xx_HAL_Driver/Src/stm32f4xx_hal_pcd.o
                0x00000000080036ea                HAL_PCD_EP_Transmit
 .text.HAL_PCD_EP_SetStall
                0x000000000800377e       0xc8 ./Drivers/STM32F4xx_HAL_Driver/Src/stm32f4xx_hal_pcd.o
                0x000000000800377e                HAL_PCD_EP_SetStall
 .text.HAL_PCD_EP_ClrStall
                0x0000000008003846       0xac ./Drivers/STM32F4xx_HAL_Driver/Src/stm32f4xx_hal_pcd.o
                0x0000000008003846                HAL_PCD_EP_ClrStall
 .text.HAL_PCD_EP_Abort
                0x00000000080038f2       0x62 ./Drivers/STM32F4xx_HAL_Driver/Src/stm32f4xx_hal_pcd.o
                0x00000000080038f2                HAL_PCD_EP_Abort
 .text.PCD_WriteEmptyTxFifo
                0x0000000008003954      0x11a ./Drivers/STM32F4xx_HAL_Driver/Src/stm32f4xx_hal_pcd.o
 *fill*         0x0000000008003a6e        0x2 
 .text.PCD_EP_OutXfrComplete_int
                0x0000000008003a70      0x1d0 ./Drivers/STM32F4xx_HAL_Driver/Src/stm32f4xx_hal_pcd.o
 .text.PCD_EP_OutSetupPacket_int
                0x0000000008003c40       0x8c ./Drivers/STM32F4xx_HAL_Driver/Src/stm32f4xx_hal_pcd.o
 .text.HAL_PCDEx_SetTxFiFo
                0x0000000008003ccc       0x8e ./Drivers/STM32F4xx_HAL_Driver/Src/stm32f4xx_hal_pcd_ex.o
                0x0000000008003ccc                HAL_PCDEx_SetTxFiFo
 .text.HAL_PCDEx_SetRxFiFo
                0x0000000008003d5a       0x22 ./Drivers/STM32F4xx_HAL_Driver/Src/stm32f4xx_hal_pcd_ex.o
                0x0000000008003d5a                HAL_PCDEx_SetRxFiFo
 .text.HAL_PCDEx_ActivateLPM
                0x0000000008003d7c       0x48 ./Drivers/STM32F4xx_HAL_Driver/Src/stm32f4xx_hal_pcd_ex.o
                0x0000000008003d7c                HAL_PCDEx_ActivateLPM
 .text.HAL_PCDEx_LPM_Callback
                0x0000000008003dc4       0x18 ./Drivers/STM32F4xx_HAL_Driver/Src/stm32f4xx_hal_pcd_ex.o
                0x0000000008003dc4                HAL_PCDEx_LPM_Callback
 .text.HAL_RCC_GetHCLKFreq
                0x0000000008003ddc       0x18 ./Drivers/STM32F4xx_HAL_Driver/Src/stm32f4xx_hal_rcc.o
                0x0000000008003ddc                HAL_RCC_GetHCLKFreq
 .text.LL_GPIO_SetPinMode
                0x0000000008003df4       0x5e ./Drivers/STM32F4xx_HAL_Driver/Src/stm32f4xx_ll_gpio.o
 .text.LL_GPIO_SetPinOutputType
                0x0000000008003e52       0x30 ./Drivers/STM32F4xx_HAL_Driver/Src/stm32f4xx_ll_gpio.o
 .text.LL_GPIO_SetPinSpeed
                0x0000000008003e82       0x5e ./Drivers/STM32F4xx_HAL_Driver/Src/stm32f4xx_ll_gpio.o
 .text.LL_GPIO_SetPinPull
                0x0000000008003ee0       0x5e ./Drivers/STM32F4xx_HAL_Driver/Src/stm32f4xx_ll_gpio.o
 .text.LL_GPIO_SetAFPin_0_7
                0x0000000008003f3e       0x5e ./Drivers/STM32F4xx_HAL_Driver/Src/stm32f4xx_ll_gpio.o
 .text.LL_GPIO_SetAFPin_8_15
                0x0000000008003f9c       0x62 ./Drivers/STM32F4xx_HAL_Driver/Src/stm32f4xx_ll_gpio.o
 .text.LL_GPIO_Init
                0x0000000008003ffe       0xe6 ./Drivers/STM32F4xx_HAL_Driver/Src/stm32f4xx_ll_gpio.o
                0x0000000008003ffe                LL_GPIO_Init
 .text.LL_RCC_GetSysClkSource
                0x00000000080040e4       0x1c ./Drivers/STM32F4xx_HAL_Driver/Src/stm32f4xx_ll_rcc.o
 .text.LL_RCC_GetAHBPrescaler
                0x0000000008004100       0x1c ./Drivers/STM32F4xx_HAL_Driver/Src/stm32f4xx_ll_rcc.o
 .text.LL_RCC_GetAPB1Prescaler
                0x000000000800411c       0x1c ./Drivers/STM32F4xx_HAL_Driver/Src/stm32f4xx_ll_rcc.o
 .text.LL_RCC_GetAPB2Prescaler
                0x0000000008004138       0x1c ./Drivers/STM32F4xx_HAL_Driver/Src/stm32f4xx_ll_rcc.o
 .text.LL_RCC_PLL_GetMainSource
                0x0000000008004154       0x1c ./Drivers/STM32F4xx_HAL_Driver/Src/stm32f4xx_ll_rcc.o
 .text.LL_RCC_PLL_GetN
                0x0000000008004170       0x1c ./Drivers/STM32F4xx_HAL_Driver/Src/stm32f4xx_ll_rcc.o
 .text.LL_RCC_PLL_GetP
                0x000000000800418c       0x1c ./Drivers/STM32F4xx_HAL_Driver/Src/stm32f4xx_ll_rcc.o
 .text.LL_RCC_PLL_GetR
                0x00000000080041a8       0x1c ./Drivers/STM32F4xx_HAL_Driver/Src/stm32f4xx_ll_rcc.o
 .text.LL_RCC_PLL_GetDivider
                0x00000000080041c4       0x1c ./Drivers/STM32F4xx_HAL_Driver/Src/stm32f4xx_ll_rcc.o
 .text.LL_RCC_GetSystemClocksFreq
                0x00000000080041e0       0x4a ./Drivers/STM32F4xx_HAL_Driver/Src/stm32f4xx_ll_rcc.o
                0x00000000080041e0                LL_RCC_GetSystemClocksFreq
 *fill*         0x000000000800422a        0x2 
 .text.RCC_GetSystemClockFreq
                0x000000000800422c       0x88 ./Drivers/STM32F4xx_HAL_Driver/Src/stm32f4xx_ll_rcc.o
                0x000000000800422c                RCC_GetSystemClockFreq
 .text.RCC_GetHCLKClockFreq
                0x00000000080042b4       0x2c ./Drivers/STM32F4xx_HAL_Driver/Src/stm32f4xx_ll_rcc.o
                0x00000000080042b4                RCC_GetHCLKClockFreq
 .text.RCC_GetPCLK1ClockFreq
                0x00000000080042e0       0x28 ./Drivers/STM32F4xx_HAL_Driver/Src/stm32f4xx_ll_rcc.o
                0x00000000080042e0                RCC_GetPCLK1ClockFreq
 .text.RCC_GetPCLK2ClockFreq
                0x0000000008004308       0x28 ./Drivers/STM32F4xx_HAL_Driver/Src/stm32f4xx_ll_rcc.o
                0x0000000008004308                RCC_GetPCLK2ClockFreq
 .text.RCC_PLL_GetFreqDomain_SYS
                0x0000000008004330       0xa4 ./Drivers/STM32F4xx_HAL_Driver/Src/stm32f4xx_ll_rcc.o
                0x0000000008004330                RCC_PLL_GetFreqDomain_SYS
 .text.LL_USART_IsEnabled
                0x00000000080043d4       0x28 ./Drivers/STM32F4xx_HAL_Driver/Src/stm32f4xx_ll_usart.o
 .text.LL_USART_SetStopBitsLength
                0x00000000080043fc       0x26 ./Drivers/STM32F4xx_HAL_Driver/Src/stm32f4xx_ll_usart.o
 .text.LL_USART_SetHWFlowCtrl
                0x0000000008004422       0x26 ./Drivers/STM32F4xx_HAL_Driver/Src/stm32f4xx_ll_usart.o
 .text.LL_USART_SetBaudRate
                0x0000000008004448      0x458 ./Drivers/STM32F4xx_HAL_Driver/Src/stm32f4xx_ll_usart.o
 .text.LL_USART_Init
                0x00000000080048a0      0x100 ./Drivers/STM32F4xx_HAL_Driver/Src/stm32f4xx_ll_usart.o
                0x00000000080048a0                LL_USART_Init
 .text.USB_CoreInit
                0x00000000080049a0       0xc2 ./Drivers/STM32F4xx_HAL_Driver/Src/stm32f4xx_ll_usb.o
                0x00000000080049a0                USB_CoreInit
 *fill*         0x0000000008004a62        0x2 
 .text.USB_SetTurnaroundTime
                0x0000000008004a64      0x144 ./Drivers/STM32F4xx_HAL_Driver/Src/stm32f4xx_ll_usb.o
                0x0000000008004a64                USB_SetTurnaroundTime
 .text.USB_EnableGlobalInt
                0x0000000008004ba8       0x22 ./Drivers/STM32F4xx_HAL_Driver/Src/stm32f4xx_ll_usb.o
                0x0000000008004ba8                USB_EnableGlobalInt
 .text.USB_DisableGlobalInt
                0x0000000008004bca       0x22 ./Drivers/STM32F4xx_HAL_Driver/Src/stm32f4xx_ll_usb.o
                0x0000000008004bca                USB_DisableGlobalInt
 .text.USB_SetCurrentMode
                0x0000000008004bec       0x98 ./Drivers/STM32F4xx_HAL_Driver/Src/stm32f4xx_ll_usb.o
                0x0000000008004bec                USB_SetCurrentMode
 .text.USB_DevInit
                0x0000000008004c84      0x2bc ./Drivers/STM32F4xx_HAL_Driver/Src/stm32f4xx_ll_usb.o
                0x0000000008004c84                USB_DevInit
 .text.USB_FlushTxFifo
                0x0000000008004f40       0x68 ./Drivers/STM32F4xx_HAL_Driver/Src/stm32f4xx_ll_usb.o
                0x0000000008004f40                USB_FlushTxFifo
 .text.USB_FlushRxFifo
                0x0000000008004fa8       0x60 ./Drivers/STM32F4xx_HAL_Driver/Src/stm32f4xx_ll_usb.o
                0x0000000008004fa8                USB_FlushRxFifo
 .text.USB_SetDevSpeed
                0x0000000008005008       0x32 ./Drivers/STM32F4xx_HAL_Driver/Src/stm32f4xx_ll_usb.o
                0x0000000008005008                USB_SetDevSpeed
 .text.USB_GetDevSpeed
                0x000000000800503a       0x4a ./Drivers/STM32F4xx_HAL_Driver/Src/stm32f4xx_ll_usb.o
                0x000000000800503a                USB_GetDevSpeed
 .text.USB_ActivateEndpoint
                0x0000000008005084      0x10e ./Drivers/STM32F4xx_HAL_Driver/Src/stm32f4xx_ll_usb.o
                0x0000000008005084                USB_ActivateEndpoint
 *fill*         0x0000000008005192        0x2 
 .text.USB_DeactivateEndpoint
                0x0000000008005194      0x1b8 ./Drivers/STM32F4xx_HAL_Driver/Src/stm32f4xx_ll_usb.o
                0x0000000008005194                USB_DeactivateEndpoint
 .text.USB_EPStartXfer
                0x000000000800534c      0x490 ./Drivers/STM32F4xx_HAL_Driver/Src/stm32f4xx_ll_usb.o
                0x000000000800534c                USB_EPStartXfer
 .text.USB_EP0StartXfer
                0x00000000080057dc      0x2b0 ./Drivers/STM32F4xx_HAL_Driver/Src/stm32f4xx_ll_usb.o
                0x00000000080057dc                USB_EP0StartXfer
 .text.USB_EPStopXfer
                0x0000000008005a8c      0x154 ./Drivers/STM32F4xx_HAL_Driver/Src/stm32f4xx_ll_usb.o
                0x0000000008005a8c                USB_EPStopXfer
 .text.USB_WritePacket
                0x0000000008005be0       0x7c ./Drivers/STM32F4xx_HAL_Driver/Src/stm32f4xx_ll_usb.o
                0x0000000008005be0                USB_WritePacket
 .text.USB_ReadPacket
                0x0000000008005c5c       0xb0 ./Drivers/STM32F4xx_HAL_Driver/Src/stm32f4xx_ll_usb.o
                0x0000000008005c5c                USB_ReadPacket
 .text.USB_EPSetStall
                0x0000000008005d0c       0xdc ./Drivers/STM32F4xx_HAL_Driver/Src/stm32f4xx_ll_usb.o
                0x0000000008005d0c                USB_EPSetStall
 .text.USB_EPClearStall
                0x0000000008005de8       0xcc ./Drivers/STM32F4xx_HAL_Driver/Src/stm32f4xx_ll_usb.o
                0x0000000008005de8                USB_EPClearStall
 .text.USB_SetDevAddress
                0x0000000008005eb4       0x4c ./Drivers/STM32F4xx_HAL_Driver/Src/stm32f4xx_ll_usb.o
                0x0000000008005eb4                USB_SetDevAddress
 .text.USB_DevConnect
                0x0000000008005f00       0x42 ./Drivers/STM32F4xx_HAL_Driver/Src/stm32f4xx_ll_usb.o
                0x0000000008005f00                USB_DevConnect
 .text.USB_DevDisconnect
                0x0000000008005f42       0x42 ./Drivers/STM32F4xx_HAL_Driver/Src/stm32f4xx_ll_usb.o
                0x0000000008005f42                USB_DevDisconnect
 .text.USB_ReadInterrupts
                0x0000000008005f84       0x26 ./Drivers/STM32F4xx_HAL_Driver/Src/stm32f4xx_ll_usb.o
                0x0000000008005f84                USB_ReadInterrupts
 .text.USB_ReadDevAllOutEpInterrupt
                0x0000000008005faa       0x34 ./Drivers/STM32F4xx_HAL_Driver/Src/stm32f4xx_ll_usb.o
                0x0000000008005faa                USB_ReadDevAllOutEpInterrupt
 .text.USB_ReadDevAllInEpInterrupt
                0x0000000008005fde       0x34 ./Drivers/STM32F4xx_HAL_Driver/Src/stm32f4xx_ll_usb.o
                0x0000000008005fde                USB_ReadDevAllInEpInterrupt
 .text.USB_ReadDevOutEPInterrupt
                0x0000000008006012       0x3c ./Drivers/STM32F4xx_HAL_Driver/Src/stm32f4xx_ll_usb.o
                0x0000000008006012                USB_ReadDevOutEPInterrupt
 .text.USB_ReadDevInEPInterrupt
                0x000000000800604e       0x5c ./Drivers/STM32F4xx_HAL_Driver/Src/stm32f4xx_ll_usb.o
                0x000000000800604e                USB_ReadDevInEPInterrupt
 .text.USB_GetMode
                0x00000000080060aa       0x1c ./Drivers/STM32F4xx_HAL_Driver/Src/stm32f4xx_ll_usb.o
                0x00000000080060aa                USB_GetMode
 .text.USB_ActivateSetup
                0x00000000080060c6       0x46 ./Drivers/STM32F4xx_HAL_Driver/Src/stm32f4xx_ll_usb.o
                0x00000000080060c6                USB_ActivateSetup
 .text.USB_EP0_OutStart
                0x000000000800610c       0xbc ./Drivers/STM32F4xx_HAL_Driver/Src/stm32f4xx_ll_usb.o
                0x000000000800610c                USB_EP0_OutStart
 .text.USB_CoreReset
                0x00000000080061c8       0x68 ./Drivers/STM32F4xx_HAL_Driver/Src/stm32f4xx_ll_usb.o
 .text.LL_mDelay
                0x0000000008006230       0x4c ./Drivers/STM32F4xx_HAL_Driver/Src/stm32f4xx_ll_utils.o
                0x0000000008006230                LL_mDelay
 .text.LL_SetSystemCoreClock
                0x000000000800627c       0x20 ./Drivers/STM32F4xx_HAL_Driver/Src/stm32f4xx_ll_utils.o
                0x000000000800627c                LL_SetSystemCoreClock
 .text.USBD_Init
                0x000000000800629c       0x80 ./Drivers/STM32_USB_Device_Library/Core/Src/usbd_core.o
                0x000000000800629c                USBD_Init
 .text.USBD_RegisterClass
                0x000000000800631c       0x8c ./Drivers/STM32_USB_Device_Library/Core/Src/usbd_core.o
                0x000000000800631c                USBD_RegisterClass
 .text.USBD_Start
                0x00000000080063a8       0x18 ./Drivers/STM32_USB_Device_Library/Core/Src/usbd_core.o
                0x00000000080063a8                USBD_Start
 .text.USBD_RunTestMode
                0x00000000080063c0       0x16 ./Drivers/STM32_USB_Device_Library/Core/Src/usbd_core.o
                0x00000000080063c0                USBD_RunTestMode
 .text.USBD_SetClassConfig
                0x00000000080063d6       0x38 ./Drivers/STM32_USB_Device_Library/Core/Src/usbd_core.o
                0x00000000080063d6                USBD_SetClassConfig
 .text.USBD_ClrClassConfig
                0x000000000800640e       0x34 ./Drivers/STM32_USB_Device_Library/Core/Src/usbd_core.o
                0x000000000800640e                USBD_ClrClassConfig
 .text.USBD_LL_SetupStage
                0x0000000008006442       0xaa ./Drivers/STM32_USB_Device_Library/Core/Src/usbd_core.o
                0x0000000008006442                USBD_LL_SetupStage
 .text.USBD_LL_DataOutStage
                0x00000000080064ec      0x166 ./Drivers/STM32_USB_Device_Library/Core/Src/usbd_core.o
                0x00000000080064ec                USBD_LL_DataOutStage
 .text.USBD_LL_DataInStage
                0x0000000008006652      0x164 ./Drivers/STM32_USB_Device_Library/Core/Src/usbd_core.o
                0x0000000008006652                USBD_LL_DataInStage
 .text.USBD_LL_Reset
                0x00000000080067b6       0xa4 ./Drivers/STM32_USB_Device_Library/Core/Src/usbd_core.o
                0x00000000080067b6                USBD_LL_Reset
 .text.USBD_LL_SetSpeed
                0x000000000800685a       0x20 ./Drivers/STM32_USB_Device_Library/Core/Src/usbd_core.o
                0x000000000800685a                USBD_LL_SetSpeed
 .text.USBD_LL_Suspend
                0x000000000800687a       0x2c ./Drivers/STM32_USB_Device_Library/Core/Src/usbd_core.o
                0x000000000800687a                USBD_LL_Suspend
 .text.USBD_LL_Resume
                0x00000000080068a6       0x30 ./Drivers/STM32_USB_Device_Library/Core/Src/usbd_core.o
                0x00000000080068a6                USBD_LL_Resume
 .text.USBD_LL_SOF
                0x00000000080068d6       0x40 ./Drivers/STM32_USB_Device_Library/Core/Src/usbd_core.o
                0x00000000080068d6                USBD_LL_SOF
 .text.USBD_LL_IsoINIncomplete
                0x0000000008006916       0x64 ./Drivers/STM32_USB_Device_Library/Core/Src/usbd_core.o
                0x0000000008006916                USBD_LL_IsoINIncomplete
 .text.USBD_LL_IsoOUTIncomplete
                0x000000000800697a       0x64 ./Drivers/STM32_USB_Device_Library/Core/Src/usbd_core.o
                0x000000000800697a                USBD_LL_IsoOUTIncomplete
 .text.USBD_LL_DevConnected
                0x00000000080069de       0x16 ./Drivers/STM32_USB_Device_Library/Core/Src/usbd_core.o
                0x00000000080069de                USBD_LL_DevConnected
 .text.USBD_LL_DevDisconnected
                0x00000000080069f4       0x46 ./Drivers/STM32_USB_Device_Library/Core/Src/usbd_core.o
                0x00000000080069f4                USBD_LL_DevDisconnected
 .text.USBD_CoreFindIF
                0x0000000008006a3a       0x1a ./Drivers/STM32_USB_Device_Library/Core/Src/usbd_core.o
                0x0000000008006a3a                USBD_CoreFindIF
 .text.USBD_CoreFindEP
                0x0000000008006a54       0x1a ./Drivers/STM32_USB_Device_Library/Core/Src/usbd_core.o
                0x0000000008006a54                USBD_CoreFindEP
 .text.USBD_GetNextDesc
                0x0000000008006a6e       0x3a ./Drivers/STM32_USB_Device_Library/Core/Src/usbd_core.o
                0x0000000008006a6e                USBD_GetNextDesc
 .text.SWAPBYTE
                0x0000000008006aa8       0x3c ./Drivers/STM32_USB_Device_Library/Core/Src/usbd_ctlreq.o
 .text.USBD_StdDevReq
                0x0000000008006ae4       0xe4 ./Drivers/STM32_USB_Device_Library/Core/Src/usbd_ctlreq.o
                0x0000000008006ae4                USBD_StdDevReq
 .text.USBD_StdItfReq
                0x0000000008006bc8       0xd8 ./Drivers/STM32_USB_Device_Library/Core/Src/usbd_ctlreq.o
                0x0000000008006bc8                USBD_StdItfReq
 .text.USBD_StdEPReq
                0x0000000008006ca0      0x33a ./Drivers/STM32_USB_Device_Library/Core/Src/usbd_ctlreq.o
                0x0000000008006ca0                USBD_StdEPReq
 *fill*         0x0000000008006fda        0x2 
 .text.USBD_GetDescriptor
                0x0000000008006fdc      0x2d4 ./Drivers/STM32_USB_Device_Library/Core/Src/usbd_ctlreq.o
 .text.USBD_SetAddress
                0x00000000080072b0       0x88 ./Drivers/STM32_USB_Device_Library/Core/Src/usbd_ctlreq.o
 .text.USBD_SetConfig
                0x0000000008007338      0x154 ./Drivers/STM32_USB_Device_Library/Core/Src/usbd_ctlreq.o
 .text.USBD_GetConfig
                0x000000000800748c       0x6c ./Drivers/STM32_USB_Device_Library/Core/Src/usbd_ctlreq.o
 .text.USBD_GetStatus
                0x00000000080074f8       0x68 ./Drivers/STM32_USB_Device_Library/Core/Src/usbd_ctlreq.o
 .text.USBD_SetFeature
                0x0000000008007560       0x52 ./Drivers/STM32_USB_Device_Library/Core/Src/usbd_ctlreq.o
 .text.USBD_ClrFeature
                0x00000000080075b2       0x44 ./Drivers/STM32_USB_Device_Library/Core/Src/usbd_ctlreq.o
 .text.USBD_ParseSetupRequest
                0x00000000080075f6       0x74 ./Drivers/STM32_USB_Device_Library/Core/Src/usbd_ctlreq.o
                0x00000000080075f6                USBD_ParseSetupRequest
 .text.USBD_CtlError
                0x000000000800766a       0x22 ./Drivers/STM32_USB_Device_Library/Core/Src/usbd_ctlreq.o
                0x000000000800766a                USBD_CtlError
 .text.USBD_GetString
                0x000000000800768c       0x8c ./Drivers/STM32_USB_Device_Library/Core/Src/usbd_ctlreq.o
                0x000000000800768c                USBD_GetString
 .text.USBD_GetLen
                0x0000000008007718       0x34 ./Drivers/STM32_USB_Device_Library/Core/Src/usbd_ctlreq.o
 .text.USBD_CtlSendData
                0x000000000800774c       0x36 ./Drivers/STM32_USB_Device_Library/Core/Src/usbd_ioreq.o
                0x000000000800774c                USBD_CtlSendData
 .text.USBD_CtlContinueSendData
                0x0000000008007782       0x22 ./Drivers/STM32_USB_Device_Library/Core/Src/usbd_ioreq.o
                0x0000000008007782                USBD_CtlContinueSendData
 .text.USBD_CtlPrepareRx
                0x00000000080077a4       0x3a ./Drivers/STM32_USB_Device_Library/Core/Src/usbd_ioreq.o
                0x00000000080077a4                USBD_CtlPrepareRx
 .text.USBD_CtlContinueRx
                0x00000000080077de       0x22 ./Drivers/STM32_USB_Device_Library/Core/Src/usbd_ioreq.o
                0x00000000080077de                USBD_CtlContinueRx
 .text.USBD_CtlSendStatus
                0x0000000008007800       0x26 ./Drivers/STM32_USB_Device_Library/Core/Src/usbd_ioreq.o
                0x0000000008007800                USBD_CtlSendStatus
 .text.USBD_CtlReceiveStatus
                0x0000000008007826       0x26 ./Drivers/STM32_USB_Device_Library/Core/Src/usbd_ioreq.o
                0x0000000008007826                USBD_CtlReceiveStatus
 .text.__errno  0x000000000800784c        0xc c:/program files/st/stm32cubeide_1.9.0/stm32cubeide/plugins/com.st.stm32cube.ide.mcu.externaltools.gnu-tools-for-stm32.10.3-2021.10.win32_1.0.0.202111181127/tools/bin/../lib/gcc/arm-none-eabi/10.3.1/../../../../arm-none-eabi/lib/thumb/v7e-m+fp/hard\libc_nano.a(lib_a-errno.o)
                0x000000000800784c                __errno
 .text.__libc_init_array
                0x0000000008007858       0x48 c:/program files/st/stm32cubeide_1.9.0/stm32cubeide/plugins/com.st.stm32cube.ide.mcu.externaltools.gnu-tools-for-stm32.10.3-2021.10.win32_1.0.0.202111181127/tools/bin/../lib/gcc/arm-none-eabi/10.3.1/../../../../arm-none-eabi/lib/thumb/v7e-m+fp/hard\libc_nano.a(lib_a-init.o)
                0x0000000008007858                __libc_init_array
 .text.memset   0x00000000080078a0       0x10 c:/program files/st/stm32cubeide_1.9.0/stm32cubeide/plugins/com.st.stm32cube.ide.mcu.externaltools.gnu-tools-for-stm32.10.3-2021.10.win32_1.0.0.202111181127/tools/bin/../lib/gcc/arm-none-eabi/10.3.1/../../../../arm-none-eabi/lib/thumb/v7e-m+fp/hard\libc_nano.a(lib_a-memset.o)
                0x00000000080078a0                memset
 .text.printf   0x00000000080078b0       0x30 c:/program files/st/stm32cubeide_1.9.0/stm32cubeide/plugins/com.st.stm32cube.ide.mcu.externaltools.gnu-tools-for-stm32.10.3-2021.10.win32_1.0.0.202111181127/tools/bin/../lib/gcc/arm-none-eabi/10.3.1/../../../../arm-none-eabi/lib/thumb/v7e-m+fp/hard\libc_nano.a(lib_a-printf.o)
                0x00000000080078b0                iprintf
                0x00000000080078b0                printf
 .text._puts_r  0x00000000080078e0       0xdc c:/program files/st/stm32cubeide_1.9.0/stm32cubeide/plugins/com.st.stm32cube.ide.mcu.externaltools.gnu-tools-for-stm32.10.3-2021.10.win32_1.0.0.202111181127/tools/bin/../lib/gcc/arm-none-eabi/10.3.1/../../../../arm-none-eabi/lib/thumb/v7e-m+fp/hard\libc_nano.a(lib_a-puts.o)
                0x00000000080078e0                _puts_r
 .text.puts     0x00000000080079bc       0x10 c:/program files/st/stm32cubeide_1.9.0/stm32cubeide/plugins/com.st.stm32cube.ide.mcu.externaltools.gnu-tools-for-stm32.10.3-2021.10.win32_1.0.0.202111181127/tools/bin/../lib/gcc/arm-none-eabi/10.3.1/../../../../arm-none-eabi/lib/thumb/v7e-m+fp/hard\libc_nano.a(lib_a-puts.o)
                0x00000000080079bc                puts
 .text.__swbuf_r
                0x00000000080079cc       0xa4 c:/program files/st/stm32cubeide_1.9.0/stm32cubeide/plugins/com.st.stm32cube.ide.mcu.externaltools.gnu-tools-for-stm32.10.3-2021.10.win32_1.0.0.202111181127/tools/bin/../lib/gcc/arm-none-eabi/10.3.1/../../../../arm-none-eabi/lib/thumb/v7e-m+fp/hard\libc_nano.a(lib_a-wbuf.o)
                0x00000000080079cc                __swbuf_r
 .text.__swsetup_r
                0x0000000008007a70       0xdc c:/program files/st/stm32cubeide_1.9.0/stm32cubeide/plugins/com.st.stm32cube.ide.mcu.externaltools.gnu-tools-for-stm32.10.3-2021.10.win32_1.0.0.202111181127/tools/bin/../lib/gcc/arm-none-eabi/10.3.1/../../../../arm-none-eabi/lib/thumb/v7e-m+fp/hard\libc_nano.a(lib_a-wsetup.o)
                0x0000000008007a70                __swsetup_r
 .text.__sflush_r
                0x0000000008007b4c      0x10c c:/program files/st/stm32cubeide_1.9.0/stm32cubeide/plugins/com.st.stm32cube.ide.mcu.externaltools.gnu-tools-for-stm32.10.3-2021.10.win32_1.0.0.202111181127/tools/bin/../lib/gcc/arm-none-eabi/10.3.1/../../../../arm-none-eabi/lib/thumb/v7e-m+fp/hard\libc_nano.a(lib_a-fflush.o)
                0x0000000008007b4c                __sflush_r
 .text._fflush_r
                0x0000000008007c58       0x78 c:/program files/st/stm32cubeide_1.9.0/stm32cubeide/plugins/com.st.stm32cube.ide.mcu.externaltools.gnu-tools-for-stm32.10.3-2021.10.win32_1.0.0.202111181127/tools/bin/../lib/gcc/arm-none-eabi/10.3.1/../../../../arm-none-eabi/lib/thumb/v7e-m+fp/hard\libc_nano.a(lib_a-fflush.o)
                0x0000000008007c58                _fflush_r
 .text.std      0x0000000008007cd0       0x48 c:/program files/st/stm32cubeide_1.9.0/stm32cubeide/plugins/com.st.stm32cube.ide.mcu.externaltools.gnu-tools-for-stm32.10.3-2021.10.win32_1.0.0.202111181127/tools/bin/../lib/gcc/arm-none-eabi/10.3.1/../../../../arm-none-eabi/lib/thumb/v7e-m+fp/hard\libc_nano.a(lib_a-findfp.o)
 .text._cleanup_r
                0x0000000008007d18        0xc c:/program files/st/stm32cubeide_1.9.0/stm32cubeide/plugins/com.st.stm32cube.ide.mcu.externaltools.gnu-tools-for-stm32.10.3-2021.10.win32_1.0.0.202111181127/tools/bin/../lib/gcc/arm-none-eabi/10.3.1/../../../../arm-none-eabi/lib/thumb/v7e-m+fp/hard\libc_nano.a(lib_a-findfp.o)
                0x0000000008007d18                _cleanup_r
 .text.__sfmoreglue
                0x0000000008007d24       0x2c c:/program files/st/stm32cubeide_1.9.0/stm32cubeide/plugins/com.st.stm32cube.ide.mcu.externaltools.gnu-tools-for-stm32.10.3-2021.10.win32_1.0.0.202111181127/tools/bin/../lib/gcc/arm-none-eabi/10.3.1/../../../../arm-none-eabi/lib/thumb/v7e-m+fp/hard\libc_nano.a(lib_a-findfp.o)
                0x0000000008007d24                __sfmoreglue
 .text.__sfp_lock_acquire
                0x0000000008007d50        0xc c:/program files/st/stm32cubeide_1.9.0/stm32cubeide/plugins/com.st.stm32cube.ide.mcu.externaltools.gnu-tools-for-stm32.10.3-2021.10.win32_1.0.0.202111181127/tools/bin/../lib/gcc/arm-none-eabi/10.3.1/../../../../arm-none-eabi/lib/thumb/v7e-m+fp/hard\libc_nano.a(lib_a-findfp.o)
                0x0000000008007d50                __sfp_lock_acquire
 .text.__sfp_lock_release
                0x0000000008007d5c        0xc c:/program files/st/stm32cubeide_1.9.0/stm32cubeide/plugins/com.st.stm32cube.ide.mcu.externaltools.gnu-tools-for-stm32.10.3-2021.10.win32_1.0.0.202111181127/tools/bin/../lib/gcc/arm-none-eabi/10.3.1/../../../../arm-none-eabi/lib/thumb/v7e-m+fp/hard\libc_nano.a(lib_a-findfp.o)
                0x0000000008007d5c                __sfp_lock_release
 .text.__sinit_lock_acquire
                0x0000000008007d68        0xc c:/program files/st/stm32cubeide_1.9.0/stm32cubeide/plugins/com.st.stm32cube.ide.mcu.externaltools.gnu-tools-for-stm32.10.3-2021.10.win32_1.0.0.202111181127/tools/bin/../lib/gcc/arm-none-eabi/10.3.1/../../../../arm-none-eabi/lib/thumb/v7e-m+fp/hard\libc_nano.a(lib_a-findfp.o)
                0x0000000008007d68                __sinit_lock_acquire
 .text.__sinit_lock_release
                0x0000000008007d74        0xc c:/program files/st/stm32cubeide_1.9.0/stm32cubeide/plugins/com.st.stm32cube.ide.mcu.externaltools.gnu-tools-for-stm32.10.3-2021.10.win32_1.0.0.202111181127/tools/bin/../lib/gcc/arm-none-eabi/10.3.1/../../../../arm-none-eabi/lib/thumb/v7e-m+fp/hard\libc_nano.a(lib_a-findfp.o)
                0x0000000008007d74                __sinit_lock_release
 .text.__sinit  0x0000000008007d80       0x70 c:/program files/st/stm32cubeide_1.9.0/stm32cubeide/plugins/com.st.stm32cube.ide.mcu.externaltools.gnu-tools-for-stm32.10.3-2021.10.win32_1.0.0.202111181127/tools/bin/../lib/gcc/arm-none-eabi/10.3.1/../../../../arm-none-eabi/lib/thumb/v7e-m+fp/hard\libc_nano.a(lib_a-findfp.o)
                0x0000000008007d80                __sinit
 .text.__sfp    0x0000000008007df0       0x8c c:/program files/st/stm32cubeide_1.9.0/stm32cubeide/plugins/com.st.stm32cube.ide.mcu.externaltools.gnu-tools-for-stm32.10.3-2021.10.win32_1.0.0.202111181127/tools/bin/../lib/gcc/arm-none-eabi/10.3.1/../../../../arm-none-eabi/lib/thumb/v7e-m+fp/hard\libc_nano.a(lib_a-findfp.o)
                0x0000000008007df0                __sfp
 .text._fwalk_reent
                0x0000000008007e7c       0x3e c:/program files/st/stm32cubeide_1.9.0/stm32cubeide/plugins/com.st.stm32cube.ide.mcu.externaltools.gnu-tools-for-stm32.10.3-2021.10.win32_1.0.0.202111181127/tools/bin/../lib/gcc/arm-none-eabi/10.3.1/../../../../arm-none-eabi/lib/thumb/v7e-m+fp/hard\libc_nano.a(lib_a-fwalk.o)
                0x0000000008007e7c                _fwalk_reent
 .text.__retarget_lock_init_recursive
                0x0000000008007eba        0x2 c:/program files/st/stm32cubeide_1.9.0/stm32cubeide/plugins/com.st.stm32cube.ide.mcu.externaltools.gnu-tools-for-stm32.10.3-2021.10.win32_1.0.0.202111181127/tools/bin/../lib/gcc/arm-none-eabi/10.3.1/../../../../arm-none-eabi/lib/thumb/v7e-m+fp/hard\libc_nano.a(lib_a-lock.o)
                0x0000000008007eba                __retarget_lock_init_recursive
 .text.__retarget_lock_acquire_recursive
                0x0000000008007ebc        0x2 c:/program files/st/stm32cubeide_1.9.0/stm32cubeide/plugins/com.st.stm32cube.ide.mcu.externaltools.gnu-tools-for-stm32.10.3-2021.10.win32_1.0.0.202111181127/tools/bin/../lib/gcc/arm-none-eabi/10.3.1/../../../../arm-none-eabi/lib/thumb/v7e-m+fp/hard\libc_nano.a(lib_a-lock.o)
                0x0000000008007ebc                __retarget_lock_acquire_recursive
 .text.__retarget_lock_release_recursive
                0x0000000008007ebe        0x2 c:/program files/st/stm32cubeide_1.9.0/stm32cubeide/plugins/com.st.stm32cube.ide.mcu.externaltools.gnu-tools-for-stm32.10.3-2021.10.win32_1.0.0.202111181127/tools/bin/../lib/gcc/arm-none-eabi/10.3.1/../../../../arm-none-eabi/lib/thumb/v7e-m+fp/hard\libc_nano.a(lib_a-lock.o)
                0x0000000008007ebe                __retarget_lock_release_recursive
 .text.__swhatbuf_r
                0x0000000008007ec0       0x4a c:/program files/st/stm32cubeide_1.9.0/stm32cubeide/plugins/com.st.stm32cube.ide.mcu.externaltools.gnu-tools-for-stm32.10.3-2021.10.win32_1.0.0.202111181127/tools/bin/../lib/gcc/arm-none-eabi/10.3.1/../../../../arm-none-eabi/lib/thumb/v7e-m+fp/hard\libc_nano.a(lib_a-makebuf.o)
                0x0000000008007ec0                __swhatbuf_r
 *fill*         0x0000000008007f0a        0x2 
 .text.__smakebuf_r
                0x0000000008007f0c       0x80 c:/program files/st/stm32cubeide_1.9.0/stm32cubeide/plugins/com.st.stm32cube.ide.mcu.externaltools.gnu-tools-for-stm32.10.3-2021.10.win32_1.0.0.202111181127/tools/bin/../lib/gcc/arm-none-eabi/10.3.1/../../../../arm-none-eabi/lib/thumb/v7e-m+fp/hard\libc_nano.a(lib_a-makebuf.o)
                0x0000000008007f0c                __smakebuf_r
 .text._free_r  0x0000000008007f8c       0x98 c:/program files/st/stm32cubeide_1.9.0/stm32cubeide/plugins/com.st.stm32cube.ide.mcu.externaltools.gnu-tools-for-stm32.10.3-2021.10.win32_1.0.0.202111181127/tools/bin/../lib/gcc/arm-none-eabi/10.3.1/../../../../arm-none-eabi/lib/thumb/v7e-m+fp/hard\libc_nano.a(lib_a-nano-freer.o)
                0x0000000008007f8c                _free_r
 .text.sbrk_aligned
                0x0000000008008024       0x40 c:/program files/st/stm32cubeide_1.9.0/stm32cubeide/plugins/com.st.stm32cube.ide.mcu.externaltools.gnu-tools-for-stm32.10.3-2021.10.win32_1.0.0.202111181127/tools/bin/../lib/gcc/arm-none-eabi/10.3.1/../../../../arm-none-eabi/lib/thumb/v7e-m+fp/hard\libc_nano.a(lib_a-nano-mallocr.o)
 .text._malloc_r
                0x0000000008008064       0xe8 c:/program files/st/stm32cubeide_1.9.0/stm32cubeide/plugins/com.st.stm32cube.ide.mcu.externaltools.gnu-tools-for-stm32.10.3-2021.10.win32_1.0.0.202111181127/tools/bin/../lib/gcc/arm-none-eabi/10.3.1/../../../../arm-none-eabi/lib/thumb/v7e-m+fp/hard\libc_nano.a(lib_a-nano-mallocr.o)
                0x0000000008008064                _malloc_r
 .text.__sfputc_r
                0x000000000800814c       0x2e c:/program files/st/stm32cubeide_1.9.0/stm32cubeide/plugins/com.st.stm32cube.ide.mcu.externaltools.gnu-tools-for-stm32.10.3-2021.10.win32_1.0.0.202111181127/tools/bin/../lib/gcc/arm-none-eabi/10.3.1/../../../../arm-none-eabi/lib/thumb/v7e-m+fp/hard\libc_nano.a(lib_a-nano-vfprintf.o)
 .text.__sfputs_r
                0x000000000800817a       0x24 c:/program files/st/stm32cubeide_1.9.0/stm32cubeide/plugins/com.st.stm32cube.ide.mcu.externaltools.gnu-tools-for-stm32.10.3-2021.10.win32_1.0.0.202111181127/tools/bin/../lib/gcc/arm-none-eabi/10.3.1/../../../../arm-none-eabi/lib/thumb/v7e-m+fp/hard\libc_nano.a(lib_a-nano-vfprintf.o)
                0x000000000800817a                __sfputs_r
 *fill*         0x000000000800819e        0x2 
 .text._vfprintf_r
                0x00000000080081a0      0x260 c:/program files/st/stm32cubeide_1.9.0/stm32cubeide/plugins/com.st.stm32cube.ide.mcu.externaltools.gnu-tools-for-stm32.10.3-2021.10.win32_1.0.0.202111181127/tools/bin/../lib/gcc/arm-none-eabi/10.3.1/../../../../arm-none-eabi/lib/thumb/v7e-m+fp/hard\libc_nano.a(lib_a-nano-vfprintf.o)
                0x00000000080081a0                _vfprintf_r
                0x00000000080081a0                _vfiprintf_r
 .text._printf_common
                0x0000000008008400       0xda c:/program files/st/stm32cubeide_1.9.0/stm32cubeide/plugins/com.st.stm32cube.ide.mcu.externaltools.gnu-tools-for-stm32.10.3-2021.10.win32_1.0.0.202111181127/tools/bin/../lib/gcc/arm-none-eabi/10.3.1/../../../../arm-none-eabi/lib/thumb/v7e-m+fp/hard\libc_nano.a(lib_a-nano-vfprintf_i.o)
                0x0000000008008400                _printf_common
 *fill*         0x00000000080084da        0x2 
 .text._printf_i
                0x00000000080084dc      0x24c c:/program files/st/stm32cubeide_1.9.0/stm32cubeide/plugins/com.st.stm32cube.ide.mcu.externaltools.gnu-tools-for-stm32.10.3-2021.10.win32_1.0.0.202111181127/tools/bin/../lib/gcc/arm-none-eabi/10.3.1/../../../../arm-none-eabi/lib/thumb/v7e-m+fp/hard\libc_nano.a(lib_a-nano-vfprintf_i.o)
                0x00000000080084dc                _printf_i
 .text._sbrk_r  0x0000000008008728       0x20 c:/program files/st/stm32cubeide_1.9.0/stm32cubeide/plugins/com.st.stm32cube.ide.mcu.externaltools.gnu-tools-for-stm32.10.3-2021.10.win32_1.0.0.202111181127/tools/bin/../lib/gcc/arm-none-eabi/10.3.1/../../../../arm-none-eabi/lib/thumb/v7e-m+fp/hard\libc_nano.a(lib_a-sbrkr.o)
                0x0000000008008728                _sbrk_r
 .text.__sread  0x0000000008008748       0x22 c:/program files/st/stm32cubeide_1.9.0/stm32cubeide/plugins/com.st.stm32cube.ide.mcu.externaltools.gnu-tools-for-stm32.10.3-2021.10.win32_1.0.0.202111181127/tools/bin/../lib/gcc/arm-none-eabi/10.3.1/../../../../arm-none-eabi/lib/thumb/v7e-m+fp/hard\libc_nano.a(lib_a-stdio.o)
                0x0000000008008748                __sread
 .text.__swrite
                0x000000000800876a       0x38 c:/program files/st/stm32cubeide_1.9.0/stm32cubeide/plugins/com.st.stm32cube.ide.mcu.externaltools.gnu-tools-for-stm32.10.3-2021.10.win32_1.0.0.202111181127/tools/bin/../lib/gcc/arm-none-eabi/10.3.1/../../../../arm-none-eabi/lib/thumb/v7e-m+fp/hard\libc_nano.a(lib_a-stdio.o)
                0x000000000800876a                __swrite
 .text.__sseek  0x00000000080087a2       0x24 c:/program files/st/stm32cubeide_1.9.0/stm32cubeide/plugins/com.st.stm32cube.ide.mcu.externaltools.gnu-tools-for-stm32.10.3-2021.10.win32_1.0.0.202111181127/tools/bin/../lib/gcc/arm-none-eabi/10.3.1/../../../../arm-none-eabi/lib/thumb/v7e-m+fp/hard\libc_nano.a(lib_a-stdio.o)
                0x00000000080087a2                __sseek
 .text.__sclose
                0x00000000080087c6        0x8 c:/program files/st/stm32cubeide_1.9.0/stm32cubeide/plugins/com.st.stm32cube.ide.mcu.externaltools.gnu-tools-for-stm32.10.3-2021.10.win32_1.0.0.202111181127/tools/bin/../lib/gcc/arm-none-eabi/10.3.1/../../../../arm-none-eabi/lib/thumb/v7e-m+fp/hard\libc_nano.a(lib_a-stdio.o)
                0x00000000080087c6                __sclose
 *fill*         0x00000000080087ce        0x2 
 .text._write_r
                0x00000000080087d0       0x24 c:/program files/st/stm32cubeide_1.9.0/stm32cubeide/plugins/com.st.stm32cube.ide.mcu.externaltools.gnu-tools-for-stm32.10.3-2021.10.win32_1.0.0.202111181127/tools/bin/../lib/gcc/arm-none-eabi/10.3.1/../../../../arm-none-eabi/lib/thumb/v7e-m+fp/hard\libc_nano.a(lib_a-writer.o)
                0x00000000080087d0                _write_r
 .text._close_r
                0x00000000080087f4       0x20 c:/program files/st/stm32cubeide_1.9.0/stm32cubeide/plugins/com.st.stm32cube.ide.mcu.externaltools.gnu-tools-for-stm32.10.3-2021.10.win32_1.0.0.202111181127/tools/bin/../lib/gcc/arm-none-eabi/10.3.1/../../../../arm-none-eabi/lib/thumb/v7e-m+fp/hard\libc_nano.a(lib_a-closer.o)
                0x00000000080087f4                _close_r
 .text._fstat_r
                0x0000000008008814       0x24 c:/program files/st/stm32cubeide_1.9.0/stm32cubeide/plugins/com.st.stm32cube.ide.mcu.externaltools.gnu-tools-for-stm32.10.3-2021.10.win32_1.0.0.202111181127/tools/bin/../lib/gcc/arm-none-eabi/10.3.1/../../../../arm-none-eabi/lib/thumb/v7e-m+fp/hard\libc_nano.a(lib_a-fstatr.o)
                0x0000000008008814                _fstat_r
 .text._isatty_r
                0x0000000008008838       0x20 c:/program files/st/stm32cubeide_1.9.0/stm32cubeide/plugins/com.st.stm32cube.ide.mcu.externaltools.gnu-tools-for-stm32.10.3-2021.10.win32_1.0.0.202111181127/tools/bin/../lib/gcc/arm-none-eabi/10.3.1/../../../../arm-none-eabi/lib/thumb/v7e-m+fp/hard\libc_nano.a(lib_a-isattyr.o)
                0x0000000008008838                _isatty_r
 .text._lseek_r
                0x0000000008008858       0x24 c:/program files/st/stm32cubeide_1.9.0/stm32cubeide/plugins/com.st.stm32cube.ide.mcu.externaltools.gnu-tools-for-stm32.10.3-2021.10.win32_1.0.0.202111181127/tools/bin/../lib/gcc/arm-none-eabi/10.3.1/../../../../arm-none-eabi/lib/thumb/v7e-m+fp/hard\libc_nano.a(lib_a-lseekr.o)
                0x0000000008008858                _lseek_r
 .text.__malloc_lock
                0x000000000800887c        0xc c:/program files/st/stm32cubeide_1.9.0/stm32cubeide/plugins/com.st.stm32cube.ide.mcu.externaltools.gnu-tools-for-stm32.10.3-2021.10.win32_1.0.0.202111181127/tools/bin/../lib/gcc/arm-none-eabi/10.3.1/../../../../arm-none-eabi/lib/thumb/v7e-m+fp/hard\libc_nano.a(lib_a-mlock.o)
                0x000000000800887c                __malloc_lock
 .text.__malloc_unlock
                0x0000000008008888        0xc c:/program files/st/stm32cubeide_1.9.0/stm32cubeide/plugins/com.st.stm32cube.ide.mcu.externaltools.gnu-tools-for-stm32.10.3-2021.10.win32_1.0.0.202111181127/tools/bin/../lib/gcc/arm-none-eabi/10.3.1/../../../../arm-none-eabi/lib/thumb/v7e-m+fp/hard\libc_nano.a(lib_a-mlock.o)
                0x0000000008008888                __malloc_unlock
 .text._read_r  0x0000000008008894       0x24 c:/program files/st/stm32cubeide_1.9.0/stm32cubeide/plugins/com.st.stm32cube.ide.mcu.externaltools.gnu-tools-for-stm32.10.3-2021.10.win32_1.0.0.202111181127/tools/bin/../lib/gcc/arm-none-eabi/10.3.1/../../../../arm-none-eabi/lib/thumb/v7e-m+fp/hard\libc_nano.a(lib_a-readr.o)
                0x0000000008008894                _read_r
 *(.glue_7)
 .glue_7        0x00000000080088b8        0x0 linker stubs
 *(.glue_7t)
 .glue_7t       0x00000000080088b8        0x0 linker stubs
 *(.eh_frame)
 .eh_frame      0x00000000080088b8        0x0 c:/program files/st/stm32cubeide_1.9.0/stm32cubeide/plugins/com.st.stm32cube.ide.mcu.externaltools.gnu-tools-for-stm32.10.3-2021.10.win32_1.0.0.202111181127/tools/bin/../lib/gcc/arm-none-eabi/10.3.1/thumb/v7e-m+fp/hard/crtbegin.o
 *(.init)
 .init          0x00000000080088b8        0x4 c:/program files/st/stm32cubeide_1.9.0/stm32cubeide/plugins/com.st.stm32cube.ide.mcu.externaltools.gnu-tools-for-stm32.10.3-2021.10.win32_1.0.0.202111181127/tools/bin/../lib/gcc/arm-none-eabi/10.3.1/thumb/v7e-m+fp/hard/crti.o
                0x00000000080088b8                _init
 .init          0x00000000080088bc        0x8 c:/program files/st/stm32cubeide_1.9.0/stm32cubeide/plugins/com.st.stm32cube.ide.mcu.externaltools.gnu-tools-for-stm32.10.3-2021.10.win32_1.0.0.202111181127/tools/bin/../lib/gcc/arm-none-eabi/10.3.1/thumb/v7e-m+fp/hard/crtn.o
 *(.fini)
 .fini          0x00000000080088c4        0x4 c:/program files/st/stm32cubeide_1.9.0/stm32cubeide/plugins/com.st.stm32cube.ide.mcu.externaltools.gnu-tools-for-stm32.10.3-2021.10.win32_1.0.0.202111181127/tools/bin/../lib/gcc/arm-none-eabi/10.3.1/thumb/v7e-m+fp/hard/crti.o
                0x00000000080088c4                _fini
 .fini          0x00000000080088c8        0x8 c:/program files/st/stm32cubeide_1.9.0/stm32cubeide/plugins/com.st.stm32cube.ide.mcu.externaltools.gnu-tools-for-stm32.10.3-2021.10.win32_1.0.0.202111181127/tools/bin/../lib/gcc/arm-none-eabi/10.3.1/thumb/v7e-m+fp/hard/crtn.o
                0x00000000080088d0                . = ALIGN (0x4)
                0x00000000080088d0                _etext = .

.vfp11_veneer   0x00000000080088d0        0x0
 .vfp11_veneer  0x00000000080088d0        0x0 linker stubs

.v4_bx          0x00000000080088d0        0x0
 .v4_bx         0x00000000080088d0        0x0 linker stubs

.iplt           0x00000000080088d0        0x0
 .iplt          0x00000000080088d0        0x0 c:/program files/st/stm32cubeide_1.9.0/stm32cubeide/plugins/com.st.stm32cube.ide.mcu.externaltools.gnu-tools-for-stm32.10.3-2021.10.win32_1.0.0.202111181127/tools/bin/../lib/gcc/arm-none-eabi/10.3.1/thumb/v7e-m+fp/hard/crtbegin.o

.rodata         0x00000000080088d0      0x18c
                0x00000000080088d0                . = ALIGN (0x4)
 *(.rodata)
 .rodata        0x00000000080088d0       0x29 ./Core/USB_DEVICE/App/usbd_audio.o
 *fill*         0x00000000080088f9        0x3 
 .rodata        0x00000000080088fc       0x48 ./Core/USB_DEVICE/App/usbd_desc.o
 .rodata        0x0000000008008944       0x3d ./Drivers/STM32_USB_Device_Library/Core/Src/usbd_core.o
 *(.rodata*)
 *fill*         0x0000000008008981        0x3 
 .rodata.AHBPrescTable
                0x0000000008008984       0x10 ./Core/Src/system_stm32f4xx.o
                0x0000000008008984                AHBPrescTable
 .rodata.APBPrescTable
                0x0000000008008994        0x8 ./Core/Src/system_stm32f4xx.o
                0x0000000008008994                APBPrescTable
 .rodata.__FUNCTION__.1
                0x000000000800899c       0x11 ./Core/USB_DEVICE/App/usbd_audio.o
 *fill*         0x00000000080089ad        0x3 
 .rodata.__FUNCTION__.0
                0x00000000080089b0       0x13 ./Core/USB_DEVICE/App/usbd_audio.o
 *fill*         0x00000000080089c3        0x1 
 .rodata._global_impure_ptr
                0x00000000080089c4        0x4 c:/program files/st/stm32cubeide_1.9.0/stm32cubeide/plugins/com.st.stm32cube.ide.mcu.externaltools.gnu-tools-for-stm32.10.3-2021.10.win32_1.0.0.202111181127/tools/bin/../lib/gcc/arm-none-eabi/10.3.1/../../../../arm-none-eabi/lib/thumb/v7e-m+fp/hard\libc_nano.a(lib_a-impure.o)
                0x00000000080089c4                _global_impure_ptr
 .rodata.__sf_fake_stderr
                0x00000000080089c8       0x20 c:/program files/st/stm32cubeide_1.9.0/stm32cubeide/plugins/com.st.stm32cube.ide.mcu.externaltools.gnu-tools-for-stm32.10.3-2021.10.win32_1.0.0.202111181127/tools/bin/../lib/gcc/arm-none-eabi/10.3.1/../../../../arm-none-eabi/lib/thumb/v7e-m+fp/hard\libc_nano.a(lib_a-findfp.o)
                0x00000000080089c8                __sf_fake_stderr
 .rodata.__sf_fake_stdin
                0x00000000080089e8       0x20 c:/program files/st/stm32cubeide_1.9.0/stm32cubeide/plugins/com.st.stm32cube.ide.mcu.externaltools.gnu-tools-for-stm32.10.3-2021.10.win32_1.0.0.202111181127/tools/bin/../lib/gcc/arm-none-eabi/10.3.1/../../../../arm-none-eabi/lib/thumb/v7e-m+fp/hard\libc_nano.a(lib_a-findfp.o)
                0x00000000080089e8                __sf_fake_stdin
 .rodata.__sf_fake_stdout
                0x0000000008008a08       0x20 c:/program files/st/stm32cubeide_1.9.0/stm32cubeide/plugins/com.st.stm32cube.ide.mcu.externaltools.gnu-tools-for-stm32.10.3-2021.10.win32_1.0.0.202111181127/tools/bin/../lib/gcc/arm-none-eabi/10.3.1/../../../../arm-none-eabi/lib/thumb/v7e-m+fp/hard\libc_nano.a(lib_a-findfp.o)
                0x0000000008008a08                __sf_fake_stdout
 .rodata._vfprintf_r.str1.1
                0x0000000008008a28       0x11 c:/program files/st/stm32cubeide_1.9.0/stm32cubeide/plugins/com.st.stm32cube.ide.mcu.externaltools.gnu-tools-for-stm32.10.3-2021.10.win32_1.0.0.202111181127/tools/bin/../lib/gcc/arm-none-eabi/10.3.1/../../../../arm-none-eabi/lib/thumb/v7e-m+fp/hard\libc_nano.a(lib_a-nano-vfprintf.o)
 .rodata._printf_i.str1.1
                0x0000000008008a39       0x22 c:/program files/st/stm32cubeide_1.9.0/stm32cubeide/plugins/com.st.stm32cube.ide.mcu.externaltools.gnu-tools-for-stm32.10.3-2021.10.win32_1.0.0.202111181127/tools/bin/../lib/gcc/arm-none-eabi/10.3.1/../../../../arm-none-eabi/lib/thumb/v7e-m+fp/hard\libc_nano.a(lib_a-nano-vfprintf_i.o)
                0x0000000008008a5c                . = ALIGN (0x4)
 *fill*         0x0000000008008a5b        0x1 

.ARM.extab      0x0000000008008a5c        0x0
                0x0000000008008a5c                . = ALIGN (0x4)
 *(.ARM.extab* .gnu.linkonce.armextab.*)
                0x0000000008008a5c                . = ALIGN (0x4)

.ARM            0x0000000008008a5c        0x8
                0x0000000008008a5c                . = ALIGN (0x4)
                0x0000000008008a5c                __exidx_start = .
 *(.ARM.exidx*)
 .ARM.exidx     0x0000000008008a5c        0x8 c:/program files/st/stm32cubeide_1.9.0/stm32cubeide/plugins/com.st.stm32cube.ide.mcu.externaltools.gnu-tools-for-stm32.10.3-2021.10.win32_1.0.0.202111181127/tools/bin/../lib/gcc/arm-none-eabi/10.3.1/thumb/v7e-m+fp/hard\libgcc.a(_udivmoddi4.o)
                0x0000000008008a64                __exidx_end = .
                0x0000000008008a64                . = ALIGN (0x4)

.rel.dyn        0x0000000008008a64        0x0
 .rel.iplt      0x0000000008008a64        0x0 c:/program files/st/stm32cubeide_1.9.0/stm32cubeide/plugins/com.st.stm32cube.ide.mcu.externaltools.gnu-tools-for-stm32.10.3-2021.10.win32_1.0.0.202111181127/tools/bin/../lib/gcc/arm-none-eabi/10.3.1/thumb/v7e-m+fp/hard/crtbegin.o

.preinit_array  0x0000000008008a64        0x0
                0x0000000008008a64                . = ALIGN (0x4)
                0x0000000008008a64                PROVIDE (__preinit_array_start = .)
 *(.preinit_array*)
                0x0000000008008a64                PROVIDE (__preinit_array_end = .)
                0x0000000008008a64                . = ALIGN (0x4)

.init_array     0x0000000008008a64        0x4
                0x0000000008008a64                . = ALIGN (0x4)
                0x0000000008008a64                PROVIDE (__init_array_start = .)
 *(SORT_BY_NAME(.init_array.*))
 *(.init_array*)
 .init_array    0x0000000008008a64        0x4 c:/program files/st/stm32cubeide_1.9.0/stm32cubeide/plugins/com.st.stm32cube.ide.mcu.externaltools.gnu-tools-for-stm32.10.3-2021.10.win32_1.0.0.202111181127/tools/bin/../lib/gcc/arm-none-eabi/10.3.1/thumb/v7e-m+fp/hard/crtbegin.o
                0x0000000008008a68                PROVIDE (__init_array_end = .)
                0x0000000008008a68                . = ALIGN (0x4)

.fini_array     0x0000000008008a68        0x4
                0x0000000008008a68                . = ALIGN (0x4)
                [!provide]                        PROVIDE (__fini_array_start = .)
 *(SORT_BY_NAME(.fini_array.*))
 *(.fini_array*)
 .fini_array    0x0000000008008a68        0x4 c:/program files/st/stm32cubeide_1.9.0/stm32cubeide/plugins/com.st.stm32cube.ide.mcu.externaltools.gnu-tools-for-stm32.10.3-2021.10.win32_1.0.0.202111181127/tools/bin/../lib/gcc/arm-none-eabi/10.3.1/thumb/v7e-m+fp/hard/crtbegin.o
                [!provide]                        PROVIDE (__fini_array_end = .)
                0x0000000008008a6c                . = ALIGN (0x4)
                0x0000000008008a6c                _sidata = LOADADDR (.data)

.data           0x0000000020000000      0x1b4 load address 0x0000000008008a6c
                0x0000000020000000                . = ALIGN (0x4)
                0x0000000020000000                _sdata = .
 *(.data)
 *(.data*)
 .data.SystemCoreClock
                0x0000000020000000        0x4 ./Core/Src/system_stm32f4xx.o
                0x0000000020000000                SystemCoreClock
 .data.USBD_AUDIO
                0x0000000020000004       0x38 ./Core/USB_DEVICE/App/usbd_audio.o
                0x0000000020000004                USBD_AUDIO
 .data.USBD_AUDIO_CfgDesc
                0x000000002000003c       0x94 ./Core/USB_DEVICE/App/usbd_audio.o
 .data.USBD_AUDIO_DeviceQualifierDesc
                0x00000000200000d0        0xa ./Core/USB_DEVICE/App/usbd_audio.o
 .data.AUDIOOutEpAdd
                0x00000000200000da        0x1 ./Core/USB_DEVICE/App/usbd_audio.o
 *fill*         0x00000000200000db        0x1 
 .data.USBD_AUDIO_fops_HS
                0x00000000200000dc       0x1c ./Core/USB_DEVICE/App/usbd_audio_if.o
                0x00000000200000dc                USBD_AUDIO_fops_HS
 .data.HS_Desc  0x00000000200000f8       0x1c ./Core/USB_DEVICE/App/usbd_desc.o
                0x00000000200000f8                HS_Desc
 .data.USBD_HS_DeviceDesc
                0x0000000020000114       0x12 ./Core/USB_DEVICE/App/usbd_desc.o
                0x0000000020000114                USBD_HS_DeviceDesc
 *fill*         0x0000000020000126        0x2 
 .data.USBD_LangIDDesc
                0x0000000020000128        0x4 ./Core/USB_DEVICE/App/usbd_desc.o
                0x0000000020000128                USBD_LangIDDesc
 .data.USBD_StringSerial
                0x000000002000012c       0x1a ./Core/USB_DEVICE/App/usbd_desc.o
                0x000000002000012c                USBD_StringSerial
 *fill*         0x0000000020000146        0x2 
 .data.uwTickPrio
                0x0000000020000148        0x4 ./Drivers/STM32F4xx_HAL_Driver/Src/stm32f4xx_hal.o
                0x0000000020000148                uwTickPrio
 .data.uwTickFreq
                0x000000002000014c        0x1 ./Drivers/STM32F4xx_HAL_Driver/Src/stm32f4xx_hal.o
                0x000000002000014c                uwTickFreq
 *fill*         0x000000002000014d        0x3 
 .data._impure_ptr
                0x0000000020000150        0x4 c:/program files/st/stm32cubeide_1.9.0/stm32cubeide/plugins/com.st.stm32cube.ide.mcu.externaltools.gnu-tools-for-stm32.10.3-2021.10.win32_1.0.0.202111181127/tools/bin/../lib/gcc/arm-none-eabi/10.3.1/../../../../arm-none-eabi/lib/thumb/v7e-m+fp/hard\libc_nano.a(lib_a-impure.o)
                0x0000000020000150                _impure_ptr
 .data.impure_data
                0x0000000020000154       0x60 c:/program files/st/stm32cubeide_1.9.0/stm32cubeide/plugins/com.st.stm32cube.ide.mcu.externaltools.gnu-tools-for-stm32.10.3-2021.10.win32_1.0.0.202111181127/tools/bin/../lib/gcc/arm-none-eabi/10.3.1/../../../../arm-none-eabi/lib/thumb/v7e-m+fp/hard\libc_nano.a(lib_a-impure.o)
 *(.RamFunc)
 *(.RamFunc*)
                0x00000000200001b4                . = ALIGN (0x4)
                0x00000000200001b4                _edata = .

.igot.plt       0x00000000200001b4        0x0 load address 0x0000000008008c20
 .igot.plt      0x00000000200001b4        0x0 c:/program files/st/stm32cubeide_1.9.0/stm32cubeide/plugins/com.st.stm32cube.ide.mcu.externaltools.gnu-tools-for-stm32.10.3-2021.10.win32_1.0.0.202111181127/tools/bin/../lib/gcc/arm-none-eabi/10.3.1/thumb/v7e-m+fp/hard/crtbegin.o
                0x00000000200001b4                . = ALIGN (0x4)

.bss            0x00000000200001b4     0x466c load address 0x0000000008008c20
                0x00000000200001b4                _sbss = .
                0x00000000200001b4                __bss_start__ = _sbss
 *(.bss)
 .bss           0x00000000200001b4       0x1c c:/program files/st/stm32cubeide_1.9.0/stm32cubeide/plugins/com.st.stm32cube.ide.mcu.externaltools.gnu-tools-for-stm32.10.3-2021.10.win32_1.0.0.202111181127/tools/bin/../lib/gcc/arm-none-eabi/10.3.1/thumb/v7e-m+fp/hard/crtbegin.o
 *(.bss*)
 .bss.hpcd_USB_OTG_HS
                0x00000000200001d0      0x50c ./Core/Src/main.o
                0x00000000200001d0                hpcd_USB_OTG_HS
 .bss.__sbrk_heap_end
                0x00000000200006dc        0x4 ./Core/Src/sysmem.o
 .bss.hUsbDeviceHS
                0x00000000200006e0      0x2dc ./Core/USB_DEVICE/App/usb_device.o
                0x00000000200006e0                hUsbDeviceHS
 .bss.USBD_StrDesc
                0x00000000200009bc      0x200 ./Core/USB_DEVICE/App/usbd_desc.o
                0x00000000200009bc                USBD_StrDesc
 .bss.mem.0     0x0000000020000bbc     0x3c50 ./Core/USB_DEVICE/Target/usbd_conf.o
 .bss.uwTick    0x000000002000480c        0x4 ./Drivers/STM32F4xx_HAL_Driver/Src/stm32f4xx_hal.o
                0x000000002000480c                uwTick
 .bss.cfgidx.0  0x0000000020004810        0x1 ./Drivers/STM32_USB_Device_Library/Core/Src/usbd_ctlreq.o
 .bss.__lock___malloc_recursive_mutex
                0x0000000020004811        0x1 c:/program files/st/stm32cubeide_1.9.0/stm32cubeide/plugins/com.st.stm32cube.ide.mcu.externaltools.gnu-tools-for-stm32.10.3-2021.10.win32_1.0.0.202111181127/tools/bin/../lib/gcc/arm-none-eabi/10.3.1/../../../../arm-none-eabi/lib/thumb/v7e-m+fp/hard\libc_nano.a(lib_a-lock.o)
                0x0000000020004811                __lock___malloc_recursive_mutex
 .bss.__lock___sfp_recursive_mutex
                0x0000000020004812        0x1 c:/program files/st/stm32cubeide_1.9.0/stm32cubeide/plugins/com.st.stm32cube.ide.mcu.externaltools.gnu-tools-for-stm32.10.3-2021.10.win32_1.0.0.202111181127/tools/bin/../lib/gcc/arm-none-eabi/10.3.1/../../../../arm-none-eabi/lib/thumb/v7e-m+fp/hard\libc_nano.a(lib_a-lock.o)
                0x0000000020004812                __lock___sfp_recursive_mutex
 .bss.__lock___sinit_recursive_mutex
                0x0000000020004813        0x1 c:/program files/st/stm32cubeide_1.9.0/stm32cubeide/plugins/com.st.stm32cube.ide.mcu.externaltools.gnu-tools-for-stm32.10.3-2021.10.win32_1.0.0.202111181127/tools/bin/../lib/gcc/arm-none-eabi/10.3.1/../../../../arm-none-eabi/lib/thumb/v7e-m+fp/hard\libc_nano.a(lib_a-lock.o)
                0x0000000020004813                __lock___sinit_recursive_mutex
 .bss.__malloc_free_list
                0x0000000020004814        0x4 c:/program files/st/stm32cubeide_1.9.0/stm32cubeide/plugins/com.st.stm32cube.ide.mcu.externaltools.gnu-tools-for-stm32.10.3-2021.10.win32_1.0.0.202111181127/tools/bin/../lib/gcc/arm-none-eabi/10.3.1/../../../../arm-none-eabi/lib/thumb/v7e-m+fp/hard\libc_nano.a(lib_a-nano-mallocr.o)
                0x0000000020004814                __malloc_free_list
 .bss.__malloc_sbrk_start
                0x0000000020004818        0x4 c:/program files/st/stm32cubeide_1.9.0/stm32cubeide/plugins/com.st.stm32cube.ide.mcu.externaltools.gnu-tools-for-stm32.10.3-2021.10.win32_1.0.0.202111181127/tools/bin/../lib/gcc/arm-none-eabi/10.3.1/../../../../arm-none-eabi/lib/thumb/v7e-m+fp/hard\libc_nano.a(lib_a-nano-mallocr.o)
                0x0000000020004818                __malloc_sbrk_start
 .bss.errno     0x000000002000481c        0x4 c:/program files/st/stm32cubeide_1.9.0/stm32cubeide/plugins/com.st.stm32cube.ide.mcu.externaltools.gnu-tools-for-stm32.10.3-2021.10.win32_1.0.0.202111181127/tools/bin/../lib/gcc/arm-none-eabi/10.3.1/../../../../arm-none-eabi/lib/thumb/v7e-m+fp/hard\libc_nano.a(lib_a-reent.o)
                0x000000002000481c                errno
 *(COMMON)
                0x0000000020004820                . = ALIGN (0x4)
                0x0000000020004820                _ebss = .
                0x0000000020004820                __bss_end__ = _ebss

._user_heap_stack
                0x0000000020004820      0x600 load address 0x0000000008008c20
                0x0000000020004820                . = ALIGN (0x8)
                [!provide]                        PROVIDE (end = .)
                0x0000000020004820                PROVIDE (_end = .)
                0x0000000020004a20                . = (. + _Min_Heap_Size)
 *fill*         0x0000000020004820      0x200 
                0x0000000020004e20                . = (. + _Min_Stack_Size)
 *fill*         0x0000000020004a20      0x400 
                0x0000000020004e20                . = ALIGN (0x8)

/DISCARD/
 libc.a(*)
 libm.a(*)
 libgcc.a(*)

.ARM.attributes
                0x0000000000000000       0x30
 *(.ARM.attributes)
 .ARM.attributes
                0x0000000000000000       0x1e c:/program files/st/stm32cubeide_1.9.0/stm32cubeide/plugins/com.st.stm32cube.ide.mcu.externaltools.gnu-tools-for-stm32.10.3-2021.10.win32_1.0.0.202111181127/tools/bin/../lib/gcc/arm-none-eabi/10.3.1/thumb/v7e-m+fp/hard/crti.o
 .ARM.attributes
                0x000000000000001e       0x34 c:/program files/st/stm32cubeide_1.9.0/stm32cubeide/plugins/com.st.stm32cube.ide.mcu.externaltools.gnu-tools-for-stm32.10.3-2021.10.win32_1.0.0.202111181127/tools/bin/../lib/gcc/arm-none-eabi/10.3.1/thumb/v7e-m+fp/hard/crtbegin.o
 .ARM.attributes
                0x0000000000000052       0x34 ./Core/Src/main.o
 .ARM.attributes
                0x0000000000000086       0x34 ./Core/Src/stm32f4xx_hal_msp.o
 .ARM.attributes
                0x00000000000000ba       0x34 ./Core/Src/stm32f4xx_it.o
 .ARM.attributes
                0x00000000000000ee       0x34 ./Core/Src/syscalls.o
 .ARM.attributes
                0x0000000000000122       0x34 ./Core/Src/sysmem.o
 .ARM.attributes
                0x0000000000000156       0x34 ./Core/Src/system_stm32f4xx.o
 .ARM.attributes
                0x000000000000018a       0x21 ./Core/Startup/startup_stm32f446retx.o
 .ARM.attributes
                0x00000000000001ab       0x34 ./Core/USB_DEVICE/App/usb_device.o
 .ARM.attributes
                0x00000000000001df       0x34 ./Core/USB_DEVICE/App/usbd_audio.o
 .ARM.attributes
                0x0000000000000213       0x34 ./Core/USB_DEVICE/App/usbd_audio_if.o
 .ARM.attributes
                0x0000000000000247       0x34 ./Core/USB_DEVICE/App/usbd_desc.o
 .ARM.attributes
                0x000000000000027b       0x34 ./Core/USB_DEVICE/Target/usbd_conf.o
 .ARM.attributes
                0x00000000000002af       0x34 ./Drivers/STM32F4xx_HAL_Driver/Src/stm32f4xx_hal.o
 .ARM.attributes
                0x00000000000002e3       0x34 ./Drivers/STM32F4xx_HAL_Driver/Src/stm32f4xx_hal_cortex.o
 .ARM.attributes
                0x0000000000000317       0x34 ./Drivers/STM32F4xx_HAL_Driver/Src/stm32f4xx_hal_gpio.o
 .ARM.attributes
                0x000000000000034b       0x34 ./Drivers/STM32F4xx_HAL_Driver/Src/stm32f4xx_hal_pcd.o
 .ARM.attributes
                0x000000000000037f       0x34 ./Drivers/STM32F4xx_HAL_Driver/Src/stm32f4xx_hal_pcd_ex.o
 .ARM.attributes
                0x00000000000003b3       0x34 ./Drivers/STM32F4xx_HAL_Driver/Src/stm32f4xx_hal_rcc.o
 .ARM.attributes
                0x00000000000003e7       0x34 ./Drivers/STM32F4xx_HAL_Driver/Src/stm32f4xx_ll_gpio.o
 .ARM.attributes
                0x000000000000041b       0x34 ./Drivers/STM32F4xx_HAL_Driver/Src/stm32f4xx_ll_rcc.o
 .ARM.attributes
                0x000000000000044f       0x34 ./Drivers/STM32F4xx_HAL_Driver/Src/stm32f4xx_ll_usart.o
 .ARM.attributes
                0x0000000000000483       0x34 ./Drivers/STM32F4xx_HAL_Driver/Src/stm32f4xx_ll_usb.o
 .ARM.attributes
                0x00000000000004b7       0x34 ./Drivers/STM32F4xx_HAL_Driver/Src/stm32f4xx_ll_utils.o
 .ARM.attributes
                0x00000000000004eb       0x34 ./Drivers/STM32_USB_Device_Library/Core/Src/usbd_core.o
 .ARM.attributes
                0x000000000000051f       0x34 ./Drivers/STM32_USB_Device_Library/Core/Src/usbd_ctlreq.o
 .ARM.attributes
                0x0000000000000553       0x34 ./Drivers/STM32_USB_Device_Library/Core/Src/usbd_ioreq.o
 .ARM.attributes
                0x0000000000000587       0x34 c:/program files/st/stm32cubeide_1.9.0/stm32cubeide/plugins/com.st.stm32cube.ide.mcu.externaltools.gnu-tools-for-stm32.10.3-2021.10.win32_1.0.0.202111181127/tools/bin/../lib/gcc/arm-none-eabi/10.3.1/../../../../arm-none-eabi/lib/thumb/v7e-m+fp/hard\libc_nano.a(lib_a-errno.o)
 .ARM.attributes