../Drivers/STM32F4xx_HAL_Driver/Inc/stm32f4xx_ll_usart.h:435:26:LL_USART_IsEnabled	16	static
../Drivers/STM32F4xx_HAL_Driver/Inc/stm32f4xx_ll_usart.h:776:22:LL_USART_DisableSCLKOutput	16	static
../Drivers/STM32F4xx_HAL_Driver/Inc/stm32f4xx_ll_usart.h:805:22:LL_USART_SetStopBitsLength	16	static
../Drivers/STM32F4xx_HAL_Driver/Inc/stm32f4xx_ll_usart.h:949:22:LL_USART_SetHWFlowCtrl	16	static
../Drivers/STM32F4xx_HAL_Driver/Inc/stm32f4xx_ll_usart.h:1020:22:LL_USART_SetBaudRate	288	static
../Drivers/STM32F4xx_HAL_Driver/Inc/stm32f4xx_ll_bus.h:1409:22:LL_APB1_GRP1_ForceReset	16	static
../Drivers/STM32F4xx_HAL_Driver/Inc/stm32f4xx_ll_bus.h:1481:22:LL_APB1_GRP1_ReleaseReset	16	static
../Drivers/STM32F4xx_HAL_Driver/Inc/stm32f4xx_ll_bus.h:1889:22:LL_APB2_GRP1_ForceReset	16	static
../Drivers/STM32F4xx_HAL_Driver/Inc/stm32f4xx_ll_bus.h:1947:22:LL_APB2_GRP1_ReleaseReset	16	static
../Drivers/STM32F4xx_HAL_Driver/Src/stm32f4xx_ll_usart.c:124:13:LL_USART_DeInit	24	static
../Drivers/STM32F4xx_HAL_Driver/Src/stm32f4xx_ll_usart.c:248:13:LL_USART_Init	40	static
../Drivers/STM32F4xx_HAL_Driver/Src/stm32f4xx_ll_usart.c:388:6:LL_USART_StructInit	16	static
../Drivers/STM32F4xx_HAL_Driver/Src/stm32f4xx_ll_usart.c:412:13:LL_USART_ClockInit	24	static
../Drivers/STM32F4xx_HAL_Driver/Src/stm32f4xx_ll_usart.c:471:6:LL_USART_ClockStructInit	16	static
