../Drivers/STM32F4xx_HAL_Driver/Inc/stm32f4xx_ll_gpio.h:881:22:LL_GPIO_SetOutputPin	16	static
../Drivers/STM32F4xx_HAL_Driver/Inc/stm32f4xx_ll_gpio.h:910:22:LL_GPIO_ResetOutputPin	16	static
../Drivers/STM32F4xx_HAL_Driver/Inc/stm32f4xx_ll_gpio.h:939:22:LL_GPIO_TogglePin	24	static
../Core/USB_DEVICE/App/usbd_audio.c:176:16:USBD_AUDIO_PrepareOUT	32	static
../Core/USB_DEVICE/App/usbd_audio.c:198:16:USBD_AUDIO_Init	32	static
../Core/USB_DEVICE/App/usbd_audio.c:258:16:USBD_AUDIO_DeInit	16	static
../Core/USB_DEVICE/App/usbd_audio.c:289:16:USBD_AUDIO_Setup	40	static
../Core/USB_DEVICE/App/usbd_audio.c:418:17:USBD_AUDIO_GetCfgDesc	16	static
../Core/USB_DEVICE/App/usbd_audio.c:433:16:USBD_AUDIO_DataIn	16	static
../Core/USB_DEVICE/App/usbd_audio.c:450:16:USBD_AUDIO_EP0_RxReady	24	static
../Core/USB_DEVICE/App/usbd_audio.c:478:16:USBD_AUDIO_EP0_TxReady	16	static
../Core/USB_DEVICE/App/usbd_audio.c:489:16:USBD_AUDIO_SOF	24	static
../Core/USB_DEVICE/App/usbd_audio.c:509:6:USBD_AUDIO_Sync	24	static
../Core/USB_DEVICE/App/usbd_audio.c:537:16:USBD_AUDIO_IsoINIncomplete	16	static
../Core/USB_DEVICE/App/usbd_audio.c:553:16:USBD_AUDIO_IsoOutIncomplete	16	static
../Core/USB_DEVICE/App/usbd_audio.c:569:16:USBD_AUDIO_DataOut	24	static
../Core/USB_DEVICE/App/usbd_audio.c:612:13:AUDIO_REQ_GetCurrent	24	static
../Core/USB_DEVICE/App/usbd_audio.c:636:13:AUDIO_REQ_SetCurrent	24	static
../Core/USB_DEVICE/App/usbd_audio.c:657:13:AUDIO_REQ_GetRange	24	static
../Core/USB_DEVICE/App/usbd_audio.c:704:17:USBD_AUDIO_GetDeviceQualifierDesc	16	static
../Core/USB_DEVICE/App/usbd_audio.c:717:9:USBD_AUDIO_RegisterInterface	16	static
../Core/USB_DEVICE/App/usbd_audio.c:737:14:USBD_AUDIO_GetAudioHeaderDesc	32	static
