../Core/USB_DEVICE/App/usbd_audio.c:532:16:USBD_AUDIO_Init	24	static
../Core/USB_DEVICE/App/usbd_audio.c:595:16:USBD_AUDIO_DeInit	16	static
../Core/USB_DEVICE/App/usbd_audio.c:628:16:USBD_AUDIO_Setup	32	static
../Core/USB_DEVICE/App/usbd_audio.c:757:17:USBD_AUDIO_GetCfgDesc	16	static
../Core/USB_DEVICE/App/usbd_audio.c:771:16:USBD_AUDIO_DataIn	16	static
../Core/USB_DEVICE/App/usbd_audio.c:786:16:USBD_AUDIO_EP0_RxReady	24	static
../Core/USB_DEVICE/App/usbd_audio.c:816:16:USBD_AUDIO_EP0_TxReady	16	static
../Core/USB_DEVICE/App/usbd_audio.c:829:16:USBD_AUDIO_SOF	16	static
../Core/USB_DEVICE/App/usbd_audio.c:843:6:USBD_AUDIO_Sync	24	static
../Core/USB_DEVICE/App/usbd_audio.c:912:16:USBD_AUDIO_IsoINIncomplete	16	static
../Core/USB_DEVICE/App/usbd_audio.c:926:16:USBD_AUDIO_IsoOutIncomplete	16	static
../Core/USB_DEVICE/App/usbd_audio.c:940:16:USBD_AUDIO_DataOut	24	static
../Core/USB_DEVICE/App/usbd_audio.c:1007:13:AUDIO_REQ_GetCurrent	24	static
../Core/USB_DEVICE/App/usbd_audio.c:1031:13:AUDIO_REQ_SetCurrent	24	static
../Core/USB_DEVICE/App/usbd_audio.c:1052:13:AUDIO_REQ_GetRange	24	static
../Core/USB_DEVICE/App/usbd_audio.c:1099:17:USBD_AUDIO_GetDeviceQualifierDesc	16	static
../Core/USB_DEVICE/App/usbd_audio.c:1112:9:USBD_AUDIO_RegisterInterface	16	static
../Core/USB_DEVICE/App/usbd_audio.c:1155:14:USBD_AUDIO_GetAudioHeaderDesc	32	static
