../Core/USB_DEVICE/App/usbd_audio_if.c:153:15:AUDIO_Init_HS	24	static
../Core/USB_DEVICE/App/usbd_audio_if.c:168:15:AUDIO_DeInit_HS	16	static
../Core/USB_DEVICE/App/usbd_audio_if.c:183:15:AUDIO_AudioCmd_HS	24	static
../Core/USB_DEVICE/App/usbd_audio_if.c:206:15:AUDIO_VolumeCtl_HS	16	static
../Core/USB_DEVICE/App/usbd_audio_if.c:219:15:AUDIO_MuteCtl_HS	16	static
../Core/USB_DEVICE/App/usbd_audio_if.c:232:15:AUDIO_PeriodicTC_HS	24	static
../Core/USB_DEVICE/App/usbd_audio_if.c:246:15:AUDIO_GetState_HS	4	static
../Core/USB_DEVICE/App/usbd_audio_if.c:257:6:TransferComplete_CallBack_HS	8	static
../Core/USB_DEVICE/App/usbd_audio_if.c:268:6:HalfTransfer_CallBack_HS	8	static
