../Drivers/STM32F4xx_HAL_Driver/Inc/stm32f4xx_ll_tim.h:1124:22:LL_TIM_EnableCounter	16	static
../Drivers/STM32F4xx_HAL_Driver/Inc/stm32f4xx_ll_gpio.h:881:22:LL_GPIO_SetOutputPin	16	static
../Drivers/STM32F4xx_HAL_Driver/Inc/stm32f4xx_ll_gpio.h:910:22:LL_GPIO_ResetOutputPin	16	static
../Core/USB_DEVICE/App/usbd_audio_if.c:157:15:AUDIO_Init_HS	24	static
../Core/USB_DEVICE/App/usbd_audio_if.c:172:15:AUDIO_DeInit_HS	16	static
../Core/USB_DEVICE/App/usbd_audio_if.c:188:15:AUDIO_AudioCmd_HS	24	static
../Core/USB_DEVICE/App/usbd_audio_if.c:218:15:AUDIO_VolumeCtl_HS	16	static
../Core/USB_DEVICE/App/usbd_audio_if.c:232:15:AUDIO_MuteCtl_HS	16	static
../Core/USB_DEVICE/App/usbd_audio_if.c:246:15:AUDIO_PeriodicTC_HS	24	static
../Core/USB_DEVICE/App/usbd_audio_if.c:260:15:AUDIO_GetState_HS	4	static
../Core/USB_DEVICE/App/usbd_audio_if.c:271:6:TransferComplete_CallBack_HS	8	static
../Core/USB_DEVICE/App/usbd_audio_if.c:284:6:HalfTransfer_CallBack_HS	4	static
