../Core/USB_DEVICE/App/usbd_audio.c:516:16:USBD_AUDIO_Init	24	static
../Core/USB_DEVICE/App/usbd_audio.c:579:16:USBD_AUDIO_DeInit	16	static
../Core/USB_DEVICE/App/usbd_audio.c:612:16:USBD_AUDIO_Setup	32	static
../Core/USB_DEVICE/App/usbd_audio.c:738:17:USBD_AUDIO_GetCfgDesc	16	static
../Core/USB_DEVICE/App/usbd_audio.c:752:16:USBD_AUDIO_DataIn	16	static
../Core/USB_DEVICE/App/usbd_audio.c:767:16:USBD_AUDIO_EP0_RxReady	24	static
../Core/USB_DEVICE/App/usbd_audio.c:797:16:USBD_AUDIO_EP0_TxReady	16	static
../Core/USB_DEVICE/App/usbd_audio.c:810:16:USBD_AUDIO_SOF	16	static
../Core/USB_DEVICE/App/usbd_audio.c:824:6:USBD_AUDIO_Sync	24	static
../Core/USB_DEVICE/App/usbd_audio.c:893:16:USBD_AUDIO_IsoINIncomplete	16	static
../Core/USB_DEVICE/App/usbd_audio.c:907:16:USBD_AUDIO_IsoOutIncomplete	16	static
../Core/USB_DEVICE/App/usbd_audio.c:921:16:USBD_AUDIO_DataOut	24	static
../Core/USB_DEVICE/App/usbd_audio.c:988:13:AUDIO_REQ_GetCurrent	24	static
../Core/USB_DEVICE/App/usbd_audio.c:1012:13:AUDIO_REQ_SetCurrent	24	static
../Core/USB_DEVICE/App/usbd_audio.c:1040:17:USBD_AUDIO_GetDeviceQualifierDesc	16	static
../Core/USB_DEVICE/App/usbd_audio.c:1053:9:USBD_AUDIO_RegisterInterface	16	static
../Core/USB_DEVICE/App/usbd_audio.c:1096:14:USBD_AUDIO_GetAudioHeaderDesc	32	static
