../Drivers/STM32F4xx_HAL_Driver/Inc/stm32f4xx_ll_tim.h:3182:22:LL_TIM_ClearFlag_UPDATE	16	static
../Core/Src/stm32f4xx_it.c:67:6:NMI_Handler	4	static
../Core/Src/stm32f4xx_it.c:82:6:HardFault_Handler	4	static
../Core/Src/stm32f4xx_it.c:97:6:MemManage_Handler	4	static
../Core/Src/stm32f4xx_it.c:112:6:BusFault_Handler	4	static
../Core/Src/stm32f4xx_it.c:127:6:UsageFault_Handler	4	static
../Core/Src/stm32f4xx_it.c:142:6:SVC_Handler	4	static
../Core/Src/stm32f4xx_it.c:155:6:DebugMon_Handler	4	static
../Core/Src/stm32f4xx_it.c:168:6:PendSV_Handler	4	static
../Core/Src/stm32f4xx_it.c:181:6:SysTick_Handler	8	static
../Core/Src/stm32f4xx_it.c:202:6:TIM3_IRQHandler	8	static
../Core/Src/stm32f4xx_it.c:216:6:OTG_HS_IRQHandler	8	static
